app/(admin)/_layout.tsx(11,13): error TS2769: No overload matches this call.
  Overload 1 of 2, '(props: ViewProps): View', gave the following error.
    Type '{ children: Element; className: string; }' is not assignable to type 'IntrinsicAttributes & IntrinsicClassAttributes<View> & Readonly<ViewProps>'.
      Property 'className' does not exist on type 'IntrinsicAttributes & IntrinsicClassAttributes<View> & Readonly<ViewProps>'.
  Overload 2 of 2, '(props: ViewProps, context: any): View', gave the following error.
    Type '{ children: Element; className: string; }' is not assignable to type 'IntrinsicAttributes & IntrinsicClassAttributes<View> & Readonly<ViewProps>'.
      Property 'className' does not exist on type 'IntrinsicAttributes & IntrinsicClassAttributes<View> & Readonly<ViewProps>'.
app/(admin)/_layout.tsx(12,44): error TS2322: Type '{ size: number; color: string; className: string; }' is not assignable to type 'IntrinsicAttributes & LucideProps'.
  Property 'className' does not exist on type 'IntrinsicAttributes & LucideProps'.
app/(admin)/index.tsx(60,11): error TS2769: No overload matches this call.
  Overload 1 of 2, '(props: ViewProps): View', gave the following error.
    Type '{ children: Element[]; className: string; }' is not assignable to type 'IntrinsicAttributes & IntrinsicClassAttributes<View> & Readonly<ViewProps>'.
      Property 'className' does not exist on type 'IntrinsicAttributes & IntrinsicClassAttributes<View> & Readonly<ViewProps>'.
  Overload 2 of 2, '(props: ViewProps, context: any): View', gave the following error.
    Type '{ children: Element[]; className: string; }' is not assignable to type 'IntrinsicAttributes & IntrinsicClassAttributes<View> & Readonly<ViewProps>'.
      Property 'className' does not exist on type 'IntrinsicAttributes & IntrinsicClassAttributes<View> & Readonly<ViewProps>'.
app/(admin)/index.tsx(61,13): error TS2769: No overload matches this call.
  Overload 1 of 2, '(props: ViewProps): View', gave the following error.
    Type '{ children: Element[]; className: string; }' is not assignable to type 'IntrinsicAttributes & IntrinsicClassAttributes<View> & Readonly<ViewProps>'.
      Property 'className' does not exist on type 'IntrinsicAttributes & IntrinsicClassAttributes<View> & Readonly<ViewProps>'.
  Overload 2 of 2, '(props: ViewProps, context: any): View', gave the following error.
    Type '{ children: Element[]; className: string; }' is not assignable to type 'IntrinsicAttributes & IntrinsicClassAttributes<View> & Readonly<ViewProps>'.
      Property 'className' does not exist on type 'IntrinsicAttributes & IntrinsicClassAttributes<View> & Readonly<ViewProps>'.
app/(admin)/index.tsx(62,15): error TS2769: No overload matches this call.
  Overload 1 of 2, '(props: ViewProps): View', gave the following error.
    Type '{ children: Element[]; className: string; }' is not assignable to type 'IntrinsicAttributes & IntrinsicClassAttributes<View> & Readonly<ViewProps>'.
      Property 'className' does not exist on type 'IntrinsicAttributes & IntrinsicClassAttributes<View> & Readonly<ViewProps>'.
  Overload 2 of 2, '(props: ViewProps, context: any): View', gave the following error.
    Type '{ children: Element[]; className: string; }' is not assignable to type 'IntrinsicAttributes & IntrinsicClassAttributes<View> & Readonly<ViewProps>'.
      Property 'className' does not exist on type 'IntrinsicAttributes & IntrinsicClassAttributes<View> & Readonly<ViewProps>'.
app/(admin)/index.tsx(65,13): error TS2769: No overload matches this call.
  Overload 1 of 2, '(props: TouchableOpacityProps): TouchableOpacity', gave the following error.
    Type '{ children: Element; onPress: () => void; className: string; }' is not assignable to type 'IntrinsicAttributes & IntrinsicClassAttributes<TouchableOpacity> & Readonly<TouchableOpacityProps>'.
      Property 'className' does not exist on type 'IntrinsicAttributes & IntrinsicClassAttributes<TouchableOpacity> & Readonly<TouchableOpacityProps>'.
  Overload 2 of 2, '(props: TouchableOpacityProps, context: any): TouchableOpacity', gave the following error.
    Type '{ children: Element; onPress: () => void; className: string; }' is not assignable to type 'IntrinsicAttributes & IntrinsicClassAttributes<TouchableOpacity> & Readonly<TouchableOpacityProps>'.
      Property 'className' does not exist on type 'IntrinsicAttributes & IntrinsicClassAttributes<TouchableOpacity> & Readonly<TouchableOpacityProps>'.
app/(admin)/index.tsx(70,19): error TS2769: No overload matches this call.
  Overload 1 of 2, '(props: TextProps): Text', gave the following error.
    Type '{ children: string; className: string; }' is not assignable to type 'IntrinsicAttributes & IntrinsicClassAttributes<Text> & Readonly<TextProps>'.
      Property 'className' does not exist on type 'IntrinsicAttributes & IntrinsicClassAttributes<Text> & Readonly<TextProps>'.
  Overload 2 of 2, '(props: TextProps, context: any): Text', gave the following error.
    Type '{ children: string; className: string; }' is not assignable to type 'IntrinsicAttributes & IntrinsicClassAttributes<Text> & Readonly<TextProps>'.
      Property 'className' does not exist on type 'IntrinsicAttributes & IntrinsicClassAttributes<Text> & Readonly<TextProps>'.
app/(admin)/index.tsx(71,19): error TS2769: No overload matches this call.
  Overload 1 of 2, '(props: TextProps): Text', gave the following error.
    Type '{ children: string; className: string; }' is not assignable to type 'IntrinsicAttributes & IntrinsicClassAttributes<Text> & Readonly<TextProps>'.
      Property 'className' does not exist on type 'IntrinsicAttributes & IntrinsicClassAttributes<Text> & Readonly<TextProps>'.
  Overload 2 of 2, '(props: TextProps, context: any): Text', gave the following error.
    Type '{ children: string; className: string; }' is not assignable to type 'IntrinsicAttributes & IntrinsicClassAttributes<Text> & Readonly<TextProps>'.
      Property 'className' does not exist on type 'IntrinsicAttributes & IntrinsicClassAttributes<Text> & Readonly<TextProps>'.
app/(admin)/index.tsx(74,15): error TS2769: No overload matches this call.
  Overload 1 of 2, '(props: ViewProps): View', gave the following error.
    Type '{ children: Element; className: string; }' is not assignable to type 'IntrinsicAttributes & IntrinsicClassAttributes<View> & Readonly<ViewProps>'.
      Property 'className' does not exist on type 'IntrinsicAttributes & IntrinsicClassAttributes<View> & Readonly<ViewProps>'.
  Overload 2 of 2, '(props: ViewProps, context: any): View', gave the following error.
    Type '{ children: Element; className: string; }' is not assignable to type 'IntrinsicAttributes & IntrinsicClassAttributes<View> & Readonly<ViewProps>'.
      Property 'className' does not exist on type 'IntrinsicAttributes & IntrinsicClassAttributes<View> & Readonly<ViewProps>'.
app/(admin)/index.tsx(79,19): error TS2769: No overload matches this call.
  Overload 1 of 2, '(props: ScrollViewProps): ScrollView', gave the following error.
    Type '{ children: Element; className: string; }' is not assignable to type 'IntrinsicAttributes & IntrinsicClassAttributes<ScrollView> & Readonly<ScrollViewProps>'.
      Property 'className' does not exist on type 'IntrinsicAttributes & IntrinsicClassAttributes<ScrollView> & Readonly<ScrollViewProps>'.
  Overload 2 of 2, '(props: ScrollViewProps, context: any): ScrollView', gave the following error.
    Type '{ children: Element; className: string; }' is not assignable to type 'IntrinsicAttributes & IntrinsicClassAttributes<ScrollView> & Readonly<ScrollViewProps>'.
      Property 'className' does not exist on type 'IntrinsicAttributes & IntrinsicClassAttributes<ScrollView> & Readonly<ScrollViewProps>'.
app/(admin)/index.tsx(80,15): error TS2769: No overload matches this call.
  Overload 1 of 2, '(props: ViewProps): View', gave the following error.
    Type '{ children: Element[]; className: string; }' is not assignable to type 'IntrinsicAttributes & IntrinsicClassAttributes<View> & Readonly<ViewProps>'.
      Property 'className' does not exist on type 'IntrinsicAttributes & IntrinsicClassAttributes<View> & Readonly<ViewProps>'.
  Overload 2 of 2, '(props: ViewProps, context: any): View', gave the following error.
    Type '{ children: Element[]; className: string; }' is not assignable to type 'IntrinsicAttributes & IntrinsicClassAttributes<View> & Readonly<ViewProps>'.
      Property 'className' does not exist on type 'IntrinsicAttributes & IntrinsicClassAttributes<View> & Readonly<ViewProps>'.
app/(admin)/index.tsx(82,34): error TS2769: No overload matches this call.
  Overload 1 of 2, '(props: ViewProps): View', gave the following error.
    Type '{ children: (false | Element)[]; key: string; className: string; }' is not assignable to type 'IntrinsicAttributes & IntrinsicClassAttributes<View> & Readonly<ViewProps>'.
      Property 'className' does not exist on type 'IntrinsicAttributes & IntrinsicClassAttributes<View> & Readonly<ViewProps>'.
  Overload 2 of 2, '(props: ViewProps, context: any): View', gave the following error.
    Type '{ children: (false | Element)[]; key: string; className: string; }' is not assignable to type 'IntrinsicAttributes & IntrinsicClassAttributes<View> & Readonly<ViewProps>'.
      Property 'className' does not exist on type 'IntrinsicAttributes & IntrinsicClassAttributes<View> & Readonly<ViewProps>'.
app/(admin)/index.tsx(83,22): error TS2769: No overload matches this call.
  Overload 1 of 2, '(props: ViewProps): View', gave the following error.
    Type '{ className: string; }' is not assignable to type 'IntrinsicAttributes & IntrinsicClassAttributes<View> & Readonly<ViewProps>'.
      Property 'className' does not exist on type 'IntrinsicAttributes & IntrinsicClassAttributes<View> & Readonly<ViewProps>'.
  Overload 2 of 2, '(props: ViewProps, context: any): View', gave the following error.
    Type '{ className: string; }' is not assignable to type 'IntrinsicAttributes & IntrinsicClassAttributes<View> & Readonly<ViewProps>'.
      Property 'className' does not exist on type 'IntrinsicAttributes & IntrinsicClassAttributes<View> & Readonly<ViewProps>'.
app/(admin)/index.tsx(84,53): error TS2769: No overload matches this call.
  Overload 1 of 2, '(props: ViewProps): View', gave the following error.
    Type '{ className: string; }' is not assignable to type 'IntrinsicAttributes & IntrinsicClassAttributes<View> & Readonly<ViewProps>'.
      Property 'className' does not exist on type 'IntrinsicAttributes & IntrinsicClassAttributes<View> & Readonly<ViewProps>'.
  Overload 2 of 2, '(props: ViewProps, context: any): View', gave the following error.
    Type '{ className: string; }' is not assignable to type 'IntrinsicAttributes & IntrinsicClassAttributes<View> & Readonly<ViewProps>'.
      Property 'className' does not exist on type 'IntrinsicAttributes & IntrinsicClassAttributes<View> & Readonly<ViewProps>'.
app/(admin)/index.tsx(85,21): error TS2769: No overload matches this call.
  Overload 1 of 2, '(props: ViewProps): View', gave the following error.
    Type '{ children: Element[]; className: string; }' is not assignable to type 'IntrinsicAttributes & IntrinsicClassAttributes<View> & Readonly<ViewProps>'.
      Property 'className' does not exist on type 'IntrinsicAttributes & IntrinsicClassAttributes<View> & Readonly<ViewProps>'.
  Overload 2 of 2, '(props: ViewProps, context: any): View', gave the following error.
    Type '{ children: Element[]; className: string; }' is not assignable to type 'IntrinsicAttributes & IntrinsicClassAttributes<View> & Readonly<ViewProps>'.
      Property 'className' does not exist on type 'IntrinsicAttributes & IntrinsicClassAttributes<View> & Readonly<ViewProps>'.
app/(admin)/index.tsx(86,23): error TS2769: No overload matches this call.
  Overload 1 of 2, '(props: ViewProps): View', gave the following error.
    Type '{ children: Element[]; className: string; }' is not assignable to type 'IntrinsicAttributes & IntrinsicClassAttributes<View> & Readonly<ViewProps>'.
      Property 'className' does not exist on type 'IntrinsicAttributes & IntrinsicClassAttributes<View> & Readonly<ViewProps>'.
  Overload 2 of 2, '(props: ViewProps, context: any): View', gave the following error.
    Type '{ children: Element[]; className: string; }' is not assignable to type 'IntrinsicAttributes & IntrinsicClassAttributes<View> & Readonly<ViewProps>'.
      Property 'className' does not exist on type 'IntrinsicAttributes & IntrinsicClassAttributes<View> & Readonly<ViewProps>'.
app/(admin)/index.tsx(87,25): error TS2769: No overload matches this call.
  Overload 1 of 2, '(props: TextProps): Text', gave the following error.
    Type '{ children: string[]; className: string; numberOfLines: number; }' is not assignable to type 'IntrinsicAttributes & IntrinsicClassAttributes<Text> & Readonly<TextProps>'.
      Property 'className' does not exist on type 'IntrinsicAttributes & IntrinsicClassAttributes<Text> & Readonly<TextProps>'.
  Overload 2 of 2, '(props: TextProps, context: any): Text', gave the following error.
    Type '{ children: string[]; className: string; numberOfLines: number; }' is not assignable to type 'IntrinsicAttributes & IntrinsicClassAttributes<Text> & Readonly<TextProps>'.
      Property 'className' does not exist on type 'IntrinsicAttributes & IntrinsicClassAttributes<Text> & Readonly<TextProps>'.
app/(admin)/index.tsx(90,25): error TS2769: No overload matches this call.
  Overload 1 of 2, '(props: TextProps): Text', gave the following error.
    Type '{ children: (string | number)[]; className: string; }' is not assignable to type 'IntrinsicAttributes & IntrinsicClassAttributes<Text> & Readonly<TextProps>'.
      Property 'className' does not exist on type 'IntrinsicAttributes & IntrinsicClassAttributes<Text> & Readonly<TextProps>'.
  Overload 2 of 2, '(props: TextProps, context: any): Text', gave the following error.
    Type '{ children: (string | number)[]; className: string; }' is not assignable to type 'IntrinsicAttributes & IntrinsicClassAttributes<Text> & Readonly<TextProps>'.
      Property 'className' does not exist on type 'IntrinsicAttributes & IntrinsicClassAttributes<Text> & Readonly<TextProps>'.
app/(admin)/index.tsx(92,23): error TS2769: No overload matches this call.
  Overload 1 of 2, '(props: ViewProps): View', gave the following error.
    Type '{ children: Element; className: string; }' is not assignable to type 'IntrinsicAttributes & IntrinsicClassAttributes<View> & Readonly<ViewProps>'.
      Property 'className' does not exist on type 'IntrinsicAttributes & IntrinsicClassAttributes<View> & Readonly<ViewProps>'.
  Overload 2 of 2, '(props: ViewProps, context: any): View', gave the following error.
    Type '{ children: Element; className: string; }' is not assignable to type 'IntrinsicAttributes & IntrinsicClassAttributes<View> & Readonly<ViewProps>'.
      Property 'className' does not exist on type 'IntrinsicAttributes & IntrinsicClassAttributes<View> & Readonly<ViewProps>'.
app/(admin)/index.tsx(93,25): error TS2769: No overload matches this call.
  Overload 1 of 2, '(props: TextProps): Text', gave the following error.
    Type '{ children: string; className: string; }' is not assignable to type 'IntrinsicAttributes & IntrinsicClassAttributes<Text> & Readonly<TextProps>'.
      Property 'className' does not exist on type 'IntrinsicAttributes & IntrinsicClassAttributes<Text> & Readonly<TextProps>'.
  Overload 2 of 2, '(props: TextProps, context: any): Text', gave the following error.
    Type '{ children: string; className: string; }' is not assignable to type 'IntrinsicAttributes & IntrinsicClassAttributes<Text> & Readonly<TextProps>'.
      Property 'className' does not exist on type 'IntrinsicAttributes & IntrinsicClassAttributes<Text> & Readonly<TextProps>'.
app/(admin)/index.tsx(99,21): error TS2769: No overload matches this call.
  Overload 1 of 2, '(props: ViewProps): View', gave the following error.
    Type '{ children: (false | Element)[]; className: string; }' is not assignable to type 'IntrinsicAttributes & IntrinsicClassAttributes<View> & Readonly<ViewProps>'.
      Property 'className' does not exist on type 'IntrinsicAttributes & IntrinsicClassAttributes<View> & Readonly<ViewProps>'.
  Overload 2 of 2, '(props: ViewProps, context: any): View', gave the following error.
    Type '{ children: (false | Element)[]; className: string; }' is not assignable to type 'IntrinsicAttributes & IntrinsicClassAttributes<View> & Readonly<ViewProps>'.
      Property 'className' does not exist on type 'IntrinsicAttributes & IntrinsicClassAttributes<View> & Readonly<ViewProps>'.
app/(admin)/index.tsx(102,19): error TS2769: No overload matches this call.
  Overload 1 of 2, '(props: TouchableOpacityProps): TouchableOpacity', gave the following error.
    Type '{ children: Element[]; onPress: () => void; className: string; }' is not assignable to type 'IntrinsicAttributes & IntrinsicClassAttributes<TouchableOpacity> & Readonly<TouchableOpacityProps>'.
      Property 'className' does not exist on type 'IntrinsicAttributes & IntrinsicClassAttributes<TouchableOpacity> & Readonly<TouchableOpacityProps>'.
  Overload 2 of 2, '(props: TouchableOpacityProps, context: any): TouchableOpacity', gave the following error.
    Type '{ children: Element[]; onPress: () => void; className: string; }' is not assignable to type 'IntrinsicAttributes & IntrinsicClassAttributes<TouchableOpacity> & Readonly<TouchableOpacityProps>'.
      Property 'className' does not exist on type 'IntrinsicAttributes & IntrinsicClassAttributes<TouchableOpacity> & Readonly<TouchableOpacityProps>'.
app/(admin)/index.tsx(105,25): error TS2769: No overload matches this call.
  Overload 1 of 2, '(props: TextProps): Text', gave the following error.
    Type '{ children: string; className: string; }' is not assignable to type 'IntrinsicAttributes & IntrinsicClassAttributes<Text> & Readonly<TextProps>'.
      Property 'className' does not exist on type 'IntrinsicAttributes & IntrinsicClassAttributes<Text> & Readonly<TextProps>'.
  Overload 2 of 2, '(props: TextProps, context: any): Text', gave the following error.
    Type '{ children: string; className: string; }' is not assignable to type 'IntrinsicAttributes & IntrinsicClassAttributes<Text> & Readonly<TextProps>'.
      Property 'className' does not exist on type 'IntrinsicAttributes & IntrinsicClassAttributes<Text> & Readonly<TextProps>'.
app/(admin)/index.tsx(111,21): error TS2769: No overload matches this call.
  Overload 1 of 2, '(props: TouchableOpacityProps): TouchableOpacity', gave the following error.
    Type '{ children: Element[]; onPress: () => Promise<void>; className: string; }' is not assignable to type 'IntrinsicAttributes & IntrinsicClassAttributes<TouchableOpacity> & Readonly<TouchableOpacityProps>'.
      Property 'className' does not exist on type 'IntrinsicAttributes & IntrinsicClassAttributes<TouchableOpacity> & Readonly<TouchableOpacityProps>'.
  Overload 2 of 2, '(props: TouchableOpacityProps, context: any): TouchableOpacity', gave the following error.
    Type '{ children: Element[]; onPress: () => Promise<void>; className: string; }' is not assignable to type 'IntrinsicAttributes & IntrinsicClassAttributes<TouchableOpacity> & Readonly<TouchableOpacityProps>'.
      Property 'className' does not exist on type 'IntrinsicAttributes & IntrinsicClassAttributes<TouchableOpacity> & Readonly<TouchableOpacityProps>'.
app/(admin)/index.tsx(114,27): error TS2769: No overload matches this call.
  Overload 1 of 2, '(props: TextProps): Text', gave the following error.
    Type '{ children: string; className: string; }' is not assignable to type 'IntrinsicAttributes & IntrinsicClassAttributes<Text> & Readonly<TextProps>'.
      Property 'className' does not exist on type 'IntrinsicAttributes & IntrinsicClassAttributes<Text> & Readonly<TextProps>'.
  Overload 2 of 2, '(props: TextProps, context: any): Text', gave the following error.
    Type '{ children: string; className: string; }' is not assignable to type 'IntrinsicAttributes & IntrinsicClassAttributes<Text> & Readonly<TextProps>'.
      Property 'className' does not exist on type 'IntrinsicAttributes & IntrinsicClassAttributes<Text> & Readonly<TextProps>'.
app/(admin)/index.tsx(121,21): error TS2769: No overload matches this call.
  Overload 1 of 2, '(props: TouchableOpacityProps): TouchableOpacity', gave the following error.
    Type '{ children: Element[]; onPress: () => Promise<void>; className: string; }' is not assignable to type 'IntrinsicAttributes & IntrinsicClassAttributes<TouchableOpacity> & Readonly<TouchableOpacityProps>'.
      Property 'className' does not exist on type 'IntrinsicAttributes & IntrinsicClassAttributes<TouchableOpacity> & Readonly<TouchableOpacityProps>'.
  Overload 2 of 2, '(props: TouchableOpacityProps, context: any): TouchableOpacity', gave the following error.
    Type '{ children: Element[]; onPress: () => Promise<void>; className: string; }' is not assignable to type 'IntrinsicAttributes & IntrinsicClassAttributes<TouchableOpacity> & Readonly<TouchableOpacityProps>'.
      Property 'className' does not exist on type 'IntrinsicAttributes & IntrinsicClassAttributes<TouchableOpacity> & Readonly<TouchableOpacityProps>'.
app/(admin)/index.tsx(124,27): error TS2769: No overload matches this call.
  Overload 1 of 2, '(props: TextProps): Text', gave the following error.
    Type '{ children: string; className: string; }' is not assignable to type 'IntrinsicAttributes & IntrinsicClassAttributes<Text> & Readonly<TextProps>'.
      Property 'className' does not exist on type 'IntrinsicAttributes & IntrinsicClassAttributes<Text> & Readonly<TextProps>'.
  Overload 2 of 2, '(props: TextProps, context: any): Text', gave the following error.
    Type '{ children: string; className: string; }' is not assignable to type 'IntrinsicAttributes & IntrinsicClassAttributes<Text> & Readonly<TextProps>'.
      Property 'className' does not exist on type 'IntrinsicAttributes & IntrinsicClassAttributes<Text> & Readonly<TextProps>'.
app/(admin)/index.tsx(131,21): error TS2769: No overload matches this call.
  Overload 1 of 2, '(props: TouchableOpacityProps): TouchableOpacity', gave the following error.
    Type '{ children: Element[]; onPress: () => Promise<void>; className: string; }' is not assignable to type 'IntrinsicAttributes & IntrinsicClassAttributes<TouchableOpacity> & Readonly<TouchableOpacityProps>'.
      Property 'className' does not exist on type 'IntrinsicAttributes & IntrinsicClassAttributes<TouchableOpacity> & Readonly<TouchableOpacityProps>'.
  Overload 2 of 2, '(props: TouchableOpacityProps, context: any): TouchableOpacity', gave the following error.
    Type '{ children: Element[]; onPress: () => Promise<void>; className: string; }' is not assignable to type 'IntrinsicAttributes & IntrinsicClassAttributes<TouchableOpacity> & Readonly<TouchableOpacityProps>'.
      Property 'className' does not exist on type 'IntrinsicAttributes & IntrinsicClassAttributes<TouchableOpacity> & Readonly<TouchableOpacityProps>'.
app/(admin)/index.tsx(134,27): error TS2769: No overload matches this call.
  Overload 1 of 2, '(props: TextProps): Text', gave the following error.
    Type '{ children: string; className: string; }' is not assignable to type 'IntrinsicAttributes & IntrinsicClassAttributes<Text> & Readonly<TextProps>'.
      Property 'className' does not exist on type 'IntrinsicAttributes & IntrinsicClassAttributes<Text> & Readonly<TextProps>'.
  Overload 2 of 2, '(props: TextProps, context: any): Text', gave the following error.
    Type '{ children: string; className: string; }' is not assignable to type 'IntrinsicAttributes & IntrinsicClassAttributes<Text> & Readonly<TextProps>'.
      Property 'className' does not exist on type 'IntrinsicAttributes & IntrinsicClassAttributes<Text> & Readonly<TextProps>'.
app/(admin)/index.tsx(139,21): error TS2769: No overload matches this call.
  Overload 1 of 2, '(props: ViewProps): View', gave the following error.
    Type '{ children: Element[]; className: string; }' is not assignable to type 'IntrinsicAttributes & IntrinsicClassAttributes<View> & Readonly<ViewProps>'.
      Property 'className' does not exist on type 'IntrinsicAttributes & IntrinsicClassAttributes<View> & Readonly<ViewProps>'.
  Overload 2 of 2, '(props: ViewProps, context: any): View', gave the following error.
    Type '{ children: Element[]; className: string; }' is not assignable to type 'IntrinsicAttributes & IntrinsicClassAttributes<View> & Readonly<ViewProps>'.
      Property 'className' does not exist on type 'IntrinsicAttributes & IntrinsicClassAttributes<View> & Readonly<ViewProps>'.
app/(admin)/index.tsx(141,35): error TS2769: No overload matches this call.
  Overload 1 of 2, '(props: ViewProps): View', gave the following error.
    Type '{ children: Element; key: number; className: string; }' is not assignable to type 'IntrinsicAttributes & IntrinsicClassAttributes<View> & Readonly<ViewProps>'.
      Property 'className' does not exist on type 'IntrinsicAttributes & IntrinsicClassAttributes<View> & Readonly<ViewProps>'.
  Overload 2 of 2, '(props: ViewProps, context: any): View', gave the following error.
    Type '{ children: Element; key: number; className: string; }' is not assignable to type 'IntrinsicAttributes & IntrinsicClassAttributes<View> & Readonly<ViewProps>'.
      Property 'className' does not exist on type 'IntrinsicAttributes & IntrinsicClassAttributes<View> & Readonly<ViewProps>'.
app/(admin)/index.tsx(142,27): error TS2769: No overload matches this call.
  Overload 1 of 2, '(props: TextProps): Text', gave the following error.
    Type '{ children: any[]; className: string; }' is not assignable to type 'IntrinsicAttributes & IntrinsicClassAttributes<Text> & Readonly<TextProps>'.
      Property 'className' does not exist on type 'IntrinsicAttributes & IntrinsicClassAttributes<Text> & Readonly<TextProps>'.
  Overload 2 of 2, '(props: TextProps, context: any): Text', gave the following error.
    Type '{ children: any[]; className: string; }' is not assignable to type 'IntrinsicAttributes & IntrinsicClassAttributes<Text> & Readonly<TextProps>'.
      Property 'className' does not exist on type 'IntrinsicAttributes & IntrinsicClassAttributes<Text> & Readonly<TextProps>'.
app/(admin)/index.tsx(153,15): error TS2769: No overload matches this call.
  Overload 1 of 2, '(props: ViewProps): View', gave the following error.
    Type '{ children: Element[]; className: string; }' is not assignable to type 'IntrinsicAttributes & IntrinsicClassAttributes<View> & Readonly<ViewProps>'.
      Property 'className' does not exist on type 'IntrinsicAttributes & IntrinsicClassAttributes<View> & Readonly<ViewProps>'.
  Overload 2 of 2, '(props: ViewProps, context: any): View', gave the following error.
    Type '{ children: Element[]; className: string; }' is not assignable to type 'IntrinsicAttributes & IntrinsicClassAttributes<View> & Readonly<ViewProps>'.
      Property 'className' does not exist on type 'IntrinsicAttributes & IntrinsicClassAttributes<View> & Readonly<ViewProps>'.
app/(admin)/index.tsx(156,14): error TS2769: No overload matches this call.
  Overload 1 of 2, '(props: TouchableOpacityProps): TouchableOpacity', gave the following error.
    Type '{ children: Element; onPress: () => void; className: string; }' is not assignable to type 'IntrinsicAttributes & IntrinsicClassAttributes<TouchableOpacity> & Readonly<TouchableOpacityProps>'.
      Property 'className' does not exist on type 'IntrinsicAttributes & IntrinsicClassAttributes<TouchableOpacity> & Readonly<TouchableOpacityProps>'.
  Overload 2 of 2, '(props: TouchableOpacityProps, context: any): TouchableOpacity', gave the following error.
    Type '{ children: Element; onPress: () => void; className: string; }' is not assignable to type 'IntrinsicAttributes & IntrinsicClassAttributes<TouchableOpacity> & Readonly<TouchableOpacityProps>'.
      Property 'className' does not exist on type 'IntrinsicAttributes & IntrinsicClassAttributes<TouchableOpacity> & Readonly<TouchableOpacityProps>'.
app/(admin)/index.tsx(161,17): error TS2769: No overload matches this call.
  Overload 1 of 2, '(props: TextProps): Text', gave the following error.
    Type '{ children: string; className: string; }' is not assignable to type 'IntrinsicAttributes & IntrinsicClassAttributes<Text> & Readonly<TextProps>'.
      Property 'className' does not exist on type 'IntrinsicAttributes & IntrinsicClassAttributes<Text> & Readonly<TextProps>'.
  Overload 2 of 2, '(props: TextProps, context: any): Text', gave the following error.
    Type '{ children: string; className: string; }' is not assignable to type 'IntrinsicAttributes & IntrinsicClassAttributes<Text> & Readonly<TextProps>'.
      Property 'className' does not exist on type 'IntrinsicAttributes & IntrinsicClassAttributes<Text> & Readonly<TextProps>'.
app/(admin)/index.tsx(162,17): error TS2769: No overload matches this call.
  Overload 1 of 2, '(props: ViewProps): View', gave the following error.
    Type '{ children: Element; className: string; }' is not assignable to type 'IntrinsicAttributes & IntrinsicClassAttributes<View> & Readonly<ViewProps>'.
      Property 'className' does not exist on type 'IntrinsicAttributes & IntrinsicClassAttributes<View> & Readonly<ViewProps>'.
  Overload 2 of 2, '(props: ViewProps, context: any): View', gave the following error.
    Type '{ children: Element; className: string; }' is not assignable to type 'IntrinsicAttributes & IntrinsicClassAttributes<View> & Readonly<ViewProps>'.
      Property 'className' does not exist on type 'IntrinsicAttributes & IntrinsicClassAttributes<View> & Readonly<ViewProps>'.
app/(admin)/index.tsx(164,78): error TS2769: No overload matches this call.
  Overload 1 of 2, '(props: ImageProps): Image', gave the following error.
    Type '{ source: { uri: string; }; className: string; resizeMode: "contain"; }' is not assignable to type 'IntrinsicAttributes & IntrinsicClassAttributes<Image> & Readonly<ImageProps>'.
      Property 'className' does not exist on type 'IntrinsicAttributes & IntrinsicClassAttributes<Image> & Readonly<ImageProps>'.
  Overload 2 of 2, '(props: ImageProps, context: any): Image', gave the following error.
    Type '{ source: { uri: string; }; className: string; resizeMode: "contain"; }' is not assignable to type 'IntrinsicAttributes & IntrinsicClassAttributes<Image> & Readonly<ImageProps>'.
      Property 'className' does not exist on type 'IntrinsicAttributes & IntrinsicClassAttributes<Image> & Readonly<ImageProps>'.
app/(admin)/index.tsx(166,22): error TS2769: No overload matches this call.
  Overload 1 of 2, '(props: ViewProps): View', gave the following error.
    Type '{ children: Element; className: string; }' is not assignable to type 'IntrinsicAttributes & IntrinsicClassAttributes<View> & Readonly<ViewProps>'.
      Property 'className' does not exist on type 'IntrinsicAttributes & IntrinsicClassAttributes<View> & Readonly<ViewProps>'.
  Overload 2 of 2, '(props: ViewProps, context: any): View', gave the following error.
    Type '{ children: Element; className: string; }' is not assignable to type 'IntrinsicAttributes & IntrinsicClassAttributes<View> & Readonly<ViewProps>'.
      Property 'className' does not exist on type 'IntrinsicAttributes & IntrinsicClassAttributes<View> & Readonly<ViewProps>'.
app/(admin)/index.tsx(167,24): error TS2769: No overload matches this call.
  Overload 1 of 2, '(props: TextProps): Text', gave the following error.
    Type '{ children: string; className: string; }' is not assignable to type 'IntrinsicAttributes & IntrinsicClassAttributes<Text> & Readonly<TextProps>'.
      Property 'className' does not exist on type 'IntrinsicAttributes & IntrinsicClassAttributes<Text> & Readonly<TextProps>'.
  Overload 2 of 2, '(props: TextProps, context: any): Text', gave the following error.
    Type '{ children: string; className: string; }' is not assignable to type 'IntrinsicAttributes & IntrinsicClassAttributes<Text> & Readonly<TextProps>'.
      Property 'className' does not exist on type 'IntrinsicAttributes & IntrinsicClassAttributes<Text> & Readonly<TextProps>'.
app/(admin)/kitchen.tsx(57,11): error TS2769: No overload matches this call.
  Overload 1 of 2, '(props: ViewProps): View', gave the following error.
    Type '{ children: Element[]; className: string; }' is not assignable to type 'IntrinsicAttributes & IntrinsicClassAttributes<View> & Readonly<ViewProps>'.
      Property 'className' does not exist on type 'IntrinsicAttributes & IntrinsicClassAttributes<View> & Readonly<ViewProps>'.
  Overload 2 of 2, '(props: ViewProps, context: any): View', gave the following error.
    Type '{ children: Element[]; className: string; }' is not assignable to type 'IntrinsicAttributes & IntrinsicClassAttributes<View> & Readonly<ViewProps>'.
      Property 'className' does not exist on type 'IntrinsicAttributes & IntrinsicClassAttributes<View> & Readonly<ViewProps>'.
app/(admin)/kitchen.tsx(58,13): error TS2769: No overload matches this call.
  Overload 1 of 2, '(props: ViewProps): View', gave the following error.
    Type '{ children: Element[]; className: string; }' is not assignable to type 'IntrinsicAttributes & IntrinsicClassAttributes<View> & Readonly<ViewProps>'.
      Property 'className' does not exist on type 'IntrinsicAttributes & IntrinsicClassAttributes<View> & Readonly<ViewProps>'.
  Overload 2 of 2, '(props: ViewProps, context: any): View', gave the following error.
    Type '{ children: Element[]; className: string; }' is not assignable to type 'IntrinsicAttributes & IntrinsicClassAttributes<View> & Readonly<ViewProps>'.
      Property 'className' does not exist on type 'IntrinsicAttributes & IntrinsicClassAttributes<View> & Readonly<ViewProps>'.
app/(admin)/kitchen.tsx(59,15): error TS2769: No overload matches this call.
  Overload 1 of 2, '(props: TextProps): Text', gave the following error.
    Type '{ children: string; className: string; }' is not assignable to type 'IntrinsicAttributes & IntrinsicClassAttributes<Text> & Readonly<TextProps>'.
      Property 'className' does not exist on type 'IntrinsicAttributes & IntrinsicClassAttributes<Text> & Readonly<TextProps>'.
  Overload 2 of 2, '(props: TextProps, context: any): Text', gave the following error.
    Type '{ children: string; className: string; }' is not assignable to type 'IntrinsicAttributes & IntrinsicClassAttributes<Text> & Readonly<TextProps>'.
      Property 'className' does not exist on type 'IntrinsicAttributes & IntrinsicClassAttributes<Text> & Readonly<TextProps>'.
app/(admin)/kitchen.tsx(60,15): error TS2769: No overload matches this call.
  Overload 1 of 2, '(props: TextProps): Text', gave the following error.
    Type '{ children: string; className: string; }' is not assignable to type 'IntrinsicAttributes & IntrinsicClassAttributes<Text> & Readonly<TextProps>'.
      Property 'className' does not exist on type 'IntrinsicAttributes & IntrinsicClassAttributes<Text> & Readonly<TextProps>'.
  Overload 2 of 2, '(props: TextProps, context: any): Text', gave the following error.
    Type '{ children: string; className: string; }' is not assignable to type 'IntrinsicAttributes & IntrinsicClassAttributes<Text> & Readonly<TextProps>'.
      Property 'className' does not exist on type 'IntrinsicAttributes & IntrinsicClassAttributes<Text> & Readonly<TextProps>'.
app/(admin)/kitchen.tsx(64,9): error TS2769: No overload matches this call.
  Overload 1 of 2, '(props: ScrollViewProps): ScrollView', gave the following error.
    Type '{ children: Element; className: string; refreshControl: Element; }' is not assignable to type 'IntrinsicAttributes & IntrinsicClassAttributes<ScrollView> & Readonly<ScrollViewProps>'.
      Property 'className' does not exist on type 'IntrinsicAttributes & IntrinsicClassAttributes<ScrollView> & Readonly<ScrollViewProps>'.
  Overload 2 of 2, '(props: ScrollViewProps, context: any): ScrollView', gave the following error.
    Type '{ children: Element; className: string; refreshControl: Element; }' is not assignable to type 'IntrinsicAttributes & IntrinsicClassAttributes<ScrollView> & Readonly<ScrollViewProps>'.
      Property 'className' does not exist on type 'IntrinsicAttributes & IntrinsicClassAttributes<ScrollView> & Readonly<ScrollViewProps>'.
app/(admin)/kitchen.tsx(69,15): error TS2769: No overload matches this call.
  Overload 1 of 2, '(props: ViewProps): View', gave the following error.
    Type '{ children: (false | Element | Element[])[]; className: string; }' is not assignable to type 'IntrinsicAttributes & IntrinsicClassAttributes<View> & Readonly<ViewProps>'.
      Property 'className' does not exist on type 'IntrinsicAttributes & IntrinsicClassAttributes<View> & Readonly<ViewProps>'.
  Overload 2 of 2, '(props: ViewProps, context: any): View', gave the following error.
    Type '{ children: (false | Element | Element[])[]; className: string; }' is not assignable to type 'IntrinsicAttributes & IntrinsicClassAttributes<View> & Readonly<ViewProps>'.
      Property 'className' does not exist on type 'IntrinsicAttributes & IntrinsicClassAttributes<View> & Readonly<ViewProps>'.
app/(admin)/kitchen.tsx(71,31): error TS2769: No overload matches this call.
  Overload 1 of 2, '(props: ViewProps): View', gave the following error.
    Type '{ children: Element[]; key: number; className: string; }' is not assignable to type 'IntrinsicAttributes & IntrinsicClassAttributes<View> & Readonly<ViewProps>'.
      Property 'className' does not exist on type 'IntrinsicAttributes & IntrinsicClassAttributes<View> & Readonly<ViewProps>'.
  Overload 2 of 2, '(props: ViewProps, context: any): View', gave the following error.
    Type '{ children: Element[]; key: number; className: string; }' is not assignable to type 'IntrinsicAttributes & IntrinsicClassAttributes<View> & Readonly<ViewProps>'.
      Property 'className' does not exist on type 'IntrinsicAttributes & IntrinsicClassAttributes<View> & Readonly<ViewProps>'.
app/(admin)/kitchen.tsx(72,22): error TS2769: No overload matches this call.
  Overload 1 of 2, '(props: ViewProps): View', gave the following error.
    Type '{ className: string; }' is not assignable to type 'IntrinsicAttributes & IntrinsicClassAttributes<View> & Readonly<ViewProps>'.
      Property 'className' does not exist on type 'IntrinsicAttributes & IntrinsicClassAttributes<View> & Readonly<ViewProps>'.
  Overload 2 of 2, '(props: ViewProps, context: any): View', gave the following error.
    Type '{ className: string; }' is not assignable to type 'IntrinsicAttributes & IntrinsicClassAttributes<View> & Readonly<ViewProps>'.
      Property 'className' does not exist on type 'IntrinsicAttributes & IntrinsicClassAttributes<View> & Readonly<ViewProps>'.
app/(admin)/kitchen.tsx(73,21): error TS2769: No overload matches this call.
  Overload 1 of 2, '(props: ViewProps): View', gave the following error.
    Type '{ children: Element[]; className: string; }' is not assignable to type 'IntrinsicAttributes & IntrinsicClassAttributes<View> & Readonly<ViewProps>'.
      Property 'className' does not exist on type 'IntrinsicAttributes & IntrinsicClassAttributes<View> & Readonly<ViewProps>'.
  Overload 2 of 2, '(props: ViewProps, context: any): View', gave the following error.
    Type '{ children: Element[]; className: string; }' is not assignable to type 'IntrinsicAttributes & IntrinsicClassAttributes<View> & Readonly<ViewProps>'.
      Property 'className' does not exist on type 'IntrinsicAttributes & IntrinsicClassAttributes<View> & Readonly<ViewProps>'.
app/(admin)/kitchen.tsx(74,23): error TS2769: No overload matches this call.
  Overload 1 of 2, '(props: ViewProps): View', gave the following error.
    Type '{ children: Element; className: string; }' is not assignable to type 'IntrinsicAttributes & IntrinsicClassAttributes<View> & Readonly<ViewProps>'.
      Property 'className' does not exist on type 'IntrinsicAttributes & IntrinsicClassAttributes<View> & Readonly<ViewProps>'.
  Overload 2 of 2, '(props: ViewProps, context: any): View', gave the following error.
    Type '{ children: Element; className: string; }' is not assignable to type 'IntrinsicAttributes & IntrinsicClassAttributes<View> & Readonly<ViewProps>'.
      Property 'className' does not exist on type 'IntrinsicAttributes & IntrinsicClassAttributes<View> & Readonly<ViewProps>'.
app/(admin)/kitchen.tsx(75,25): error TS2769: No overload matches this call.
  Overload 1 of 2, '(props: TextProps): Text', gave the following error.
    Type '{ children: (string | number)[]; className: string; }' is not assignable to type 'IntrinsicAttributes & IntrinsicClassAttributes<Text> & Readonly<TextProps>'.
      Property 'className' does not exist on type 'IntrinsicAttributes & IntrinsicClassAttributes<Text> & Readonly<TextProps>'.
  Overload 2 of 2, '(props: TextProps, context: any): Text', gave the following error.
    Type '{ children: (string | number)[]; className: string; }' is not assignable to type 'IntrinsicAttributes & IntrinsicClassAttributes<Text> & Readonly<TextProps>'.
      Property 'className' does not exist on type 'IntrinsicAttributes & IntrinsicClassAttributes<Text> & Readonly<TextProps>'.
app/(admin)/kitchen.tsx(77,23): error TS2769: No overload matches this call.
  Overload 1 of 2, '(props: ViewProps): View', gave the following error.
    Type '{ children: Element[]; className: string; }' is not assignable to type 'IntrinsicAttributes & IntrinsicClassAttributes<View> & Readonly<ViewProps>'.
      Property 'className' does not exist on type 'IntrinsicAttributes & IntrinsicClassAttributes<View> & Readonly<ViewProps>'.
  Overload 2 of 2, '(props: ViewProps, context: any): View', gave the following error.
    Type '{ children: Element[]; className: string; }' is not assignable to type 'IntrinsicAttributes & IntrinsicClassAttributes<View> & Readonly<ViewProps>'.
      Property 'className' does not exist on type 'IntrinsicAttributes & IntrinsicClassAttributes<View> & Readonly<ViewProps>'.
app/(admin)/kitchen.tsx(78,25): error TS2769: No overload matches this call.
  Overload 1 of 2, '(props: TextProps): Text', gave the following error.
    Type '{ children: string; className: string; numberOfLines: number; }' is not assignable to type 'IntrinsicAttributes & IntrinsicClassAttributes<Text> & Readonly<TextProps>'.
      Property 'className' does not exist on type 'IntrinsicAttributes & IntrinsicClassAttributes<Text> & Readonly<TextProps>'.
  Overload 2 of 2, '(props: TextProps, context: any): Text', gave the following error.
    Type '{ children: string; className: string; numberOfLines: number; }' is not assignable to type 'IntrinsicAttributes & IntrinsicClassAttributes<Text> & Readonly<TextProps>'.
      Property 'className' does not exist on type 'IntrinsicAttributes & IntrinsicClassAttributes<Text> & Readonly<TextProps>'.
app/(admin)/kitchen.tsx(79,25): error TS2769: No overload matches this call.
  Overload 1 of 2, '(props: TextProps): Text', gave the following error.
    Type '{ children: string; className: string; }' is not assignable to type 'IntrinsicAttributes & IntrinsicClassAttributes<Text> & Readonly<TextProps>'.
      Property 'className' does not exist on type 'IntrinsicAttributes & IntrinsicClassAttributes<Text> & Readonly<TextProps>'.
  Overload 2 of 2, '(props: TextProps, context: any): Text', gave the following error.
    Type '{ children: string; className: string; }' is not assignable to type 'IntrinsicAttributes & IntrinsicClassAttributes<Text> & Readonly<TextProps>'.
      Property 'className' does not exist on type 'IntrinsicAttributes & IntrinsicClassAttributes<Text> & Readonly<TextProps>'.
app/(admin)/kitchen.tsx(82,21): error TS2769: No overload matches this call.
  Overload 1 of 2, '(props: ViewProps): View', gave the following error.
    Type '{ children: Element; className: string; }' is not assignable to type 'IntrinsicAttributes & IntrinsicClassAttributes<View> & Readonly<ViewProps>'.
      Property 'className' does not exist on type 'IntrinsicAttributes & IntrinsicClassAttributes<View> & Readonly<ViewProps>'.
  Overload 2 of 2, '(props: ViewProps, context: any): View', gave the following error.
    Type '{ children: Element; className: string; }' is not assignable to type 'IntrinsicAttributes & IntrinsicClassAttributes<View> & Readonly<ViewProps>'.
      Property 'className' does not exist on type 'IntrinsicAttributes & IntrinsicClassAttributes<View> & Readonly<ViewProps>'.
app/(admin)/kitchen.tsx(89,19): error TS2769: No overload matches this call.
  Overload 1 of 2, '(props: ViewProps): View', gave the following error.
    Type '{ children: Element[]; className: string; }' is not assignable to type 'IntrinsicAttributes & IntrinsicClassAttributes<View> & Readonly<ViewProps>'.
      Property 'className' does not exist on type 'IntrinsicAttributes & IntrinsicClassAttributes<View> & Readonly<ViewProps>'.
  Overload 2 of 2, '(props: ViewProps, context: any): View', gave the following error.
    Type '{ children: Element[]; className: string; }' is not assignable to type 'IntrinsicAttributes & IntrinsicClassAttributes<View> & Readonly<ViewProps>'.
      Property 'className' does not exist on type 'IntrinsicAttributes & IntrinsicClassAttributes<View> & Readonly<ViewProps>'.
app/(admin)/kitchen.tsx(91,21): error TS2769: No overload matches this call.
  Overload 1 of 2, '(props: TextProps): Text', gave the following error.
    Type '{ children: string; className: string; }' is not assignable to type 'IntrinsicAttributes & IntrinsicClassAttributes<Text> & Readonly<TextProps>'.
      Property 'className' does not exist on type 'IntrinsicAttributes & IntrinsicClassAttributes<Text> & Readonly<TextProps>'.
  Overload 2 of 2, '(props: TextProps, context: any): Text', gave the following error.
    Type '{ children: string; className: string; }' is not assignable to type 'IntrinsicAttributes & IntrinsicClassAttributes<Text> & Readonly<TextProps>'.
      Property 'className' does not exist on type 'IntrinsicAttributes & IntrinsicClassAttributes<Text> & Readonly<TextProps>'.
app/(admin)/kitchen.tsx(97,13): error TS2769: No overload matches this call.
  Overload 1 of 2, '(props: ViewProps): View', gave the following error.
    Type '{ children: Element; className: string; }' is not assignable to type 'IntrinsicAttributes & IntrinsicClassAttributes<View> & Readonly<ViewProps>'.
      Property 'className' does not exist on type 'IntrinsicAttributes & IntrinsicClassAttributes<View> & Readonly<ViewProps>'.
  Overload 2 of 2, '(props: ViewProps, context: any): View', gave the following error.
    Type '{ children: Element; className: string; }' is not assignable to type 'IntrinsicAttributes & IntrinsicClassAttributes<View> & Readonly<ViewProps>'.
      Property 'className' does not exist on type 'IntrinsicAttributes & IntrinsicClassAttributes<View> & Readonly<ViewProps>'.
app/(admin)/kitchen.tsx(98,16): error TS2769: No overload matches this call.
  Overload 1 of 2, '(props: ViewProps): View', gave the following error.
    Type '{ children: Element[]; className: string; }' is not assignable to type 'IntrinsicAttributes & IntrinsicClassAttributes<View> & Readonly<ViewProps>'.
      Property 'className' does not exist on type 'IntrinsicAttributes & IntrinsicClassAttributes<View> & Readonly<ViewProps>'.
  Overload 2 of 2, '(props: ViewProps, context: any): View', gave the following error.
    Type '{ children: Element[]; className: string; }' is not assignable to type 'IntrinsicAttributes & IntrinsicClassAttributes<View> & Readonly<ViewProps>'.
      Property 'className' does not exist on type 'IntrinsicAttributes & IntrinsicClassAttributes<View> & Readonly<ViewProps>'.
app/(admin)/kitchen.tsx(100,19): error TS2769: No overload matches this call.
  Overload 1 of 2, '(props: TextProps): Text', gave the following error.
    Type '{ children: string; className: string; }' is not assignable to type 'IntrinsicAttributes & IntrinsicClassAttributes<Text> & Readonly<TextProps>'.
      Property 'className' does not exist on type 'IntrinsicAttributes & IntrinsicClassAttributes<Text> & Readonly<TextProps>'.
  Overload 2 of 2, '(props: TextProps, context: any): Text', gave the following error.
    Type '{ children: string; className: string; }' is not assignable to type 'IntrinsicAttributes & IntrinsicClassAttributes<Text> & Readonly<TextProps>'.
      Property 'className' does not exist on type 'IntrinsicAttributes & IntrinsicClassAttributes<Text> & Readonly<TextProps>'.
app/(admin)/manage.tsx(56,11): error TS2769: No overload matches this call.
  Overload 1 of 2, '(props: ViewProps): View', gave the following error.
    Type '{ children: Element[]; className: string; }' is not assignable to type 'IntrinsicAttributes & IntrinsicClassAttributes<View> & Readonly<ViewProps>'.
      Property 'className' does not exist on type 'IntrinsicAttributes & IntrinsicClassAttributes<View> & Readonly<ViewProps>'.
  Overload 2 of 2, '(props: ViewProps, context: any): View', gave the following error.
    Type '{ children: Element[]; className: string; }' is not assignable to type 'IntrinsicAttributes & IntrinsicClassAttributes<View> & Readonly<ViewProps>'.
      Property 'className' does not exist on type 'IntrinsicAttributes & IntrinsicClassAttributes<View> & Readonly<ViewProps>'.
app/(admin)/manage.tsx(57,13): error TS2769: No overload matches this call.
  Overload 1 of 2, '(props: ViewProps): View', gave the following error.
    Type '{ children: Element[]; className: string; }' is not assignable to type 'IntrinsicAttributes & IntrinsicClassAttributes<View> & Readonly<ViewProps>'.
      Property 'className' does not exist on type 'IntrinsicAttributes & IntrinsicClassAttributes<View> & Readonly<ViewProps>'.
  Overload 2 of 2, '(props: ViewProps, context: any): View', gave the following error.
    Type '{ children: Element[]; className: string; }' is not assignable to type 'IntrinsicAttributes & IntrinsicClassAttributes<View> & Readonly<ViewProps>'.
      Property 'className' does not exist on type 'IntrinsicAttributes & IntrinsicClassAttributes<View> & Readonly<ViewProps>'.
app/(admin)/manage.tsx(59,17): error TS2769: No overload matches this call.
  Overload 1 of 2, '(props: TextProps): Text', gave the following error.
    Type '{ children: string; className: string; }' is not assignable to type 'IntrinsicAttributes & IntrinsicClassAttributes<Text> & Readonly<TextProps>'.
      Property 'className' does not exist on type 'IntrinsicAttributes & IntrinsicClassAttributes<Text> & Readonly<TextProps>'.
  Overload 2 of 2, '(props: TextProps, context: any): Text', gave the following error.
    Type '{ children: string; className: string; }' is not assignable to type 'IntrinsicAttributes & IntrinsicClassAttributes<Text> & Readonly<TextProps>'.
      Property 'className' does not exist on type 'IntrinsicAttributes & IntrinsicClassAttributes<Text> & Readonly<TextProps>'.
app/(admin)/manage.tsx(60,17): error TS2769: No overload matches this call.
  Overload 1 of 2, '(props: TextProps): Text', gave the following error.
    Type '{ children: string; className: string; }' is not assignable to type 'IntrinsicAttributes & IntrinsicClassAttributes<Text> & Readonly<TextProps>'.
      Property 'className' does not exist on type 'IntrinsicAttributes & IntrinsicClassAttributes<Text> & Readonly<TextProps>'.
  Overload 2 of 2, '(props: TextProps, context: any): Text', gave the following error.
    Type '{ children: string; className: string; }' is not assignable to type 'IntrinsicAttributes & IntrinsicClassAttributes<Text> & Readonly<TextProps>'.
      Property 'className' does not exist on type 'IntrinsicAttributes & IntrinsicClassAttributes<Text> & Readonly<TextProps>'.
app/(admin)/manage.tsx(64,11): error TS2769: No overload matches this call.
  Overload 1 of 2, '(props: TouchableOpacityProps): TouchableOpacity', gave the following error.
    Type '{ children: Element; onPress: () => void; className: string; }' is not assignable to type 'IntrinsicAttributes & IntrinsicClassAttributes<TouchableOpacity> & Readonly<TouchableOpacityProps>'.
      Property 'className' does not exist on type 'IntrinsicAttributes & IntrinsicClassAttributes<TouchableOpacity> & Readonly<TouchableOpacityProps>'.
  Overload 2 of 2, '(props: TouchableOpacityProps, context: any): TouchableOpacity', gave the following error.
    Type '{ children: Element; onPress: () => void; className: string; }' is not assignable to type 'IntrinsicAttributes & IntrinsicClassAttributes<TouchableOpacity> & Readonly<TouchableOpacityProps>'.
      Property 'className' does not exist on type 'IntrinsicAttributes & IntrinsicClassAttributes<TouchableOpacity> & Readonly<TouchableOpacityProps>'.
app/(admin)/manage.tsx(70,19): error TS2769: No overload matches this call.
  Overload 1 of 2, '(props: ScrollViewProps): ScrollView', gave the following error.
    Type '{ children: Element; className: string; }' is not assignable to type 'IntrinsicAttributes & IntrinsicClassAttributes<ScrollView> & Readonly<ScrollViewProps>'.
      Property 'className' does not exist on type 'IntrinsicAttributes & IntrinsicClassAttributes<ScrollView> & Readonly<ScrollViewProps>'.
  Overload 2 of 2, '(props: ScrollViewProps, context: any): ScrollView', gave the following error.
    Type '{ children: Element; className: string; }' is not assignable to type 'IntrinsicAttributes & IntrinsicClassAttributes<ScrollView> & Readonly<ScrollViewProps>'.
      Property 'className' does not exist on type 'IntrinsicAttributes & IntrinsicClassAttributes<ScrollView> & Readonly<ScrollViewProps>'.
app/(admin)/manage.tsx(71,15): error TS2769: No overload matches this call.
  Overload 1 of 2, '(props: ViewProps): View', gave the following error.
    Type '{ children: Element[]; className: string; }' is not assignable to type 'IntrinsicAttributes & IntrinsicClassAttributes<View> & Readonly<ViewProps>'.
      Property 'className' does not exist on type 'IntrinsicAttributes & IntrinsicClassAttributes<View> & Readonly<ViewProps>'.
  Overload 2 of 2, '(props: ViewProps, context: any): View', gave the following error.
    Type '{ children: Element[]; className: string; }' is not assignable to type 'IntrinsicAttributes & IntrinsicClassAttributes<View> & Readonly<ViewProps>'.
      Property 'className' does not exist on type 'IntrinsicAttributes & IntrinsicClassAttributes<View> & Readonly<ViewProps>'.
app/(admin)/manage.tsx(73,33): error TS2769: No overload matches this call.
  Overload 1 of 2, '(props: ViewProps): View', gave the following error.
    Type '{ children: Element[]; key: string; className: string; }' is not assignable to type 'IntrinsicAttributes & IntrinsicClassAttributes<View> & Readonly<ViewProps>'.
      Property 'className' does not exist on type 'IntrinsicAttributes & IntrinsicClassAttributes<View> & Readonly<ViewProps>'.
  Overload 2 of 2, '(props: ViewProps, context: any): View', gave the following error.
    Type '{ children: Element[]; key: string; className: string; }' is not assignable to type 'IntrinsicAttributes & IntrinsicClassAttributes<View> & Readonly<ViewProps>'.
      Property 'className' does not exist on type 'IntrinsicAttributes & IntrinsicClassAttributes<View> & Readonly<ViewProps>'.
app/(admin)/manage.tsx(74,22): error TS2769: No overload matches this call.
  Overload 1 of 2, '(props: ViewProps): View', gave the following error.
    Type '{ className: string; }' is not assignable to type 'IntrinsicAttributes & IntrinsicClassAttributes<View> & Readonly<ViewProps>'.
      Property 'className' does not exist on type 'IntrinsicAttributes & IntrinsicClassAttributes<View> & Readonly<ViewProps>'.
  Overload 2 of 2, '(props: ViewProps, context: any): View', gave the following error.
    Type '{ className: string; }' is not assignable to type 'IntrinsicAttributes & IntrinsicClassAttributes<View> & Readonly<ViewProps>'.
      Property 'className' does not exist on type 'IntrinsicAttributes & IntrinsicClassAttributes<View> & Readonly<ViewProps>'.
app/(admin)/manage.tsx(75,21): error TS2769: No overload matches this call.
  Overload 1 of 2, '(props: ViewProps): View', gave the following error.
    Type '{ children: Element; className: string; }' is not assignable to type 'IntrinsicAttributes & IntrinsicClassAttributes<View> & Readonly<ViewProps>'.
      Property 'className' does not exist on type 'IntrinsicAttributes & IntrinsicClassAttributes<View> & Readonly<ViewProps>'.
  Overload 2 of 2, '(props: ViewProps, context: any): View', gave the following error.
    Type '{ children: Element; className: string; }' is not assignable to type 'IntrinsicAttributes & IntrinsicClassAttributes<View> & Readonly<ViewProps>'.
      Property 'className' does not exist on type 'IntrinsicAttributes & IntrinsicClassAttributes<View> & Readonly<ViewProps>'.
app/(admin)/manage.tsx(77,59): error TS2769: No overload matches this call.
  Overload 1 of 2, '(props: ImageProps): Image', gave the following error.
    Type '{ source: { uri: string; }; className: string; }' is not assignable to type 'IntrinsicAttributes & IntrinsicClassAttributes<Image> & Readonly<ImageProps>'.
      Property 'className' does not exist on type 'IntrinsicAttributes & IntrinsicClassAttributes<Image> & Readonly<ImageProps>'.
  Overload 2 of 2, '(props: ImageProps, context: any): Image', gave the following error.
    Type '{ source: { uri: string; }; className: string; }' is not assignable to type 'IntrinsicAttributes & IntrinsicClassAttributes<Image> & Readonly<ImageProps>'.
      Property 'className' does not exist on type 'IntrinsicAttributes & IntrinsicClassAttributes<Image> & Readonly<ImageProps>'.
app/(admin)/manage.tsx(79,25): error TS2769: No overload matches this call.
  Overload 1 of 2, '(props: ViewProps): View', gave the following error.
    Type '{ children: Element; className: string; }' is not assignable to type 'IntrinsicAttributes & IntrinsicClassAttributes<View> & Readonly<ViewProps>'.
      Property 'className' does not exist on type 'IntrinsicAttributes & IntrinsicClassAttributes<View> & Readonly<ViewProps>'.
  Overload 2 of 2, '(props: ViewProps, context: any): View', gave the following error.
    Type '{ children: Element; className: string; }' is not assignable to type 'IntrinsicAttributes & IntrinsicClassAttributes<View> & Readonly<ViewProps>'.
      Property 'className' does not exist on type 'IntrinsicAttributes & IntrinsicClassAttributes<View> & Readonly<ViewProps>'.
app/(admin)/manage.tsx(85,21): error TS2769: No overload matches this call.
  Overload 1 of 2, '(props: ViewProps): View', gave the following error.
    Type '{ children: Element[]; className: string; }' is not assignable to type 'IntrinsicAttributes & IntrinsicClassAttributes<View> & Readonly<ViewProps>'.
      Property 'className' does not exist on type 'IntrinsicAttributes & IntrinsicClassAttributes<View> & Readonly<ViewProps>'.
  Overload 2 of 2, '(props: ViewProps, context: any): View', gave the following error.
    Type '{ children: Element[]; className: string; }' is not assignable to type 'IntrinsicAttributes & IntrinsicClassAttributes<View> & Readonly<ViewProps>'.
      Property 'className' does not exist on type 'IntrinsicAttributes & IntrinsicClassAttributes<View> & Readonly<ViewProps>'.
app/(admin)/manage.tsx(86,23): error TS2769: No overload matches this call.
  Overload 1 of 2, '(props: TextProps): Text', gave the following error.
    Type '{ children: string; className: string; }' is not assignable to type 'IntrinsicAttributes & IntrinsicClassAttributes<Text> & Readonly<TextProps>'.
      Property 'className' does not exist on type 'IntrinsicAttributes & IntrinsicClassAttributes<Text> & Readonly<TextProps>'.
  Overload 2 of 2, '(props: TextProps, context: any): Text', gave the following error.
    Type '{ children: string; className: string; }' is not assignable to type 'IntrinsicAttributes & IntrinsicClassAttributes<Text> & Readonly<TextProps>'.
      Property 'className' does not exist on type 'IntrinsicAttributes & IntrinsicClassAttributes<Text> & Readonly<TextProps>'.
app/(admin)/manage.tsx(87,23): error TS2769: No overload matches this call.
  Overload 1 of 2, '(props: TextProps): Text', gave the following error.
    Type '{ children: (string | number)[]; className: string; }' is not assignable to type 'IntrinsicAttributes & IntrinsicClassAttributes<Text> & Readonly<TextProps>'.
      Property 'className' does not exist on type 'IntrinsicAttributes & IntrinsicClassAttributes<Text> & Readonly<TextProps>'.
  Overload 2 of 2, '(props: TextProps, context: any): Text', gave the following error.
    Type '{ children: (string | number)[]; className: string; }' is not assignable to type 'IntrinsicAttributes & IntrinsicClassAttributes<Text> & Readonly<TextProps>'.
      Property 'className' does not exist on type 'IntrinsicAttributes & IntrinsicClassAttributes<Text> & Readonly<TextProps>'.
app/(admin)/manage.tsx(90,21): error TS2769: No overload matches this call.
  Overload 1 of 2, '(props: ViewProps): View', gave the following error.
    Type '{ children: Element[]; className: string; }' is not assignable to type 'IntrinsicAttributes & IntrinsicClassAttributes<View> & Readonly<ViewProps>'.
      Property 'className' does not exist on type 'IntrinsicAttributes & IntrinsicClassAttributes<View> & Readonly<ViewProps>'.
  Overload 2 of 2, '(props: ViewProps, context: any): View', gave the following error.
    Type '{ children: Element[]; className: string; }' is not assignable to type 'IntrinsicAttributes & IntrinsicClassAttributes<View> & Readonly<ViewProps>'.
      Property 'className' does not exist on type 'IntrinsicAttributes & IntrinsicClassAttributes<View> & Readonly<ViewProps>'.
app/(admin)/manage.tsx(93,19): error TS2769: No overload matches this call.
  Overload 1 of 2, '(props: TouchableOpacityProps): TouchableOpacity', gave the following error.
    Type '{ children: Element; onPress: () => Promise<void>; className: string; }' is not assignable to type 'IntrinsicAttributes & IntrinsicClassAttributes<TouchableOpacity> & Readonly<TouchableOpacityProps>'.
      Property 'className' does not exist on type 'IntrinsicAttributes & IntrinsicClassAttributes<TouchableOpacity> & Readonly<TouchableOpacityProps>'.
  Overload 2 of 2, '(props: TouchableOpacityProps, context: any): TouchableOpacity', gave the following error.
    Type '{ children: Element; onPress: () => Promise<void>; className: string; }' is not assignable to type 'IntrinsicAttributes & IntrinsicClassAttributes<TouchableOpacity> & Readonly<TouchableOpacityProps>'.
      Property 'className' does not exist on type 'IntrinsicAttributes & IntrinsicClassAttributes<TouchableOpacity> & Readonly<TouchableOpacityProps>'.
app/(admin)/manage.tsx(99,19): error TS2769: No overload matches this call.
  Overload 1 of 2, '(props: TouchableOpacityProps): TouchableOpacity', gave the following error.
    Type '{ children: Element; onPress: () => void; className: string; }' is not assignable to type 'IntrinsicAttributes & IntrinsicClassAttributes<TouchableOpacity> & Readonly<TouchableOpacityProps>'.
      Property 'className' does not exist on type 'IntrinsicAttributes & IntrinsicClassAttributes<TouchableOpacity> & Readonly<TouchableOpacityProps>'.
  Overload 2 of 2, '(props: TouchableOpacityProps, context: any): TouchableOpacity', gave the following error.
    Type '{ children: Element; onPress: () => void; className: string; }' is not assignable to type 'IntrinsicAttributes & IntrinsicClassAttributes<TouchableOpacity> & Readonly<TouchableOpacityProps>'.
      Property 'className' does not exist on type 'IntrinsicAttributes & IntrinsicClassAttributes<TouchableOpacity> & Readonly<TouchableOpacityProps>'.
app/(admin)/manage.tsx(111,15): error TS2769: No overload matches this call.
  Overload 1 of 2, '(props: ViewProps): View', gave the following error.
    Type '{ children: Element[]; className: string; }' is not assignable to type 'IntrinsicAttributes & IntrinsicClassAttributes<View> & Readonly<ViewProps>'.
      Property 'className' does not exist on type 'IntrinsicAttributes & IntrinsicClassAttributes<View> & Readonly<ViewProps>'.
  Overload 2 of 2, '(props: ViewProps, context: any): View', gave the following error.
    Type '{ children: Element[]; className: string; }' is not assignable to type 'IntrinsicAttributes & IntrinsicClassAttributes<View> & Readonly<ViewProps>'.
      Property 'className' does not exist on type 'IntrinsicAttributes & IntrinsicClassAttributes<View> & Readonly<ViewProps>'.
app/(admin)/manage.tsx(112,17): error TS2769: No overload matches this call.
  Overload 1 of 2, '(props: ViewProps): View', gave the following error.
    Type '{ children: Element[]; className: string; }' is not assignable to type 'IntrinsicAttributes & IntrinsicClassAttributes<View> & Readonly<ViewProps>'.
      Property 'className' does not exist on type 'IntrinsicAttributes & IntrinsicClassAttributes<View> & Readonly<ViewProps>'.
  Overload 2 of 2, '(props: ViewProps, context: any): View', gave the following error.
    Type '{ children: Element[]; className: string; }' is not assignable to type 'IntrinsicAttributes & IntrinsicClassAttributes<View> & Readonly<ViewProps>'.
      Property 'className' does not exist on type 'IntrinsicAttributes & IntrinsicClassAttributes<View> & Readonly<ViewProps>'.
app/(admin)/manage.tsx(113,19): error TS2769: No overload matches this call.
  Overload 1 of 2, '(props: TextProps): Text', gave the following error.
    Type '{ children: string; className: string; }' is not assignable to type 'IntrinsicAttributes & IntrinsicClassAttributes<Text> & Readonly<TextProps>'.
      Property 'className' does not exist on type 'IntrinsicAttributes & IntrinsicClassAttributes<Text> & Readonly<TextProps>'.
  Overload 2 of 2, '(props: TextProps, context: any): Text', gave the following error.
    Type '{ children: string; className: string; }' is not assignable to type 'IntrinsicAttributes & IntrinsicClassAttributes<Text> & Readonly<TextProps>'.
      Property 'className' does not exist on type 'IntrinsicAttributes & IntrinsicClassAttributes<Text> & Readonly<TextProps>'.
app/(admin)/manage.tsx(116,70): error TS2769: No overload matches this call.
  Overload 1 of 2, '(props: TouchableOpacityProps): TouchableOpacity', gave the following error.
    Type '{ children: Element; onPress: () => void; className: string; }' is not assignable to type 'IntrinsicAttributes & IntrinsicClassAttributes<TouchableOpacity> & Readonly<TouchableOpacityProps>'.
      Property 'className' does not exist on type 'IntrinsicAttributes & IntrinsicClassAttributes<TouchableOpacity> & Readonly<TouchableOpacityProps>'.
  Overload 2 of 2, '(props: TouchableOpacityProps, context: any): TouchableOpacity', gave the following error.
    Type '{ children: Element; onPress: () => void; className: string; }' is not assignable to type 'IntrinsicAttributes & IntrinsicClassAttributes<TouchableOpacity> & Readonly<TouchableOpacityProps>'.
      Property 'className' does not exist on type 'IntrinsicAttributes & IntrinsicClassAttributes<TouchableOpacity> & Readonly<TouchableOpacityProps>'.
app/(admin)/manage.tsx(121,17): error TS2769: No overload matches this call.
  Overload 1 of 2, '(props: ViewProps): View', gave the following error.
    Type '{ children: Element[]; className: string; }' is not assignable to type 'IntrinsicAttributes & IntrinsicClassAttributes<View> & Readonly<ViewProps>'.
      Property 'className' does not exist on type 'IntrinsicAttributes & IntrinsicClassAttributes<View> & Readonly<ViewProps>'.
  Overload 2 of 2, '(props: ViewProps, context: any): View', gave the following error.
    Type '{ children: Element[]; className: string; }' is not assignable to type 'IntrinsicAttributes & IntrinsicClassAttributes<View> & Readonly<ViewProps>'.
      Property 'className' does not exist on type 'IntrinsicAttributes & IntrinsicClassAttributes<View> & Readonly<ViewProps>'.
app/(admin)/manage.tsx(122,19): error TS2769: No overload matches this call.
  Overload 1 of 2, '(props: ViewProps): View', gave the following error.
    Type '{ children: Element[]; className: string; }' is not assignable to type 'IntrinsicAttributes & IntrinsicClassAttributes<View> & Readonly<ViewProps>'.
      Property 'className' does not exist on type 'IntrinsicAttributes & IntrinsicClassAttributes<View> & Readonly<ViewProps>'.
  Overload 2 of 2, '(props: ViewProps, context: any): View', gave the following error.
    Type '{ children: Element[]; className: string; }' is not assignable to type 'IntrinsicAttributes & IntrinsicClassAttributes<View> & Readonly<ViewProps>'.
      Property 'className' does not exist on type 'IntrinsicAttributes & IntrinsicClassAttributes<View> & Readonly<ViewProps>'.
app/(admin)/manage.tsx(123,21): error TS2769: No overload matches this call.
  Overload 1 of 2, '(props: TextProps): Text', gave the following error.
    Type '{ children: string; className: string; }' is not assignable to type 'IntrinsicAttributes & IntrinsicClassAttributes<Text> & Readonly<TextProps>'.
      Property 'className' does not exist on type 'IntrinsicAttributes & IntrinsicClassAttributes<Text> & Readonly<TextProps>'.
  Overload 2 of 2, '(props: TextProps, context: any): Text', gave the following error.
    Type '{ children: string; className: string; }' is not assignable to type 'IntrinsicAttributes & IntrinsicClassAttributes<Text> & Readonly<TextProps>'.
      Property 'className' does not exist on type 'IntrinsicAttributes & IntrinsicClassAttributes<Text> & Readonly<TextProps>'.
app/(admin)/manage.tsx(125,17): error TS2769: No overload matches this call.
  Overload 1 of 2, '(props: TextInputProps): TextInput', gave the following error.
    Type '{ className: string; placeholder: string; placeholderTextColor: string; onChangeText: (t: string) => void; value: string; }' is not assignable to type 'IntrinsicAttributes & IntrinsicClassAttributes<TextInput> & Readonly<TextInputProps>'.
      Property 'className' does not exist on type 'IntrinsicAttributes & IntrinsicClassAttributes<TextInput> & Readonly<TextInputProps>'.
  Overload 2 of 2, '(props: TextInputProps, context: any): TextInput', gave the following error.
    Type '{ className: string; placeholder: string; placeholderTextColor: string; onChangeText: (t: string) => void; value: string; }' is not assignable to type 'IntrinsicAttributes & IntrinsicClassAttributes<TextInput> & Readonly<TextInputProps>'.
      Property 'className' does not exist on type 'IntrinsicAttributes & IntrinsicClassAttributes<TextInput> & Readonly<TextInputProps>'.
app/(admin)/manage.tsx(133,19): error TS2769: No overload matches this call.
  Overload 1 of 2, '(props: ViewProps): View', gave the following error.
    Type '{ children: Element[]; className: string; }' is not assignable to type 'IntrinsicAttributes & IntrinsicClassAttributes<View> & Readonly<ViewProps>'.
      Property 'className' does not exist on type 'IntrinsicAttributes & IntrinsicClassAttributes<View> & Readonly<ViewProps>'.
  Overload 2 of 2, '(props: ViewProps, context: any): View', gave the following error.
    Type '{ children: Element[]; className: string; }' is not assignable to type 'IntrinsicAttributes & IntrinsicClassAttributes<View> & Readonly<ViewProps>'.
      Property 'className' does not exist on type 'IntrinsicAttributes & IntrinsicClassAttributes<View> & Readonly<ViewProps>'.
app/(admin)/manage.tsx(134,21): error TS2769: No overload matches this call.
  Overload 1 of 2, '(props: TextProps): Text', gave the following error.
    Type '{ children: string; className: string; }' is not assignable to type 'IntrinsicAttributes & IntrinsicClassAttributes<Text> & Readonly<TextProps>'.
      Property 'className' does not exist on type 'IntrinsicAttributes & IntrinsicClassAttributes<Text> & Readonly<TextProps>'.
  Overload 2 of 2, '(props: TextProps, context: any): Text', gave the following error.
    Type '{ children: string; className: string; }' is not assignable to type 'IntrinsicAttributes & IntrinsicClassAttributes<Text> & Readonly<TextProps>'.
      Property 'className' does not exist on type 'IntrinsicAttributes & IntrinsicClassAttributes<Text> & Readonly<TextProps>'.
app/(admin)/manage.tsx(136,17): error TS2769: No overload matches this call.
  Overload 1 of 2, '(props: TextInputProps): TextInput', gave the following error.
    Type '{ className: string; placeholder: string; placeholderTextColor: string; onChangeText: (t: string) => void; value: string; }' is not assignable to type 'IntrinsicAttributes & IntrinsicClassAttributes<TextInput> & Readonly<TextInputProps>'.
      Property 'className' does not exist on type 'IntrinsicAttributes & IntrinsicClassAttributes<TextInput> & Readonly<TextInputProps>'.
  Overload 2 of 2, '(props: TextInputProps, context: any): TextInput', gave the following error.
    Type '{ className: string; placeholder: string; placeholderTextColor: string; onChangeText: (t: string) => void; value: string; }' is not assignable to type 'IntrinsicAttributes & IntrinsicClassAttributes<TextInput> & Readonly<TextInputProps>'.
      Property 'className' does not exist on type 'IntrinsicAttributes & IntrinsicClassAttributes<TextInput> & Readonly<TextInputProps>'.
app/(admin)/manage.tsx(144,19): error TS2769: No overload matches this call.
  Overload 1 of 2, '(props: ViewProps): View', gave the following error.
    Type '{ children: Element[]; className: string; }' is not assignable to type 'IntrinsicAttributes & IntrinsicClassAttributes<View> & Readonly<ViewProps>'.
      Property 'className' does not exist on type 'IntrinsicAttributes & IntrinsicClassAttributes<View> & Readonly<ViewProps>'.
  Overload 2 of 2, '(props: ViewProps, context: any): View', gave the following error.
    Type '{ children: Element[]; className: string; }' is not assignable to type 'IntrinsicAttributes & IntrinsicClassAttributes<View> & Readonly<ViewProps>'.
      Property 'className' does not exist on type 'IntrinsicAttributes & IntrinsicClassAttributes<View> & Readonly<ViewProps>'.
app/(admin)/manage.tsx(145,21): error TS2769: No overload matches this call.
  Overload 1 of 2, '(props: TextProps): Text', gave the following error.
    Type '{ children: string; className: string; }' is not assignable to type 'IntrinsicAttributes & IntrinsicClassAttributes<Text> & Readonly<TextProps>'.
      Property 'className' does not exist on type 'IntrinsicAttributes & IntrinsicClassAttributes<Text> & Readonly<TextProps>'.
  Overload 2 of 2, '(props: TextProps, context: any): Text', gave the following error.
    Type '{ children: string; className: string; }' is not assignable to type 'IntrinsicAttributes & IntrinsicClassAttributes<Text> & Readonly<TextProps>'.
      Property 'className' does not exist on type 'IntrinsicAttributes & IntrinsicClassAttributes<Text> & Readonly<TextProps>'.
app/(admin)/manage.tsx(147,17): error TS2769: No overload matches this call.
  Overload 1 of 2, '(props: TextInputProps): TextInput', gave the following error.
    Type '{ className: string; placeholder: string; placeholderTextColor: string; keyboardType: "numeric"; onChangeText: (t: string) => void; value: string; }' is not assignable to type 'IntrinsicAttributes & IntrinsicClassAttributes<TextInput> & Readonly<TextInputProps>'.
      Property 'className' does not exist on type 'IntrinsicAttributes & IntrinsicClassAttributes<TextInput> & Readonly<TextInputProps>'.
  Overload 2 of 2, '(props: TextInputProps, context: any): TextInput', gave the following error.
    Type '{ className: string; placeholder: string; placeholderTextColor: string; keyboardType: "numeric"; onChangeText: (t: string) => void; value: string; }' is not assignable to type 'IntrinsicAttributes & IntrinsicClassAttributes<TextInput> & Readonly<TextInputProps>'.
      Property 'className' does not exist on type 'IntrinsicAttributes & IntrinsicClassAttributes<TextInput> & Readonly<TextInputProps>'.
app/(admin)/manage.tsx(158,15): error TS2769: No overload matches this call.
  Overload 1 of 2, '(props: TouchableOpacityProps): TouchableOpacity', gave the following error.
    Type '{ children: Element; onPress: () => Promise<void>; className: string; }' is not assignable to type 'IntrinsicAttributes & IntrinsicClassAttributes<TouchableOpacity> & Readonly<TouchableOpacityProps>'.
      Property 'className' does not exist on type 'IntrinsicAttributes & IntrinsicClassAttributes<TouchableOpacity> & Readonly<TouchableOpacityProps>'.
  Overload 2 of 2, '(props: TouchableOpacityProps, context: any): TouchableOpacity', gave the following error.
    Type '{ children: Element; onPress: () => Promise<void>; className: string; }' is not assignable to type 'IntrinsicAttributes & IntrinsicClassAttributes<TouchableOpacity> & Readonly<TouchableOpacityProps>'.
      Property 'className' does not exist on type 'IntrinsicAttributes & IntrinsicClassAttributes<TouchableOpacity> & Readonly<TouchableOpacityProps>'.
app/(admin)/manage.tsx(160,21): error TS2769: No overload matches this call.
  Overload 1 of 2, '(props: TextProps): Text', gave the following error.
    Type '{ children: string; className: string; }' is not assignable to type 'IntrinsicAttributes & IntrinsicClassAttributes<Text> & Readonly<TextProps>'.
      Property 'className' does not exist on type 'IntrinsicAttributes & IntrinsicClassAttributes<Text> & Readonly<TextProps>'.
  Overload 2 of 2, '(props: TextProps, context: any): Text', gave the following error.
    Type '{ children: string; className: string; }' is not assignable to type 'IntrinsicAttributes & IntrinsicClassAttributes<Text> & Readonly<TextProps>'.
      Property 'className' does not exist on type 'IntrinsicAttributes & IntrinsicClassAttributes<Text> & Readonly<TextProps>'.
app/(superadmin)/_layout.tsx(11,13): error TS2769: No overload matches this call.
  Overload 1 of 2, '(props: ViewProps): View', gave the following error.
    Type '{ children: Element; className: string; }' is not assignable to type 'IntrinsicAttributes & IntrinsicClassAttributes<View> & Readonly<ViewProps>'.
      Property 'className' does not exist on type 'IntrinsicAttributes & IntrinsicClassAttributes<View> & Readonly<ViewProps>'.
  Overload 2 of 2, '(props: ViewProps, context: any): View', gave the following error.
    Type '{ children: Element; className: string; }' is not assignable to type 'IntrinsicAttributes & IntrinsicClassAttributes<View> & Readonly<ViewProps>'.
      Property 'className' does not exist on type 'IntrinsicAttributes & IntrinsicClassAttributes<View> & Readonly<ViewProps>'.
app/(superadmin)/_layout.tsx(12,44): error TS2322: Type '{ size: number; color: string; className: string; }' is not assignable to type 'IntrinsicAttributes & LucideProps'.
  Property 'className' does not exist on type 'IntrinsicAttributes & LucideProps'.
app/(superadmin)/cafeterias.tsx(47,11): error TS2769: No overload matches this call.
  Overload 1 of 2, '(props: ViewProps): View', gave the following error.
    Type '{ children: Element[]; className: string; }' is not assignable to type 'IntrinsicAttributes & IntrinsicClassAttributes<View> & Readonly<ViewProps>'.
      Property 'className' does not exist on type 'IntrinsicAttributes & IntrinsicClassAttributes<View> & Readonly<ViewProps>'.
  Overload 2 of 2, '(props: ViewProps, context: any): View', gave the following error.
    Type '{ children: Element[]; className: string; }' is not assignable to type 'IntrinsicAttributes & IntrinsicClassAttributes<View> & Readonly<ViewProps>'.
      Property 'className' does not exist on type 'IntrinsicAttributes & IntrinsicClassAttributes<View> & Readonly<ViewProps>'.
app/(superadmin)/cafeterias.tsx(48,13): error TS2769: No overload matches this call.
  Overload 1 of 2, '(props: ViewProps): View', gave the following error.
    Type '{ children: Element[]; className: string; }' is not assignable to type 'IntrinsicAttributes & IntrinsicClassAttributes<View> & Readonly<ViewProps>'.
      Property 'className' does not exist on type 'IntrinsicAttributes & IntrinsicClassAttributes<View> & Readonly<ViewProps>'.
  Overload 2 of 2, '(props: ViewProps, context: any): View', gave the following error.
    Type '{ children: Element[]; className: string; }' is not assignable to type 'IntrinsicAttributes & IntrinsicClassAttributes<View> & Readonly<ViewProps>'.
      Property 'className' does not exist on type 'IntrinsicAttributes & IntrinsicClassAttributes<View> & Readonly<ViewProps>'.
app/(superadmin)/cafeterias.tsx(49,15): error TS2769: No overload matches this call.
  Overload 1 of 2, '(props: ViewProps): View', gave the following error.
    Type '{ children: Element[]; className: string; }' is not assignable to type 'IntrinsicAttributes & IntrinsicClassAttributes<View> & Readonly<ViewProps>'.
      Property 'className' does not exist on type 'IntrinsicAttributes & IntrinsicClassAttributes<View> & Readonly<ViewProps>'.
  Overload 2 of 2, '(props: ViewProps, context: any): View', gave the following error.
    Type '{ children: Element[]; className: string; }' is not assignable to type 'IntrinsicAttributes & IntrinsicClassAttributes<View> & Readonly<ViewProps>'.
      Property 'className' does not exist on type 'IntrinsicAttributes & IntrinsicClassAttributes<View> & Readonly<ViewProps>'.
app/(superadmin)/cafeterias.tsx(52,13): error TS2769: No overload matches this call.
  Overload 1 of 2, '(props: TouchableOpacityProps): TouchableOpacity', gave the following error.
    Type '{ children: Element; onPress: () => void; className: string; }' is not assignable to type 'IntrinsicAttributes & IntrinsicClassAttributes<TouchableOpacity> & Readonly<TouchableOpacityProps>'.
      Property 'className' does not exist on type 'IntrinsicAttributes & IntrinsicClassAttributes<TouchableOpacity> & Readonly<TouchableOpacityProps>'.
  Overload 2 of 2, '(props: TouchableOpacityProps, context: any): TouchableOpacity', gave the following error.
    Type '{ children: Element; onPress: () => void; className: string; }' is not assignable to type 'IntrinsicAttributes & IntrinsicClassAttributes<TouchableOpacity> & Readonly<TouchableOpacityProps>'.
      Property 'className' does not exist on type 'IntrinsicAttributes & IntrinsicClassAttributes<TouchableOpacity> & Readonly<TouchableOpacityProps>'.
app/(superadmin)/cafeterias.tsx(57,19): error TS2769: No overload matches this call.
  Overload 1 of 2, '(props: TextProps): Text', gave the following error.
    Type '{ children: string; className: string; }' is not assignable to type 'IntrinsicAttributes & IntrinsicClassAttributes<Text> & Readonly<TextProps>'.
      Property 'className' does not exist on type 'IntrinsicAttributes & IntrinsicClassAttributes<Text> & Readonly<TextProps>'.
  Overload 2 of 2, '(props: TextProps, context: any): Text', gave the following error.
    Type '{ children: string; className: string; }' is not assignable to type 'IntrinsicAttributes & IntrinsicClassAttributes<Text> & Readonly<TextProps>'.
      Property 'className' does not exist on type 'IntrinsicAttributes & IntrinsicClassAttributes<Text> & Readonly<TextProps>'.
app/(superadmin)/cafeterias.tsx(58,19): error TS2769: No overload matches this call.
  Overload 1 of 2, '(props: TextProps): Text', gave the following error.
    Type '{ children: string; className: string; }' is not assignable to type 'IntrinsicAttributes & IntrinsicClassAttributes<Text> & Readonly<TextProps>'.
      Property 'className' does not exist on type 'IntrinsicAttributes & IntrinsicClassAttributes<Text> & Readonly<TextProps>'.
  Overload 2 of 2, '(props: TextProps, context: any): Text', gave the following error.
    Type '{ children: string; className: string; }' is not assignable to type 'IntrinsicAttributes & IntrinsicClassAttributes<Text> & Readonly<TextProps>'.
      Property 'className' does not exist on type 'IntrinsicAttributes & IntrinsicClassAttributes<Text> & Readonly<TextProps>'.
app/(superadmin)/cafeterias.tsx(63,11): error TS2769: No overload matches this call.
  Overload 1 of 2, '(props: TouchableOpacityProps): TouchableOpacity', gave the following error.
    Type '{ children: Element; onPress: () => void; className: string; }' is not assignable to type 'IntrinsicAttributes & IntrinsicClassAttributes<TouchableOpacity> & Readonly<TouchableOpacityProps>'.
      Property 'className' does not exist on type 'IntrinsicAttributes & IntrinsicClassAttributes<TouchableOpacity> & Readonly<TouchableOpacityProps>'.
  Overload 2 of 2, '(props: TouchableOpacityProps, context: any): TouchableOpacity', gave the following error.
    Type '{ children: Element; onPress: () => void; className: string; }' is not assignable to type 'IntrinsicAttributes & IntrinsicClassAttributes<TouchableOpacity> & Readonly<TouchableOpacityProps>'.
      Property 'className' does not exist on type 'IntrinsicAttributes & IntrinsicClassAttributes<TouchableOpacity> & Readonly<TouchableOpacityProps>'.
app/(superadmin)/cafeterias.tsx(70,9): error TS2769: No overload matches this call.
  Overload 1 of 2, '(props: ScrollViewProps): ScrollView', gave the following error.
    Type '{ children: Element; className: string; refreshControl: Element; }' is not assignable to type 'IntrinsicAttributes & IntrinsicClassAttributes<ScrollView> & Readonly<ScrollViewProps>'.
      Property 'className' does not exist on type 'IntrinsicAttributes & IntrinsicClassAttributes<ScrollView> & Readonly<ScrollViewProps>'.
  Overload 2 of 2, '(props: ScrollViewProps, context: any): ScrollView', gave the following error.
    Type '{ children: Element; className: string; refreshControl: Element; }' is not assignable to type 'IntrinsicAttributes & IntrinsicClassAttributes<ScrollView> & Readonly<ScrollViewProps>'.
      Property 'className' does not exist on type 'IntrinsicAttributes & IntrinsicClassAttributes<ScrollView> & Readonly<ScrollViewProps>'.
app/(superadmin)/cafeterias.tsx(73,15): error TS2769: No overload matches this call.
  Overload 1 of 2, '(props: ViewProps): View', gave the following error.
    Type '{ children: Element[]; className: string; }' is not assignable to type 'IntrinsicAttributes & IntrinsicClassAttributes<View> & Readonly<ViewProps>'.
      Property 'className' does not exist on type 'IntrinsicAttributes & IntrinsicClassAttributes<View> & Readonly<ViewProps>'.
  Overload 2 of 2, '(props: ViewProps, context: any): View', gave the following error.
    Type '{ children: Element[]; className: string; }' is not assignable to type 'IntrinsicAttributes & IntrinsicClassAttributes<View> & Readonly<ViewProps>'.
      Property 'className' does not exist on type 'IntrinsicAttributes & IntrinsicClassAttributes<View> & Readonly<ViewProps>'.
app/(superadmin)/cafeterias.tsx(75,33): error TS2769: No overload matches this call.
  Overload 1 of 2, '(props: ViewProps): View', gave the following error.
    Type '{ children: Element[]; key: string; className: string; }' is not assignable to type 'IntrinsicAttributes & IntrinsicClassAttributes<View> & Readonly<ViewProps>'.
      Property 'className' does not exist on type 'IntrinsicAttributes & IntrinsicClassAttributes<View> & Readonly<ViewProps>'.
  Overload 2 of 2, '(props: ViewProps, context: any): View', gave the following error.
    Type '{ children: Element[]; key: string; className: string; }' is not assignable to type 'IntrinsicAttributes & IntrinsicClassAttributes<View> & Readonly<ViewProps>'.
      Property 'className' does not exist on type 'IntrinsicAttributes & IntrinsicClassAttributes<View> & Readonly<ViewProps>'.
app/(superadmin)/cafeterias.tsx(76,22): error TS2769: No overload matches this call.
  Overload 1 of 2, '(props: ViewProps): View', gave the following error.
    Type '{ className: string; }' is not assignable to type 'IntrinsicAttributes & IntrinsicClassAttributes<View> & Readonly<ViewProps>'.
      Property 'className' does not exist on type 'IntrinsicAttributes & IntrinsicClassAttributes<View> & Readonly<ViewProps>'.
  Overload 2 of 2, '(props: ViewProps, context: any): View', gave the following error.
    Type '{ className: string; }' is not assignable to type 'IntrinsicAttributes & IntrinsicClassAttributes<View> & Readonly<ViewProps>'.
      Property 'className' does not exist on type 'IntrinsicAttributes & IntrinsicClassAttributes<View> & Readonly<ViewProps>'.
app/(superadmin)/cafeterias.tsx(77,22): error TS2769: No overload matches this call.
  Overload 1 of 2, '(props: ViewProps): View', gave the following error.
    Type '{ children: Element; className: string; }' is not assignable to type 'IntrinsicAttributes & IntrinsicClassAttributes<View> & Readonly<ViewProps>'.
      Property 'className' does not exist on type 'IntrinsicAttributes & IntrinsicClassAttributes<View> & Readonly<ViewProps>'.
  Overload 2 of 2, '(props: ViewProps, context: any): View', gave the following error.
    Type '{ children: Element; className: string; }' is not assignable to type 'IntrinsicAttributes & IntrinsicClassAttributes<View> & Readonly<ViewProps>'.
      Property 'className' does not exist on type 'IntrinsicAttributes & IntrinsicClassAttributes<View> & Readonly<ViewProps>'.
app/(superadmin)/cafeterias.tsx(80,22): error TS2769: No overload matches this call.
  Overload 1 of 2, '(props: ViewProps): View', gave the following error.
    Type '{ children: Element[]; className: string; }' is not assignable to type 'IntrinsicAttributes & IntrinsicClassAttributes<View> & Readonly<ViewProps>'.
      Property 'className' does not exist on type 'IntrinsicAttributes & IntrinsicClassAttributes<View> & Readonly<ViewProps>'.
  Overload 2 of 2, '(props: ViewProps, context: any): View', gave the following error.
    Type '{ children: Element[]; className: string; }' is not assignable to type 'IntrinsicAttributes & IntrinsicClassAttributes<View> & Readonly<ViewProps>'.
      Property 'className' does not exist on type 'IntrinsicAttributes & IntrinsicClassAttributes<View> & Readonly<ViewProps>'.
app/(superadmin)/cafeterias.tsx(81,25): error TS2769: No overload matches this call.
  Overload 1 of 2, '(props: TextProps): Text', gave the following error.
    Type '{ children: string; className: string; numberOfLines: number; }' is not assignable to type 'IntrinsicAttributes & IntrinsicClassAttributes<Text> & Readonly<TextProps>'.
      Property 'className' does not exist on type 'IntrinsicAttributes & IntrinsicClassAttributes<Text> & Readonly<TextProps>'.
  Overload 2 of 2, '(props: TextProps, context: any): Text', gave the following error.
    Type '{ children: string; className: string; numberOfLines: number; }' is not assignable to type 'IntrinsicAttributes & IntrinsicClassAttributes<Text> & Readonly<TextProps>'.
      Property 'className' does not exist on type 'IntrinsicAttributes & IntrinsicClassAttributes<Text> & Readonly<TextProps>'.
app/(superadmin)/cafeterias.tsx(82,25): error TS2769: No overload matches this call.
  Overload 1 of 2, '(props: ViewProps): View', gave the following error.
    Type '{ children: Element[]; className: string; }' is not assignable to type 'IntrinsicAttributes & IntrinsicClassAttributes<View> & Readonly<ViewProps>'.
      Property 'className' does not exist on type 'IntrinsicAttributes & IntrinsicClassAttributes<View> & Readonly<ViewProps>'.
  Overload 2 of 2, '(props: ViewProps, context: any): View', gave the following error.
    Type '{ children: Element[]; className: string; }' is not assignable to type 'IntrinsicAttributes & IntrinsicClassAttributes<View> & Readonly<ViewProps>'.
      Property 'className' does not exist on type 'IntrinsicAttributes & IntrinsicClassAttributes<View> & Readonly<ViewProps>'.
app/(superadmin)/cafeterias.tsx(84,27): error TS2769: No overload matches this call.
  Overload 1 of 2, '(props: TextProps): Text', gave the following error.
    Type '{ children: string; className: string; numberOfLines: number; }' is not assignable to type 'IntrinsicAttributes & IntrinsicClassAttributes<Text> & Readonly<TextProps>'.
      Property 'className' does not exist on type 'IntrinsicAttributes & IntrinsicClassAttributes<Text> & Readonly<TextProps>'.
  Overload 2 of 2, '(props: TextProps, context: any): Text', gave the following error.
    Type '{ children: string; className: string; numberOfLines: number; }' is not assignable to type 'IntrinsicAttributes & IntrinsicClassAttributes<Text> & Readonly<TextProps>'.
      Property 'className' does not exist on type 'IntrinsicAttributes & IntrinsicClassAttributes<Text> & Readonly<TextProps>'.
app/(superadmin)/cafeterias.tsx(94,15): error TS2769: No overload matches this call.
  Overload 1 of 2, '(props: ViewProps): View', gave the following error.
    Type '{ children: Element[]; className: string; }' is not assignable to type 'IntrinsicAttributes & IntrinsicClassAttributes<View> & Readonly<ViewProps>'.
      Property 'className' does not exist on type 'IntrinsicAttributes & IntrinsicClassAttributes<View> & Readonly<ViewProps>'.
  Overload 2 of 2, '(props: ViewProps, context: any): View', gave the following error.
    Type '{ children: Element[]; className: string; }' is not assignable to type 'IntrinsicAttributes & IntrinsicClassAttributes<View> & Readonly<ViewProps>'.
      Property 'className' does not exist on type 'IntrinsicAttributes & IntrinsicClassAttributes<View> & Readonly<ViewProps>'.
app/(superadmin)/cafeterias.tsx(95,19): error TS2769: No overload matches this call.
  Overload 1 of 2, '(props: ViewProps): View', gave the following error.
    Type '{ children: Element[]; className: string; }' is not assignable to type 'IntrinsicAttributes & IntrinsicClassAttributes<View> & Readonly<ViewProps>'.
      Property 'className' does not exist on type 'IntrinsicAttributes & IntrinsicClassAttributes<View> & Readonly<ViewProps>'.
  Overload 2 of 2, '(props: ViewProps, context: any): View', gave the following error.
    Type '{ children: Element[]; className: string; }' is not assignable to type 'IntrinsicAttributes & IntrinsicClassAttributes<View> & Readonly<ViewProps>'.
      Property 'className' does not exist on type 'IntrinsicAttributes & IntrinsicClassAttributes<View> & Readonly<ViewProps>'.
app/(superadmin)/cafeterias.tsx(96,23): error TS2769: No overload matches this call.
  Overload 1 of 2, '(props: TextProps): Text', gave the following error.
    Type '{ children: string; className: string; }' is not assignable to type 'IntrinsicAttributes & IntrinsicClassAttributes<Text> & Readonly<TextProps>'.
      Property 'className' does not exist on type 'IntrinsicAttributes & IntrinsicClassAttributes<Text> & Readonly<TextProps>'.
  Overload 2 of 2, '(props: TextProps, context: any): Text', gave the following error.
    Type '{ children: string; className: string; }' is not assignable to type 'IntrinsicAttributes & IntrinsicClassAttributes<Text> & Readonly<TextProps>'.
      Property 'className' does not exist on type 'IntrinsicAttributes & IntrinsicClassAttributes<Text> & Readonly<TextProps>'.
app/(superadmin)/cafeterias.tsx(97,74): error TS2769: No overload matches this call.
  Overload 1 of 2, '(props: TouchableOpacityProps): TouchableOpacity', gave the following error.
    Type '{ children: Element; onPress: () => void; className: string; }' is not assignable to type 'IntrinsicAttributes & IntrinsicClassAttributes<TouchableOpacity> & Readonly<TouchableOpacityProps>'.
      Property 'className' does not exist on type 'IntrinsicAttributes & IntrinsicClassAttributes<TouchableOpacity> & Readonly<TouchableOpacityProps>'.
  Overload 2 of 2, '(props: TouchableOpacityProps, context: any): TouchableOpacity', gave the following error.
    Type '{ children: Element; onPress: () => void; className: string; }' is not assignable to type 'IntrinsicAttributes & IntrinsicClassAttributes<TouchableOpacity> & Readonly<TouchableOpacityProps>'.
      Property 'className' does not exist on type 'IntrinsicAttributes & IntrinsicClassAttributes<TouchableOpacity> & Readonly<TouchableOpacityProps>'.
app/(superadmin)/cafeterias.tsx(102,19): error TS2769: No overload matches this call.
  Overload 1 of 2, '(props: ViewProps): View', gave the following error.
    Type '{ children: Element[]; className: string; }' is not assignable to type 'IntrinsicAttributes & IntrinsicClassAttributes<View> & Readonly<ViewProps>'.
      Property 'className' does not exist on type 'IntrinsicAttributes & IntrinsicClassAttributes<View> & Readonly<ViewProps>'.
  Overload 2 of 2, '(props: ViewProps, context: any): View', gave the following error.
    Type '{ children: Element[]; className: string; }' is not assignable to type 'IntrinsicAttributes & IntrinsicClassAttributes<View> & Readonly<ViewProps>'.
      Property 'className' does not exist on type 'IntrinsicAttributes & IntrinsicClassAttributes<View> & Readonly<ViewProps>'.
app/(superadmin)/cafeterias.tsx(103,23): error TS2769: No overload matches this call.
  Overload 1 of 2, '(props: ViewProps): View', gave the following error.
    Type '{ children: Element[]; className: string; }' is not assignable to type 'IntrinsicAttributes & IntrinsicClassAttributes<View> & Readonly<ViewProps>'.
      Property 'className' does not exist on type 'IntrinsicAttributes & IntrinsicClassAttributes<View> & Readonly<ViewProps>'.
  Overload 2 of 2, '(props: ViewProps, context: any): View', gave the following error.
    Type '{ children: Element[]; className: string; }' is not assignable to type 'IntrinsicAttributes & IntrinsicClassAttributes<View> & Readonly<ViewProps>'.
      Property 'className' does not exist on type 'IntrinsicAttributes & IntrinsicClassAttributes<View> & Readonly<ViewProps>'.
app/(superadmin)/cafeterias.tsx(104,27): error TS2769: No overload matches this call.
  Overload 1 of 2, '(props: TextProps): Text', gave the following error.
    Type '{ children: string; className: string; }' is not assignable to type 'IntrinsicAttributes & IntrinsicClassAttributes<Text> & Readonly<TextProps>'.
      Property 'className' does not exist on type 'IntrinsicAttributes & IntrinsicClassAttributes<Text> & Readonly<TextProps>'.
  Overload 2 of 2, '(props: TextProps, context: any): Text', gave the following error.
    Type '{ children: string; className: string; }' is not assignable to type 'IntrinsicAttributes & IntrinsicClassAttributes<Text> & Readonly<TextProps>'.
      Property 'className' does not exist on type 'IntrinsicAttributes & IntrinsicClassAttributes<Text> & Readonly<TextProps>'.
app/(superadmin)/cafeterias.tsx(106,25): error TS2769: No overload matches this call.
  Overload 1 of 2, '(props: TextInputProps): TextInput', gave the following error.
    Type '{ className: string; placeholder: string; placeholderTextColor: string; onChangeText: (t: string) => void; }' is not assignable to type 'IntrinsicAttributes & IntrinsicClassAttributes<TextInput> & Readonly<TextInputProps>'.
      Property 'className' does not exist on type 'IntrinsicAttributes & IntrinsicClassAttributes<TextInput> & Readonly<TextInputProps>'.
  Overload 2 of 2, '(props: TextInputProps, context: any): TextInput', gave the following error.
    Type '{ className: string; placeholder: string; placeholderTextColor: string; onChangeText: (t: string) => void; }' is not assignable to type 'IntrinsicAttributes & IntrinsicClassAttributes<TextInput> & Readonly<TextInputProps>'.
      Property 'className' does not exist on type 'IntrinsicAttributes & IntrinsicClassAttributes<TextInput> & Readonly<TextInputProps>'.
app/(superadmin)/cafeterias.tsx(113,23): error TS2769: No overload matches this call.
  Overload 1 of 2, '(props: ViewProps): View', gave the following error.
    Type '{ children: Element[]; className: string; }' is not assignable to type 'IntrinsicAttributes & IntrinsicClassAttributes<View> & Readonly<ViewProps>'.
      Property 'className' does not exist on type 'IntrinsicAttributes & IntrinsicClassAttributes<View> & Readonly<ViewProps>'.
  Overload 2 of 2, '(props: ViewProps, context: any): View', gave the following error.
    Type '{ children: Element[]; className: string; }' is not assignable to type 'IntrinsicAttributes & IntrinsicClassAttributes<View> & Readonly<ViewProps>'.
      Property 'className' does not exist on type 'IntrinsicAttributes & IntrinsicClassAttributes<View> & Readonly<ViewProps>'.
app/(superadmin)/cafeterias.tsx(114,27): error TS2769: No overload matches this call.
  Overload 1 of 2, '(props: TextProps): Text', gave the following error.
    Type '{ children: string; className: string; }' is not assignable to type 'IntrinsicAttributes & IntrinsicClassAttributes<Text> & Readonly<TextProps>'.
      Property 'className' does not exist on type 'IntrinsicAttributes & IntrinsicClassAttributes<Text> & Readonly<TextProps>'.
  Overload 2 of 2, '(props: TextProps, context: any): Text', gave the following error.
    Type '{ children: string; className: string; }' is not assignable to type 'IntrinsicAttributes & IntrinsicClassAttributes<Text> & Readonly<TextProps>'.
      Property 'className' does not exist on type 'IntrinsicAttributes & IntrinsicClassAttributes<Text> & Readonly<TextProps>'.
app/(superadmin)/cafeterias.tsx(116,25): error TS2769: No overload matches this call.
  Overload 1 of 2, '(props: TextInputProps): TextInput', gave the following error.
    Type '{ className: string; placeholder: string; placeholderTextColor: string; onChangeText: (t: string) => void; }' is not assignable to type 'IntrinsicAttributes & IntrinsicClassAttributes<TextInput> & Readonly<TextInputProps>'.
      Property 'className' does not exist on type 'IntrinsicAttributes & IntrinsicClassAttributes<TextInput> & Readonly<TextInputProps>'.
  Overload 2 of 2, '(props: TextInputProps, context: any): TextInput', gave the following error.
    Type '{ className: string; placeholder: string; placeholderTextColor: string; onChangeText: (t: string) => void; }' is not assignable to type 'IntrinsicAttributes & IntrinsicClassAttributes<TextInput> & Readonly<TextInputProps>'.
      Property 'className' does not exist on type 'IntrinsicAttributes & IntrinsicClassAttributes<TextInput> & Readonly<TextInputProps>'.
app/(superadmin)/cafeterias.tsx(125,21): error TS2769: No overload matches this call.
  Overload 1 of 2, '(props: TouchableOpacityProps): TouchableOpacity', gave the following error.
    Type '{ children: Element; onPress: () => Promise<void>; className: string; }' is not assignable to type 'IntrinsicAttributes & IntrinsicClassAttributes<TouchableOpacity> & Readonly<TouchableOpacityProps>'.
      Property 'className' does not exist on type 'IntrinsicAttributes & IntrinsicClassAttributes<TouchableOpacity> & Readonly<TouchableOpacityProps>'.
  Overload 2 of 2, '(props: TouchableOpacityProps, context: any): TouchableOpacity', gave the following error.
    Type '{ children: Element; onPress: () => Promise<void>; className: string; }' is not assignable to type 'IntrinsicAttributes & IntrinsicClassAttributes<TouchableOpacity> & Readonly<TouchableOpacityProps>'.
      Property 'className' does not exist on type 'IntrinsicAttributes & IntrinsicClassAttributes<TouchableOpacity> & Readonly<TouchableOpacityProps>'.
app/(superadmin)/cafeterias.tsx(127,27): error TS2769: No overload matches this call.
  Overload 1 of 2, '(props: TextProps): Text', gave the following error.
    Type '{ children: string; className: string; }' is not assignable to type 'IntrinsicAttributes & IntrinsicClassAttributes<Text> & Readonly<TextProps>'.
      Property 'className' does not exist on type 'IntrinsicAttributes & IntrinsicClassAttributes<Text> & Readonly<TextProps>'.
  Overload 2 of 2, '(props: TextProps, context: any): Text', gave the following error.
    Type '{ children: string; className: string; }' is not assignable to type 'IntrinsicAttributes & IntrinsicClassAttributes<Text> & Readonly<TextProps>'.
      Property 'className' does not exist on type 'IntrinsicAttributes & IntrinsicClassAttributes<Text> & Readonly<TextProps>'.
app/(superadmin)/index.tsx(40,11): error TS2769: No overload matches this call.
  Overload 1 of 2, '(props: ViewProps): View', gave the following error.
    Type '{ children: Element[]; className: string; }' is not assignable to type 'IntrinsicAttributes & IntrinsicClassAttributes<View> & Readonly<ViewProps>'.
      Property 'className' does not exist on type 'IntrinsicAttributes & IntrinsicClassAttributes<View> & Readonly<ViewProps>'.
  Overload 2 of 2, '(props: ViewProps, context: any): View', gave the following error.
    Type '{ children: Element[]; className: string; }' is not assignable to type 'IntrinsicAttributes & IntrinsicClassAttributes<View> & Readonly<ViewProps>'.
      Property 'className' does not exist on type 'IntrinsicAttributes & IntrinsicClassAttributes<View> & Readonly<ViewProps>'.
app/(superadmin)/index.tsx(41,13): error TS2769: No overload matches this call.
  Overload 1 of 2, '(props: ViewProps): View', gave the following error.
    Type '{ className: string; }' is not assignable to type 'IntrinsicAttributes & IntrinsicClassAttributes<View> & Readonly<ViewProps>'.
      Property 'className' does not exist on type 'IntrinsicAttributes & IntrinsicClassAttributes<View> & Readonly<ViewProps>'.
  Overload 2 of 2, '(props: ViewProps, context: any): View', gave the following error.
    Type '{ className: string; }' is not assignable to type 'IntrinsicAttributes & IntrinsicClassAttributes<View> & Readonly<ViewProps>'.
      Property 'className' does not exist on type 'IntrinsicAttributes & IntrinsicClassAttributes<View> & Readonly<ViewProps>'.
app/(superadmin)/index.tsx(42,13): error TS2769: No overload matches this call.
  Overload 1 of 2, '(props: ViewProps): View', gave the following error.
    Type '{ children: Element; className: string; style: { backgroundColor: string; }; }' is not assignable to type 'IntrinsicAttributes & IntrinsicClassAttributes<View> & Readonly<ViewProps>'.
      Property 'className' does not exist on type 'IntrinsicAttributes & IntrinsicClassAttributes<View> & Readonly<ViewProps>'.
  Overload 2 of 2, '(props: ViewProps, context: any): View', gave the following error.
    Type '{ children: Element; className: string; style: { backgroundColor: string; }; }' is not assignable to type 'IntrinsicAttributes & IntrinsicClassAttributes<View> & Readonly<ViewProps>'.
      Property 'className' does not exist on type 'IntrinsicAttributes & IntrinsicClassAttributes<View> & Readonly<ViewProps>'.
app/(superadmin)/index.tsx(45,13): error TS2769: No overload matches this call.
  Overload 1 of 2, '(props: TextProps): Text', gave the following error.
    Type '{ children: any; className: string; }' is not assignable to type 'IntrinsicAttributes & IntrinsicClassAttributes<Text> & Readonly<TextProps>'.
      Property 'className' does not exist on type 'IntrinsicAttributes & IntrinsicClassAttributes<Text> & Readonly<TextProps>'.
  Overload 2 of 2, '(props: TextProps, context: any): Text', gave the following error.
    Type '{ children: any; className: string; }' is not assignable to type 'IntrinsicAttributes & IntrinsicClassAttributes<Text> & Readonly<TextProps>'.
      Property 'className' does not exist on type 'IntrinsicAttributes & IntrinsicClassAttributes<Text> & Readonly<TextProps>'.
app/(superadmin)/index.tsx(46,13): error TS2769: No overload matches this call.
  Overload 1 of 2, '(props: TextProps): Text', gave the following error.
    Type '{ children: any; className: string; }' is not assignable to type 'IntrinsicAttributes & IntrinsicClassAttributes<Text> & Readonly<TextProps>'.
      Property 'className' does not exist on type 'IntrinsicAttributes & IntrinsicClassAttributes<Text> & Readonly<TextProps>'.
  Overload 2 of 2, '(props: TextProps, context: any): Text', gave the following error.
    Type '{ children: any; className: string; }' is not assignable to type 'IntrinsicAttributes & IntrinsicClassAttributes<Text> & Readonly<TextProps>'.
      Property 'className' does not exist on type 'IntrinsicAttributes & IntrinsicClassAttributes<Text> & Readonly<TextProps>'.
app/(superadmin)/index.tsx(51,11): error TS2769: No overload matches this call.
  Overload 1 of 2, '(props: ViewProps): View', gave the following error.
    Type '{ children: Element[]; className: string; }' is not assignable to type 'IntrinsicAttributes & IntrinsicClassAttributes<View> & Readonly<ViewProps>'.
      Property 'className' does not exist on type 'IntrinsicAttributes & IntrinsicClassAttributes<View> & Readonly<ViewProps>'.
  Overload 2 of 2, '(props: ViewProps, context: any): View', gave the following error.
    Type '{ children: Element[]; className: string; }' is not assignable to type 'IntrinsicAttributes & IntrinsicClassAttributes<View> & Readonly<ViewProps>'.
      Property 'className' does not exist on type 'IntrinsicAttributes & IntrinsicClassAttributes<View> & Readonly<ViewProps>'.
app/(superadmin)/index.tsx(52,13): error TS2769: No overload matches this call.
  Overload 1 of 2, '(props: ViewProps): View', gave the following error.
    Type '{ children: Element[]; className: string; }' is not assignable to type 'IntrinsicAttributes & IntrinsicClassAttributes<View> & Readonly<ViewProps>'.
      Property 'className' does not exist on type 'IntrinsicAttributes & IntrinsicClassAttributes<View> & Readonly<ViewProps>'.
  Overload 2 of 2, '(props: ViewProps, context: any): View', gave the following error.
    Type '{ children: Element[]; className: string; }' is not assignable to type 'IntrinsicAttributes & IntrinsicClassAttributes<View> & Readonly<ViewProps>'.
      Property 'className' does not exist on type 'IntrinsicAttributes & IntrinsicClassAttributes<View> & Readonly<ViewProps>'.
app/(superadmin)/index.tsx(55,11): error TS2769: No overload matches this call.
  Overload 1 of 2, '(props: TouchableOpacityProps): TouchableOpacity', gave the following error.
    Type '{ children: Element; onPress: () => void; className: string; }' is not assignable to type 'IntrinsicAttributes & IntrinsicClassAttributes<TouchableOpacity> & Readonly<TouchableOpacityProps>'.
      Property 'className' does not exist on type 'IntrinsicAttributes & IntrinsicClassAttributes<TouchableOpacity> & Readonly<TouchableOpacityProps>'.
  Overload 2 of 2, '(props: TouchableOpacityProps, context: any): TouchableOpacity', gave the following error.
    Type '{ children: Element; onPress: () => void; className: string; }' is not assignable to type 'IntrinsicAttributes & IntrinsicClassAttributes<TouchableOpacity> & Readonly<TouchableOpacityProps>'.
      Property 'className' does not exist on type 'IntrinsicAttributes & IntrinsicClassAttributes<TouchableOpacity> & Readonly<TouchableOpacityProps>'.
app/(superadmin)/index.tsx(60,17): error TS2769: No overload matches this call.
  Overload 1 of 2, '(props: TextProps): Text', gave the following error.
    Type '{ children: string; className: string; }' is not assignable to type 'IntrinsicAttributes & IntrinsicClassAttributes<Text> & Readonly<TextProps>'.
      Property 'className' does not exist on type 'IntrinsicAttributes & IntrinsicClassAttributes<Text> & Readonly<TextProps>'.
  Overload 2 of 2, '(props: TextProps, context: any): Text', gave the following error.
    Type '{ children: string; className: string; }' is not assignable to type 'IntrinsicAttributes & IntrinsicClassAttributes<Text> & Readonly<TextProps>'.
      Property 'className' does not exist on type 'IntrinsicAttributes & IntrinsicClassAttributes<Text> & Readonly<TextProps>'.
app/(superadmin)/index.tsx(61,17): error TS2769: No overload matches this call.
  Overload 1 of 2, '(props: TextProps): Text', gave the following error.
    Type '{ children: string; className: string; }' is not assignable to type 'IntrinsicAttributes & IntrinsicClassAttributes<Text> & Readonly<TextProps>'.
      Property 'className' does not exist on type 'IntrinsicAttributes & IntrinsicClassAttributes<Text> & Readonly<TextProps>'.
  Overload 2 of 2, '(props: TextProps, context: any): Text', gave the following error.
    Type '{ children: string; className: string; }' is not assignable to type 'IntrinsicAttributes & IntrinsicClassAttributes<Text> & Readonly<TextProps>'.
      Property 'className' does not exist on type 'IntrinsicAttributes & IntrinsicClassAttributes<Text> & Readonly<TextProps>'.
app/(superadmin)/index.tsx(66,9): error TS2769: No overload matches this call.
  Overload 1 of 2, '(props: ScrollViewProps): ScrollView', gave the following error.
    Type '{ children: Element[]; className: string; refreshControl: Element; }' is not assignable to type 'IntrinsicAttributes & IntrinsicClassAttributes<ScrollView> & Readonly<ScrollViewProps>'.
      Property 'className' does not exist on type 'IntrinsicAttributes & IntrinsicClassAttributes<ScrollView> & Readonly<ScrollViewProps>'.
  Overload 2 of 2, '(props: ScrollViewProps, context: any): ScrollView', gave the following error.
    Type '{ children: Element[]; className: string; refreshControl: Element; }' is not assignable to type 'IntrinsicAttributes & IntrinsicClassAttributes<ScrollView> & Readonly<ScrollViewProps>'.
      Property 'className' does not exist on type 'IntrinsicAttributes & IntrinsicClassAttributes<ScrollView> & Readonly<ScrollViewProps>'.
app/(superadmin)/index.tsx(69,15): error TS2769: No overload matches this call.
  Overload 1 of 2, '(props: ViewProps): View', gave the following error.
    Type '{ children: Element[]; className: string; }' is not assignable to type 'IntrinsicAttributes & IntrinsicClassAttributes<View> & Readonly<ViewProps>'.
      Property 'className' does not exist on type 'IntrinsicAttributes & IntrinsicClassAttributes<View> & Readonly<ViewProps>'.
  Overload 2 of 2, '(props: ViewProps, context: any): View', gave the following error.
    Type '{ children: Element[]; className: string; }' is not assignable to type 'IntrinsicAttributes & IntrinsicClassAttributes<View> & Readonly<ViewProps>'.
      Property 'className' does not exist on type 'IntrinsicAttributes & IntrinsicClassAttributes<View> & Readonly<ViewProps>'.
app/(superadmin)/index.tsx(76,15): error TS2769: No overload matches this call.
  Overload 1 of 2, '(props: ViewProps): View', gave the following error.
    Type '{ children: Element[]; className: string; }' is not assignable to type 'IntrinsicAttributes & IntrinsicClassAttributes<View> & Readonly<ViewProps>'.
      Property 'className' does not exist on type 'IntrinsicAttributes & IntrinsicClassAttributes<View> & Readonly<ViewProps>'.
  Overload 2 of 2, '(props: ViewProps, context: any): View', gave the following error.
    Type '{ children: Element[]; className: string; }' is not assignable to type 'IntrinsicAttributes & IntrinsicClassAttributes<View> & Readonly<ViewProps>'.
      Property 'className' does not exist on type 'IntrinsicAttributes & IntrinsicClassAttributes<View> & Readonly<ViewProps>'.
app/(superadmin)/index.tsx(77,20): error TS2769: No overload matches this call.
  Overload 1 of 2, '(props: ViewProps): View', gave the following error.
    Type '{ className: string; }' is not assignable to type 'IntrinsicAttributes & IntrinsicClassAttributes<View> & Readonly<ViewProps>'.
      Property 'className' does not exist on type 'IntrinsicAttributes & IntrinsicClassAttributes<View> & Readonly<ViewProps>'.
  Overload 2 of 2, '(props: ViewProps, context: any): View', gave the following error.
    Type '{ className: string; }' is not assignable to type 'IntrinsicAttributes & IntrinsicClassAttributes<View> & Readonly<ViewProps>'.
      Property 'className' does not exist on type 'IntrinsicAttributes & IntrinsicClassAttributes<View> & Readonly<ViewProps>'.
app/(superadmin)/index.tsx(79,19): error TS2769: No overload matches this call.
  Overload 1 of 2, '(props: ViewProps): View', gave the following error.
    Type '{ children: Element[]; className: string; }' is not assignable to type 'IntrinsicAttributes & IntrinsicClassAttributes<View> & Readonly<ViewProps>'.
      Property 'className' does not exist on type 'IntrinsicAttributes & IntrinsicClassAttributes<View> & Readonly<ViewProps>'.
  Overload 2 of 2, '(props: ViewProps, context: any): View', gave the following error.
    Type '{ children: Element[]; className: string; }' is not assignable to type 'IntrinsicAttributes & IntrinsicClassAttributes<View> & Readonly<ViewProps>'.
      Property 'className' does not exist on type 'IntrinsicAttributes & IntrinsicClassAttributes<View> & Readonly<ViewProps>'.
app/(superadmin)/index.tsx(80,23): error TS2769: No overload matches this call.
  Overload 1 of 2, '(props: TextProps): Text', gave the following error.
    Type '{ children: string; className: string; }' is not assignable to type 'IntrinsicAttributes & IntrinsicClassAttributes<Text> & Readonly<TextProps>'.
      Property 'className' does not exist on type 'IntrinsicAttributes & IntrinsicClassAttributes<Text> & Readonly<TextProps>'.
  Overload 2 of 2, '(props: TextProps, context: any): Text', gave the following error.
    Type '{ children: string; className: string; }' is not assignable to type 'IntrinsicAttributes & IntrinsicClassAttributes<Text> & Readonly<TextProps>'.
      Property 'className' does not exist on type 'IntrinsicAttributes & IntrinsicClassAttributes<Text> & Readonly<TextProps>'.
app/(superadmin)/index.tsx(81,23): error TS2769: No overload matches this call.
  Overload 1 of 2, '(props: TextProps): Text', gave the following error.
    Type '{ children: string; className: string; }' is not assignable to type 'IntrinsicAttributes & IntrinsicClassAttributes<Text> & Readonly<TextProps>'.
      Property 'className' does not exist on type 'IntrinsicAttributes & IntrinsicClassAttributes<Text> & Readonly<TextProps>'.
  Overload 2 of 2, '(props: TextProps, context: any): Text', gave the following error.
    Type '{ children: string; className: string; }' is not assignable to type 'IntrinsicAttributes & IntrinsicClassAttributes<Text> & Readonly<TextProps>'.
      Property 'className' does not exist on type 'IntrinsicAttributes & IntrinsicClassAttributes<Text> & Readonly<TextProps>'.
app/(superadmin)/index.tsx(85,15): error TS2769: No overload matches this call.
  Overload 1 of 2, '(props: ViewProps): View', gave the following error.
    Type '{ className: string; }' is not assignable to type 'IntrinsicAttributes & IntrinsicClassAttributes<View> & Readonly<ViewProps>'.
      Property 'className' does not exist on type 'IntrinsicAttributes & IntrinsicClassAttributes<View> & Readonly<ViewProps>'.
  Overload 2 of 2, '(props: ViewProps, context: any): View', gave the following error.
    Type '{ className: string; }' is not assignable to type 'IntrinsicAttributes & IntrinsicClassAttributes<View> & Readonly<ViewProps>'.
      Property 'className' does not exist on type 'IntrinsicAttributes & IntrinsicClassAttributes<View> & Readonly<ViewProps>'.
app/(superadmin)/users.tsx(51,11): error TS2769: No overload matches this call.
  Overload 1 of 2, '(props: ViewProps): View', gave the following error.
    Type '{ children: Element[]; className: string; }' is not assignable to type 'IntrinsicAttributes & IntrinsicClassAttributes<View> & Readonly<ViewProps>'.
      Property 'className' does not exist on type 'IntrinsicAttributes & IntrinsicClassAttributes<View> & Readonly<ViewProps>'.
  Overload 2 of 2, '(props: ViewProps, context: any): View', gave the following error.
    Type '{ children: Element[]; className: string; }' is not assignable to type 'IntrinsicAttributes & IntrinsicClassAttributes<View> & Readonly<ViewProps>'.
      Property 'className' does not exist on type 'IntrinsicAttributes & IntrinsicClassAttributes<View> & Readonly<ViewProps>'.
app/(superadmin)/users.tsx(52,13): error TS2769: No overload matches this call.
  Overload 1 of 2, '(props: ViewProps): View', gave the following error.
    Type '{ children: Element[]; className: string; }' is not assignable to type 'IntrinsicAttributes & IntrinsicClassAttributes<View> & Readonly<ViewProps>'.
      Property 'className' does not exist on type 'IntrinsicAttributes & IntrinsicClassAttributes<View> & Readonly<ViewProps>'.
  Overload 2 of 2, '(props: ViewProps, context: any): View', gave the following error.
    Type '{ children: Element[]; className: string; }' is not assignable to type 'IntrinsicAttributes & IntrinsicClassAttributes<View> & Readonly<ViewProps>'.
      Property 'className' does not exist on type 'IntrinsicAttributes & IntrinsicClassAttributes<View> & Readonly<ViewProps>'.
app/(superadmin)/users.tsx(53,15): error TS2769: No overload matches this call.
  Overload 1 of 2, '(props: ViewProps): View', gave the following error.
    Type '{ children: Element[]; className: string; }' is not assignable to type 'IntrinsicAttributes & IntrinsicClassAttributes<View> & Readonly<ViewProps>'.
      Property 'className' does not exist on type 'IntrinsicAttributes & IntrinsicClassAttributes<View> & Readonly<ViewProps>'.
  Overload 2 of 2, '(props: ViewProps, context: any): View', gave the following error.
    Type '{ children: Element[]; className: string; }' is not assignable to type 'IntrinsicAttributes & IntrinsicClassAttributes<View> & Readonly<ViewProps>'.
      Property 'className' does not exist on type 'IntrinsicAttributes & IntrinsicClassAttributes<View> & Readonly<ViewProps>'.
app/(superadmin)/users.tsx(56,13): error TS2769: No overload matches this call.
  Overload 1 of 2, '(props: TouchableOpacityProps): TouchableOpacity', gave the following error.
    Type '{ children: Element; onPress: () => void; className: string; }' is not assignable to type 'IntrinsicAttributes & IntrinsicClassAttributes<TouchableOpacity> & Readonly<TouchableOpacityProps>'.
      Property 'className' does not exist on type 'IntrinsicAttributes & IntrinsicClassAttributes<TouchableOpacity> & Readonly<TouchableOpacityProps>'.
  Overload 2 of 2, '(props: TouchableOpacityProps, context: any): TouchableOpacity', gave the following error.
    Type '{ children: Element; onPress: () => void; className: string; }' is not assignable to type 'IntrinsicAttributes & IntrinsicClassAttributes<TouchableOpacity> & Readonly<TouchableOpacityProps>'.
      Property 'className' does not exist on type 'IntrinsicAttributes & IntrinsicClassAttributes<TouchableOpacity> & Readonly<TouchableOpacityProps>'.
app/(superadmin)/users.tsx(61,19): error TS2769: No overload matches this call.
  Overload 1 of 2, '(props: TextProps): Text', gave the following error.
    Type '{ children: string; className: string; }' is not assignable to type 'IntrinsicAttributes & IntrinsicClassAttributes<Text> & Readonly<TextProps>'.
      Property 'className' does not exist on type 'IntrinsicAttributes & IntrinsicClassAttributes<Text> & Readonly<TextProps>'.
  Overload 2 of 2, '(props: TextProps, context: any): Text', gave the following error.
    Type '{ children: string; className: string; }' is not assignable to type 'IntrinsicAttributes & IntrinsicClassAttributes<Text> & Readonly<TextProps>'.
      Property 'className' does not exist on type 'IntrinsicAttributes & IntrinsicClassAttributes<Text> & Readonly<TextProps>'.
app/(superadmin)/users.tsx(62,19): error TS2769: No overload matches this call.
  Overload 1 of 2, '(props: TextProps): Text', gave the following error.
    Type '{ children: string; className: string; }' is not assignable to type 'IntrinsicAttributes & IntrinsicClassAttributes<Text> & Readonly<TextProps>'.
      Property 'className' does not exist on type 'IntrinsicAttributes & IntrinsicClassAttributes<Text> & Readonly<TextProps>'.
  Overload 2 of 2, '(props: TextProps, context: any): Text', gave the following error.
    Type '{ children: string; className: string; }' is not assignable to type 'IntrinsicAttributes & IntrinsicClassAttributes<Text> & Readonly<TextProps>'.
      Property 'className' does not exist on type 'IntrinsicAttributes & IntrinsicClassAttributes<Text> & Readonly<TextProps>'.
app/(superadmin)/users.tsx(66,15): error TS2769: No overload matches this call.
  Overload 1 of 2, '(props: ViewProps): View', gave the following error.
    Type '{ children: Element[]; className: string; }' is not assignable to type 'IntrinsicAttributes & IntrinsicClassAttributes<View> & Readonly<ViewProps>'.
      Property 'className' does not exist on type 'IntrinsicAttributes & IntrinsicClassAttributes<View> & Readonly<ViewProps>'.
  Overload 2 of 2, '(props: ViewProps, context: any): View', gave the following error.
    Type '{ children: Element[]; className: string; }' is not assignable to type 'IntrinsicAttributes & IntrinsicClassAttributes<View> & Readonly<ViewProps>'.
      Property 'className' does not exist on type 'IntrinsicAttributes & IntrinsicClassAttributes<View> & Readonly<ViewProps>'.
app/(superadmin)/users.tsx(67,17): error TS2769: No overload matches this call.
  Overload 1 of 2, '(props: ViewProps): View', gave the following error.
    Type '{ className: string; }' is not assignable to type 'IntrinsicAttributes & IntrinsicClassAttributes<View> & Readonly<ViewProps>'.
      Property 'className' does not exist on type 'IntrinsicAttributes & IntrinsicClassAttributes<View> & Readonly<ViewProps>'.
  Overload 2 of 2, '(props: ViewProps, context: any): View', gave the following error.
    Type '{ className: string; }' is not assignable to type 'IntrinsicAttributes & IntrinsicClassAttributes<View> & Readonly<ViewProps>'.
      Property 'className' does not exist on type 'IntrinsicAttributes & IntrinsicClassAttributes<View> & Readonly<ViewProps>'.
app/(superadmin)/users.tsx(72,13): error TS2769: No overload matches this call.
  Overload 1 of 2, '(props: TextInputProps): TextInput', gave the following error.
    Type '{ placeholder: string; placeholderTextColor: string; className: string; value: string; onChangeText: Dispatch<SetStateAction<string>>; }' is not assignable to type 'IntrinsicAttributes & IntrinsicClassAttributes<TextInput> & Readonly<TextInputProps>'.
      Property 'className' does not exist on type 'IntrinsicAttributes & IntrinsicClassAttributes<TextInput> & Readonly<TextInputProps>'.
  Overload 2 of 2, '(props: TextInputProps, context: any): TextInput', gave the following error.
    Type '{ placeholder: string; placeholderTextColor: string; className: string; value: string; onChangeText: Dispatch<SetStateAction<string>>; }' is not assignable to type 'IntrinsicAttributes & IntrinsicClassAttributes<TextInput> & Readonly<TextInputProps>'.
      Property 'className' does not exist on type 'IntrinsicAttributes & IntrinsicClassAttributes<TextInput> & Readonly<TextInputProps>'.
app/(superadmin)/users.tsx(80,9): error TS2769: No overload matches this call.
  Overload 1 of 2, '(props: ScrollViewProps): ScrollView', gave the following error.
    Type '{ children: Element; className: string; refreshControl: Element; }' is not assignable to type 'IntrinsicAttributes & IntrinsicClassAttributes<ScrollView> & Readonly<ScrollViewProps>'.
      Property 'className' does not exist on type 'IntrinsicAttributes & IntrinsicClassAttributes<ScrollView> & Readonly<ScrollViewProps>'.
  Overload 2 of 2, '(props: ScrollViewProps, context: any): ScrollView', gave the following error.
    Type '{ children: Element; className: string; refreshControl: Element; }' is not assignable to type 'IntrinsicAttributes & IntrinsicClassAttributes<ScrollView> & Readonly<ScrollViewProps>'.
      Property 'className' does not exist on type 'IntrinsicAttributes & IntrinsicClassAttributes<ScrollView> & Readonly<ScrollViewProps>'.
app/(superadmin)/users.tsx(83,15): error TS2769: No overload matches this call.
  Overload 1 of 2, '(props: ViewProps): View', gave the following error.
    Type '{ children: Element[]; className: string; }' is not assignable to type 'IntrinsicAttributes & IntrinsicClassAttributes<View> & Readonly<ViewProps>'.
      Property 'className' does not exist on type 'IntrinsicAttributes & IntrinsicClassAttributes<View> & Readonly<ViewProps>'.
  Overload 2 of 2, '(props: ViewProps, context: any): View', gave the following error.
    Type '{ children: Element[]; className: string; }' is not assignable to type 'IntrinsicAttributes & IntrinsicClassAttributes<View> & Readonly<ViewProps>'.
      Property 'className' does not exist on type 'IntrinsicAttributes & IntrinsicClassAttributes<View> & Readonly<ViewProps>'.
app/(superadmin)/users.tsx(85,33): error TS2769: No overload matches this call.
  Overload 1 of 2, '(props: ViewProps): View', gave the following error.
    Type '{ children: Element[]; key: string; className: string; }' is not assignable to type 'IntrinsicAttributes & IntrinsicClassAttributes<View> & Readonly<ViewProps>'.
      Property 'className' does not exist on type 'IntrinsicAttributes & IntrinsicClassAttributes<View> & Readonly<ViewProps>'.
  Overload 2 of 2, '(props: ViewProps, context: any): View', gave the following error.
    Type '{ children: Element[]; key: string; className: string; }' is not assignable to type 'IntrinsicAttributes & IntrinsicClassAttributes<View> & Readonly<ViewProps>'.
      Property 'className' does not exist on type 'IntrinsicAttributes & IntrinsicClassAttributes<View> & Readonly<ViewProps>'.
app/(superadmin)/users.tsx(86,22): error TS2769: No overload matches this call.
  Overload 1 of 2, '(props: ViewProps): View', gave the following error.
    Type '{ className: string; }' is not assignable to type 'IntrinsicAttributes & IntrinsicClassAttributes<View> & Readonly<ViewProps>'.
      Property 'className' does not exist on type 'IntrinsicAttributes & IntrinsicClassAttributes<View> & Readonly<ViewProps>'.
  Overload 2 of 2, '(props: ViewProps, context: any): View', gave the following error.
    Type '{ className: string; }' is not assignable to type 'IntrinsicAttributes & IntrinsicClassAttributes<View> & Readonly<ViewProps>'.
      Property 'className' does not exist on type 'IntrinsicAttributes & IntrinsicClassAttributes<View> & Readonly<ViewProps>'.
app/(superadmin)/users.tsx(87,21): error TS2769: No overload matches this call.
  Overload 1 of 2, '(props: ViewProps): View', gave the following error.
    Type '{ children: Element[]; className: string; }' is not assignable to type 'IntrinsicAttributes & IntrinsicClassAttributes<View> & Readonly<ViewProps>'.
      Property 'className' does not exist on type 'IntrinsicAttributes & IntrinsicClassAttributes<View> & Readonly<ViewProps>'.
  Overload 2 of 2, '(props: ViewProps, context: any): View', gave the following error.
    Type '{ children: Element[]; className: string; }' is not assignable to type 'IntrinsicAttributes & IntrinsicClassAttributes<View> & Readonly<ViewProps>'.
      Property 'className' does not exist on type 'IntrinsicAttributes & IntrinsicClassAttributes<View> & Readonly<ViewProps>'.
app/(superadmin)/users.tsx(88,23): error TS2769: No overload matches this call.
  Overload 1 of 2, '(props: ViewProps): View', gave the following error.
    Type '{ children: Element; className: string; }' is not assignable to type 'IntrinsicAttributes & IntrinsicClassAttributes<View> & Readonly<ViewProps>'.
      Property 'className' does not exist on type 'IntrinsicAttributes & IntrinsicClassAttributes<View> & Readonly<ViewProps>'.
  Overload 2 of 2, '(props: ViewProps, context: any): View', gave the following error.
    Type '{ children: Element; className: string; }' is not assignable to type 'IntrinsicAttributes & IntrinsicClassAttributes<View> & Readonly<ViewProps>'.
      Property 'className' does not exist on type 'IntrinsicAttributes & IntrinsicClassAttributes<View> & Readonly<ViewProps>'.
app/(superadmin)/users.tsx(91,23): error TS2769: No overload matches this call.
  Overload 1 of 2, '(props: ViewProps): View', gave the following error.
    Type '{ children: Element[]; className: string; }' is not assignable to type 'IntrinsicAttributes & IntrinsicClassAttributes<View> & Readonly<ViewProps>'.
      Property 'className' does not exist on type 'IntrinsicAttributes & IntrinsicClassAttributes<View> & Readonly<ViewProps>'.
  Overload 2 of 2, '(props: ViewProps, context: any): View', gave the following error.
    Type '{ children: Element[]; className: string; }' is not assignable to type 'IntrinsicAttributes & IntrinsicClassAttributes<View> & Readonly<ViewProps>'.
      Property 'className' does not exist on type 'IntrinsicAttributes & IntrinsicClassAttributes<View> & Readonly<ViewProps>'.
app/(superadmin)/users.tsx(92,25): error TS2769: No overload matches this call.
  Overload 1 of 2, '(props: TextProps): Text', gave the following error.
    Type '{ children: string; className: string; }' is not assignable to type 'IntrinsicAttributes & IntrinsicClassAttributes<Text> & Readonly<TextProps>'.
      Property 'className' does not exist on type 'IntrinsicAttributes & IntrinsicClassAttributes<Text> & Readonly<TextProps>'.
  Overload 2 of 2, '(props: TextProps, context: any): Text', gave the following error.
    Type '{ children: string; className: string; }' is not assignable to type 'IntrinsicAttributes & IntrinsicClassAttributes<Text> & Readonly<TextProps>'.
      Property 'className' does not exist on type 'IntrinsicAttributes & IntrinsicClassAttributes<Text> & Readonly<TextProps>'.
app/(superadmin)/users.tsx(93,25): error TS2769: No overload matches this call.
  Overload 1 of 2, '(props: TextProps): Text', gave the following error.
    Type '{ children: string; className: string; numberOfLines: number; }' is not assignable to type 'IntrinsicAttributes & IntrinsicClassAttributes<Text> & Readonly<TextProps>'.
      Property 'className' does not exist on type 'IntrinsicAttributes & IntrinsicClassAttributes<Text> & Readonly<TextProps>'.
  Overload 2 of 2, '(props: TextProps, context: any): Text', gave the following error.
    Type '{ children: string; className: string; numberOfLines: number; }' is not assignable to type 'IntrinsicAttributes & IntrinsicClassAttributes<Text> & Readonly<TextProps>'.
      Property 'className' does not exist on type 'IntrinsicAttributes & IntrinsicClassAttributes<Text> & Readonly<TextProps>'.
app/(superadmin)/users.tsx(97,21): error TS2769: No overload matches this call.
  Overload 1 of 2, '(props: ViewProps): View', gave the following error.
    Type '{ children: Element[]; className: string; }' is not assignable to type 'IntrinsicAttributes & IntrinsicClassAttributes<View> & Readonly<ViewProps>'.
      Property 'className' does not exist on type 'IntrinsicAttributes & IntrinsicClassAttributes<View> & Readonly<ViewProps>'.
  Overload 2 of 2, '(props: ViewProps, context: any): View', gave the following error.
    Type '{ children: Element[]; className: string; }' is not assignable to type 'IntrinsicAttributes & IntrinsicClassAttributes<View> & Readonly<ViewProps>'.
      Property 'className' does not exist on type 'IntrinsicAttributes & IntrinsicClassAttributes<View> & Readonly<ViewProps>'.
app/(superadmin)/users.tsx(98,23): error TS2769: No overload matches this call.
  Overload 1 of 2, '(props: ViewProps): View', gave the following error.
    Type '{ children: Element; className: string; }' is not assignable to type 'IntrinsicAttributes & IntrinsicClassAttributes<View> & Readonly<ViewProps>'.
      Property 'className' does not exist on type 'IntrinsicAttributes & IntrinsicClassAttributes<View> & Readonly<ViewProps>'.
  Overload 2 of 2, '(props: ViewProps, context: any): View', gave the following error.
    Type '{ children: Element; className: string; }' is not assignable to type 'IntrinsicAttributes & IntrinsicClassAttributes<View> & Readonly<ViewProps>'.
      Property 'className' does not exist on type 'IntrinsicAttributes & IntrinsicClassAttributes<View> & Readonly<ViewProps>'.
app/(superadmin)/users.tsx(99,27): error TS2769: No overload matches this call.
  Overload 1 of 2, '(props: TextProps): Text', gave the following error.
    Type '{ children: "admin" | "superadmin" | "customer"; className: string; }' is not assignable to type 'IntrinsicAttributes & IntrinsicClassAttributes<Text> & Readonly<TextProps>'.
      Property 'className' does not exist on type 'IntrinsicAttributes & IntrinsicClassAttributes<Text> & Readonly<TextProps>'.
  Overload 2 of 2, '(props: TextProps, context: any): Text', gave the following error.
    Type '{ children: "admin" | "superadmin" | "customer"; className: string; }' is not assignable to type 'IntrinsicAttributes & IntrinsicClassAttributes<Text> & Readonly<TextProps>'.
      Property 'className' does not exist on type 'IntrinsicAttributes & IntrinsicClassAttributes<Text> & Readonly<TextProps>'.
app/(superadmin)/users.tsx(106,20): error TS2769: No overload matches this call.
  Overload 1 of 2, '(props: TouchableOpacityProps): TouchableOpacity', gave the following error.
    Type '{ children: Element; onPress: () => Promise<void>; className: string; }' is not assignable to type 'IntrinsicAttributes & IntrinsicClassAttributes<TouchableOpacity> & Readonly<TouchableOpacityProps>'.
      Property 'className' does not exist on type 'IntrinsicAttributes & IntrinsicClassAttributes<TouchableOpacity> & Readonly<TouchableOpacityProps>'.
  Overload 2 of 2, '(props: TouchableOpacityProps, context: any): TouchableOpacity', gave the following error.
    Type '{ children: Element; onPress: () => Promise<void>; className: string; }' is not assignable to type 'IntrinsicAttributes & IntrinsicClassAttributes<TouchableOpacity> & Readonly<TouchableOpacityProps>'.
      Property 'className' does not exist on type 'IntrinsicAttributes & IntrinsicClassAttributes<TouchableOpacity> & Readonly<TouchableOpacityProps>'.
app/(superadmin)/users.tsx(115,13): error TS2769: No overload matches this call.
  Overload 1 of 2, '(props: ViewProps): View', gave the following error.
    Type '{ className: string; }' is not assignable to type 'IntrinsicAttributes & IntrinsicClassAttributes<View> & Readonly<ViewProps>'.
      Property 'className' does not exist on type 'IntrinsicAttributes & IntrinsicClassAttributes<View> & Readonly<ViewProps>'.
  Overload 2 of 2, '(props: ViewProps, context: any): View', gave the following error.
    Type '{ className: string; }' is not assignable to type 'IntrinsicAttributes & IntrinsicClassAttributes<View> & Readonly<ViewProps>'.
      Property 'className' does not exist on type 'IntrinsicAttributes & IntrinsicClassAttributes<View> & Readonly<ViewProps>'.
app/(tabs)/_layout.tsx(11,13): error TS2769: No overload matches this call.
  Overload 1 of 2, '(props: ViewProps): View', gave the following error.
    Type '{ children: Element; className: string; }' is not assignable to type 'IntrinsicAttributes & IntrinsicClassAttributes<View> & Readonly<ViewProps>'.
      Property 'className' does not exist on type 'IntrinsicAttributes & IntrinsicClassAttributes<View> & Readonly<ViewProps>'.
  Overload 2 of 2, '(props: ViewProps, context: any): View', gave the following error.
    Type '{ children: Element; className: string; }' is not assignable to type 'IntrinsicAttributes & IntrinsicClassAttributes<View> & Readonly<ViewProps>'.
      Property 'className' does not exist on type 'IntrinsicAttributes & IntrinsicClassAttributes<View> & Readonly<ViewProps>'.
app/(tabs)/_layout.tsx(12,44): error TS2322: Type '{ size: number; color: string; className: string; }' is not assignable to type 'IntrinsicAttributes & LucideProps'.
  Property 'className' does not exist on type 'IntrinsicAttributes & LucideProps'.
app/(tabs)/index.tsx(55,11): error TS2769: No overload matches this call.
  Overload 1 of 2, '(props: ViewProps): View', gave the following error.
    Type '{ children: Element[]; className: string; }' is not assignable to type 'IntrinsicAttributes & IntrinsicClassAttributes<View> & Readonly<ViewProps>'.
      Property 'className' does not exist on type 'IntrinsicAttributes & IntrinsicClassAttributes<View> & Readonly<ViewProps>'.
  Overload 2 of 2, '(props: ViewProps, context: any): View', gave the following error.
    Type '{ children: Element[]; className: string; }' is not assignable to type 'IntrinsicAttributes & IntrinsicClassAttributes<View> & Readonly<ViewProps>'.
      Property 'className' does not exist on type 'IntrinsicAttributes & IntrinsicClassAttributes<View> & Readonly<ViewProps>'.
app/(tabs)/index.tsx(56,13): error TS2769: No overload matches this call.
  Overload 1 of 2, '(props: ViewProps): View', gave the following error.
    Type '{ children: Element[]; className: string; }' is not assignable to type 'IntrinsicAttributes & IntrinsicClassAttributes<View> & Readonly<ViewProps>'.
      Property 'className' does not exist on type 'IntrinsicAttributes & IntrinsicClassAttributes<View> & Readonly<ViewProps>'.
  Overload 2 of 2, '(props: ViewProps, context: any): View', gave the following error.
    Type '{ children: Element[]; className: string; }' is not assignable to type 'IntrinsicAttributes & IntrinsicClassAttributes<View> & Readonly<ViewProps>'.
      Property 'className' does not exist on type 'IntrinsicAttributes & IntrinsicClassAttributes<View> & Readonly<ViewProps>'.
app/(tabs)/index.tsx(57,15): error TS2769: No overload matches this call.
  Overload 1 of 2, '(props: ViewProps): View', gave the following error.
    Type '{ children: Element[]; className: string; }' is not assignable to type 'IntrinsicAttributes & IntrinsicClassAttributes<View> & Readonly<ViewProps>'.
      Property 'className' does not exist on type 'IntrinsicAttributes & IntrinsicClassAttributes<View> & Readonly<ViewProps>'.
  Overload 2 of 2, '(props: ViewProps, context: any): View', gave the following error.
    Type '{ children: Element[]; className: string; }' is not assignable to type 'IntrinsicAttributes & IntrinsicClassAttributes<View> & Readonly<ViewProps>'.
      Property 'className' does not exist on type 'IntrinsicAttributes & IntrinsicClassAttributes<View> & Readonly<ViewProps>'.
app/(tabs)/index.tsx(59,19): error TS2769: No overload matches this call.
  Overload 1 of 2, '(props: TextProps): Text', gave the following error.
    Type '{ children: string; className: string; }' is not assignable to type 'IntrinsicAttributes & IntrinsicClassAttributes<Text> & Readonly<TextProps>'.
      Property 'className' does not exist on type 'IntrinsicAttributes & IntrinsicClassAttributes<Text> & Readonly<TextProps>'.
  Overload 2 of 2, '(props: TextProps, context: any): Text', gave the following error.
    Type '{ children: string; className: string; }' is not assignable to type 'IntrinsicAttributes & IntrinsicClassAttributes<Text> & Readonly<TextProps>'.
      Property 'className' does not exist on type 'IntrinsicAttributes & IntrinsicClassAttributes<Text> & Readonly<TextProps>'.
app/(tabs)/index.tsx(60,19): error TS2769: No overload matches this call.
  Overload 1 of 2, '(props: TextProps): Text', gave the following error.
    Type '{ children: (string | Element)[]; className: string; }' is not assignable to type 'IntrinsicAttributes & IntrinsicClassAttributes<Text> & Readonly<TextProps>'.
      Property 'className' does not exist on type 'IntrinsicAttributes & IntrinsicClassAttributes<Text> & Readonly<TextProps>'.
  Overload 2 of 2, '(props: TextProps, context: any): Text', gave the following error.
    Type '{ children: (string | Element)[]; className: string; }' is not assignable to type 'IntrinsicAttributes & IntrinsicClassAttributes<Text> & Readonly<TextProps>'.
      Property 'className' does not exist on type 'IntrinsicAttributes & IntrinsicClassAttributes<Text> & Readonly<TextProps>'.
app/(tabs)/index.tsx(60,99): error TS2769: No overload matches this call.
  Overload 1 of 2, '(props: TextProps): Text', gave the following error.
    Type '{ children: string; className: string; }' is not assignable to type 'IntrinsicAttributes & IntrinsicClassAttributes<Text> & Readonly<TextProps>'.
      Property 'className' does not exist on type 'IntrinsicAttributes & IntrinsicClassAttributes<Text> & Readonly<TextProps>'.
  Overload 2 of 2, '(props: TextProps, context: any): Text', gave the following error.
    Type '{ children: string; className: string; }' is not assignable to type 'IntrinsicAttributes & IntrinsicClassAttributes<Text> & Readonly<TextProps>'.
      Property 'className' does not exist on type 'IntrinsicAttributes & IntrinsicClassAttributes<Text> & Readonly<TextProps>'.
app/(tabs)/index.tsx(64,13): error TS2769: No overload matches this call.
  Overload 1 of 2, '(props: TouchableOpacityProps): TouchableOpacity', gave the following error.
    Type '{ children: (false | Element)[]; onPress: () => void; className: string; }' is not assignable to type 'IntrinsicAttributes & IntrinsicClassAttributes<TouchableOpacity> & Readonly<TouchableOpacityProps>'.
      Property 'className' does not exist on type 'IntrinsicAttributes & IntrinsicClassAttributes<TouchableOpacity> & Readonly<TouchableOpacityProps>'.
  Overload 2 of 2, '(props: TouchableOpacityProps, context: any): TouchableOpacity', gave the following error.
    Type '{ children: (false | Element)[]; onPress: () => void; className: string; }' is not assignable to type 'IntrinsicAttributes & IntrinsicClassAttributes<TouchableOpacity> & Readonly<TouchableOpacityProps>'.
      Property 'className' does not exist on type 'IntrinsicAttributes & IntrinsicClassAttributes<TouchableOpacity> & Readonly<TouchableOpacityProps>'.
app/(tabs)/index.tsx(68,21): error TS2769: No overload matches this call.
  Overload 1 of 2, '(props: ViewProps): View', gave the following error.
    Type '{ children: Element; className: string; }' is not assignable to type 'IntrinsicAttributes & IntrinsicClassAttributes<View> & Readonly<ViewProps>'.
      Property 'className' does not exist on type 'IntrinsicAttributes & IntrinsicClassAttributes<View> & Readonly<ViewProps>'.
  Overload 2 of 2, '(props: ViewProps, context: any): View', gave the following error.
    Type '{ children: Element; className: string; }' is not assignable to type 'IntrinsicAttributes & IntrinsicClassAttributes<View> & Readonly<ViewProps>'.
      Property 'className' does not exist on type 'IntrinsicAttributes & IntrinsicClassAttributes<View> & Readonly<ViewProps>'.
app/(tabs)/index.tsx(69,23): error TS2769: No overload matches this call.
  Overload 1 of 2, '(props: TextProps): Text', gave the following error.
    Type '{ children: number; className: string; }' is not assignable to type 'IntrinsicAttributes & IntrinsicClassAttributes<Text> & Readonly<TextProps>'.
      Property 'className' does not exist on type 'IntrinsicAttributes & IntrinsicClassAttributes<Text> & Readonly<TextProps>'.
  Overload 2 of 2, '(props: TextProps, context: any): Text', gave the following error.
    Type '{ children: number; className: string; }' is not assignable to type 'IntrinsicAttributes & IntrinsicClassAttributes<Text> & Readonly<TextProps>'.
      Property 'className' does not exist on type 'IntrinsicAttributes & IntrinsicClassAttributes<Text> & Readonly<TextProps>'.
app/(tabs)/index.tsx(75,15): error TS2769: No overload matches this call.
  Overload 1 of 2, '(props: ViewProps): View', gave the following error.
    Type '{ children: Element[]; className: string; }' is not assignable to type 'IntrinsicAttributes & IntrinsicClassAttributes<View> & Readonly<ViewProps>'.
      Property 'className' does not exist on type 'IntrinsicAttributes & IntrinsicClassAttributes<View> & Readonly<ViewProps>'.
  Overload 2 of 2, '(props: ViewProps, context: any): View', gave the following error.
    Type '{ children: Element[]; className: string; }' is not assignable to type 'IntrinsicAttributes & IntrinsicClassAttributes<View> & Readonly<ViewProps>'.
      Property 'className' does not exist on type 'IntrinsicAttributes & IntrinsicClassAttributes<View> & Readonly<ViewProps>'.
app/(tabs)/index.tsx(76,18): error TS2769: No overload matches this call.
  Overload 1 of 2, '(props: ViewProps): View', gave the following error.
    Type '{ className: string; }' is not assignable to type 'IntrinsicAttributes & IntrinsicClassAttributes<View> & Readonly<ViewProps>'.
      Property 'className' does not exist on type 'IntrinsicAttributes & IntrinsicClassAttributes<View> & Readonly<ViewProps>'.
  Overload 2 of 2, '(props: ViewProps, context: any): View', gave the following error.
    Type '{ className: string; }' is not assignable to type 'IntrinsicAttributes & IntrinsicClassAttributes<View> & Readonly<ViewProps>'.
      Property 'className' does not exist on type 'IntrinsicAttributes & IntrinsicClassAttributes<View> & Readonly<ViewProps>'.
app/(tabs)/index.tsx(83,13): error TS2769: No overload matches this call.
  Overload 1 of 2, '(props: TextInputProps): TextInput', gave the following error.
    Type '{ placeholder: string; placeholderTextColor: string; value: string; onChangeText: Dispatch<SetStateAction<string>>; className: string; }' is not assignable to type 'IntrinsicAttributes & IntrinsicClassAttributes<TextInput> & Readonly<TextInputProps>'.
      Property 'className' does not exist on type 'IntrinsicAttributes & IntrinsicClassAttributes<TextInput> & Readonly<TextInputProps>'.
  Overload 2 of 2, '(props: TextInputProps, context: any): TextInput', gave the following error.
    Type '{ placeholder: string; placeholderTextColor: string; value: string; onChangeText: Dispatch<SetStateAction<string>>; className: string; }' is not assignable to type 'IntrinsicAttributes & IntrinsicClassAttributes<TextInput> & Readonly<TextInputProps>'.
      Property 'className' does not exist on type 'IntrinsicAttributes & IntrinsicClassAttributes<TextInput> & Readonly<TextInputProps>'.
app/(tabs)/index.tsx(88,19): error TS2769: No overload matches this call.
  Overload 1 of 2, '(props: ScrollViewProps): ScrollView', gave the following error.
    Type '{ children: Element; className: string; }' is not assignable to type 'IntrinsicAttributes & IntrinsicClassAttributes<ScrollView> & Readonly<ScrollViewProps>'.
      Property 'className' does not exist on type 'IntrinsicAttributes & IntrinsicClassAttributes<ScrollView> & Readonly<ScrollViewProps>'.
  Overload 2 of 2, '(props: ScrollViewProps, context: any): ScrollView', gave the following error.
    Type '{ children: Element; className: string; }' is not assignable to type 'IntrinsicAttributes & IntrinsicClassAttributes<ScrollView> & Readonly<ScrollViewProps>'.
      Property 'className' does not exist on type 'IntrinsicAttributes & IntrinsicClassAttributes<ScrollView> & Readonly<ScrollViewProps>'.
app/(tabs)/index.tsx(89,15): error TS2769: No overload matches this call.
  Overload 1 of 2, '(props: ViewProps): View', gave the following error.
    Type '{ children: (false | Element | Element[])[]; className: string; }' is not assignable to type 'IntrinsicAttributes & IntrinsicClassAttributes<View> & Readonly<ViewProps>'.
      Property 'className' does not exist on type 'IntrinsicAttributes & IntrinsicClassAttributes<View> & Readonly<ViewProps>'.
  Overload 2 of 2, '(props: ViewProps, context: any): View', gave the following error.
    Type '{ children: (false | Element | Element[])[]; className: string; }' is not assignable to type 'IntrinsicAttributes & IntrinsicClassAttributes<View> & Readonly<ViewProps>'.
      Property 'className' does not exist on type 'IntrinsicAttributes & IntrinsicClassAttributes<View> & Readonly<ViewProps>'.
app/(tabs)/index.tsx(91,33): error TS2769: No overload matches this call.
  Overload 1 of 2, '(props: ViewProps): View', gave the following error.
    Type '{ children: Element[]; key: string; className: string; }' is not assignable to type 'IntrinsicAttributes & IntrinsicClassAttributes<View> & Readonly<ViewProps>'.
      Property 'className' does not exist on type 'IntrinsicAttributes & IntrinsicClassAttributes<View> & Readonly<ViewProps>'.
  Overload 2 of 2, '(props: ViewProps, context: any): View', gave the following error.
    Type '{ children: Element[]; key: string; className: string; }' is not assignable to type 'IntrinsicAttributes & IntrinsicClassAttributes<View> & Readonly<ViewProps>'.
      Property 'className' does not exist on type 'IntrinsicAttributes & IntrinsicClassAttributes<View> & Readonly<ViewProps>'.
app/(tabs)/index.tsx(92,22): error TS2769: No overload matches this call.
  Overload 1 of 2, '(props: ViewProps): View', gave the following error.
    Type '{ className: string; }' is not assignable to type 'IntrinsicAttributes & IntrinsicClassAttributes<View> & Readonly<ViewProps>'.
      Property 'className' does not exist on type 'IntrinsicAttributes & IntrinsicClassAttributes<View> & Readonly<ViewProps>'.
  Overload 2 of 2, '(props: ViewProps, context: any): View', gave the following error.
    Type '{ className: string; }' is not assignable to type 'IntrinsicAttributes & IntrinsicClassAttributes<View> & Readonly<ViewProps>'.
      Property 'className' does not exist on type 'IntrinsicAttributes & IntrinsicClassAttributes<View> & Readonly<ViewProps>'.
app/(tabs)/index.tsx(93,21): error TS2769: No overload matches this call.
  Overload 1 of 2, '(props: ViewProps): View', gave the following error.
    Type '{ children: Element; className: string; }' is not assignable to type 'IntrinsicAttributes & IntrinsicClassAttributes<View> & Readonly<ViewProps>'.
      Property 'className' does not exist on type 'IntrinsicAttributes & IntrinsicClassAttributes<View> & Readonly<ViewProps>'.
  Overload 2 of 2, '(props: ViewProps, context: any): View', gave the following error.
    Type '{ children: Element; className: string; }' is not assignable to type 'IntrinsicAttributes & IntrinsicClassAttributes<View> & Readonly<ViewProps>'.
      Property 'className' does not exist on type 'IntrinsicAttributes & IntrinsicClassAttributes<View> & Readonly<ViewProps>'.
app/(tabs)/index.tsx(95,59): error TS2769: No overload matches this call.
  Overload 1 of 2, '(props: ImageProps): Image', gave the following error.
    Type '{ source: { uri: string; }; className: string; }' is not assignable to type 'IntrinsicAttributes & IntrinsicClassAttributes<Image> & Readonly<ImageProps>'.
      Property 'className' does not exist on type 'IntrinsicAttributes & IntrinsicClassAttributes<Image> & Readonly<ImageProps>'.
  Overload 2 of 2, '(props: ImageProps, context: any): Image', gave the following error.
    Type '{ source: { uri: string; }; className: string; }' is not assignable to type 'IntrinsicAttributes & IntrinsicClassAttributes<Image> & Readonly<ImageProps>'.
      Property 'className' does not exist on type 'IntrinsicAttributes & IntrinsicClassAttributes<Image> & Readonly<ImageProps>'.
app/(tabs)/index.tsx(97,25): error TS2769: No overload matches this call.
  Overload 1 of 2, '(props: ViewProps): View', gave the following error.
    Type '{ children: Element; className: string; }' is not assignable to type 'IntrinsicAttributes & IntrinsicClassAttributes<View> & Readonly<ViewProps>'.
      Property 'className' does not exist on type 'IntrinsicAttributes & IntrinsicClassAttributes<View> & Readonly<ViewProps>'.
  Overload 2 of 2, '(props: ViewProps, context: any): View', gave the following error.
    Type '{ children: Element; className: string; }' is not assignable to type 'IntrinsicAttributes & IntrinsicClassAttributes<View> & Readonly<ViewProps>'.
      Property 'className' does not exist on type 'IntrinsicAttributes & IntrinsicClassAttributes<View> & Readonly<ViewProps>'.
app/(tabs)/index.tsx(103,21): error TS2769: No overload matches this call.
  Overload 1 of 2, '(props: ViewProps): View', gave the following error.
    Type '{ children: Element[]; className: string; }' is not assignable to type 'IntrinsicAttributes & IntrinsicClassAttributes<View> & Readonly<ViewProps>'.
      Property 'className' does not exist on type 'IntrinsicAttributes & IntrinsicClassAttributes<View> & Readonly<ViewProps>'.
  Overload 2 of 2, '(props: ViewProps, context: any): View', gave the following error.
    Type '{ children: Element[]; className: string; }' is not assignable to type 'IntrinsicAttributes & IntrinsicClassAttributes<View> & Readonly<ViewProps>'.
      Property 'className' does not exist on type 'IntrinsicAttributes & IntrinsicClassAttributes<View> & Readonly<ViewProps>'.
app/(tabs)/index.tsx(104,23): error TS2769: No overload matches this call.
  Overload 1 of 2, '(props: ViewProps): View', gave the following error.
    Type '{ children: Element[]; className: string; }' is not assignable to type 'IntrinsicAttributes & IntrinsicClassAttributes<View> & Readonly<ViewProps>'.
      Property 'className' does not exist on type 'IntrinsicAttributes & IntrinsicClassAttributes<View> & Readonly<ViewProps>'.
  Overload 2 of 2, '(props: ViewProps, context: any): View', gave the following error.
    Type '{ children: Element[]; className: string; }' is not assignable to type 'IntrinsicAttributes & IntrinsicClassAttributes<View> & Readonly<ViewProps>'.
      Property 'className' does not exist on type 'IntrinsicAttributes & IntrinsicClassAttributes<View> & Readonly<ViewProps>'.
app/(tabs)/index.tsx(105,25): error TS2769: No overload matches this call.
  Overload 1 of 2, '(props: TextProps): Text', gave the following error.
    Type '{ children: string; className: string; }' is not assignable to type 'IntrinsicAttributes & IntrinsicClassAttributes<Text> & Readonly<TextProps>'.
      Property 'className' does not exist on type 'IntrinsicAttributes & IntrinsicClassAttributes<Text> & Readonly<TextProps>'.
  Overload 2 of 2, '(props: TextProps, context: any): Text', gave the following error.
    Type '{ children: string; className: string; }' is not assignable to type 'IntrinsicAttributes & IntrinsicClassAttributes<Text> & Readonly<TextProps>'.
      Property 'className' does not exist on type 'IntrinsicAttributes & IntrinsicClassAttributes<Text> & Readonly<TextProps>'.
app/(tabs)/index.tsx(106,25): error TS2769: No overload matches this call.
  Overload 1 of 2, '(props: TextProps): Text', gave the following error.
    Type '{ children: string; className: string; numberOfLines: number; }' is not assignable to type 'IntrinsicAttributes & IntrinsicClassAttributes<Text> & Readonly<TextProps>'.
      Property 'className' does not exist on type 'IntrinsicAttributes & IntrinsicClassAttributes<Text> & Readonly<TextProps>'.
  Overload 2 of 2, '(props: TextProps, context: any): Text', gave the following error.
    Type '{ children: string; className: string; numberOfLines: number; }' is not assignable to type 'IntrinsicAttributes & IntrinsicClassAttributes<Text> & Readonly<TextProps>'.
      Property 'className' does not exist on type 'IntrinsicAttributes & IntrinsicClassAttributes<Text> & Readonly<TextProps>'.
app/(tabs)/index.tsx(109,23): error TS2769: No overload matches this call.
  Overload 1 of 2, '(props: ViewProps): View', gave the following error.
    Type '{ children: Element[]; className: string; }' is not assignable to type 'IntrinsicAttributes & IntrinsicClassAttributes<View> & Readonly<ViewProps>'.
      Property 'className' does not exist on type 'IntrinsicAttributes & IntrinsicClassAttributes<View> & Readonly<ViewProps>'.
  Overload 2 of 2, '(props: ViewProps, context: any): View', gave the following error.
    Type '{ children: Element[]; className: string; }' is not assignable to type 'IntrinsicAttributes & IntrinsicClassAttributes<View> & Readonly<ViewProps>'.
      Property 'className' does not exist on type 'IntrinsicAttributes & IntrinsicClassAttributes<View> & Readonly<ViewProps>'.
app/(tabs)/index.tsx(110,25): error TS2769: No overload matches this call.
  Overload 1 of 2, '(props: TextProps): Text', gave the following error.
    Type '{ children: (string | number)[]; className: string; }' is not assignable to type 'IntrinsicAttributes & IntrinsicClassAttributes<Text> & Readonly<TextProps>'.
      Property 'className' does not exist on type 'IntrinsicAttributes & IntrinsicClassAttributes<Text> & Readonly<TextProps>'.
  Overload 2 of 2, '(props: TextProps, context: any): Text', gave the following error.
    Type '{ children: (string | number)[]; className: string; }' is not assignable to type 'IntrinsicAttributes & IntrinsicClassAttributes<Text> & Readonly<TextProps>'.
      Property 'className' does not exist on type 'IntrinsicAttributes & IntrinsicClassAttributes<Text> & Readonly<TextProps>'.
app/(tabs)/index.tsx(113,27): error TS2769: No overload matches this call.
  Overload 1 of 2, '(props: ViewProps): View', gave the following error.
    Type '{ children: Element[]; className: string; }' is not assignable to type 'IntrinsicAttributes & IntrinsicClassAttributes<View> & Readonly<ViewProps>'.
      Property 'className' does not exist on type 'IntrinsicAttributes & IntrinsicClassAttributes<View> & Readonly<ViewProps>'.
  Overload 2 of 2, '(props: ViewProps, context: any): View', gave the following error.
    Type '{ children: Element[]; className: string; }' is not assignable to type 'IntrinsicAttributes & IntrinsicClassAttributes<View> & Readonly<ViewProps>'.
      Property 'className' does not exist on type 'IntrinsicAttributes & IntrinsicClassAttributes<View> & Readonly<ViewProps>'.
app/(tabs)/index.tsx(116,25): error TS2769: No overload matches this call.
  Overload 1 of 2, '(props: TouchableOpacityProps): TouchableOpacity', gave the following error.
    Type '{ children: Element; onPress: () => void; className: string; }' is not assignable to type 'IntrinsicAttributes & IntrinsicClassAttributes<TouchableOpacity> & Readonly<TouchableOpacityProps>'.
      Property 'className' does not exist on type 'IntrinsicAttributes & IntrinsicClassAttributes<TouchableOpacity> & Readonly<TouchableOpacityProps>'.
  Overload 2 of 2, '(props: TouchableOpacityProps, context: any): TouchableOpacity', gave the following error.
    Type '{ children: Element; onPress: () => void; className: string; }' is not assignable to type 'IntrinsicAttributes & IntrinsicClassAttributes<TouchableOpacity> & Readonly<TouchableOpacityProps>'.
      Property 'className' does not exist on type 'IntrinsicAttributes & IntrinsicClassAttributes<TouchableOpacity> & Readonly<TouchableOpacityProps>'.
app/(tabs)/index.tsx(120,29): error TS2769: No overload matches this call.
  Overload 1 of 2, '(props: TextProps): Text', gave the following error.
    Type '{ children: number; className: string; }' is not assignable to type 'IntrinsicAttributes & IntrinsicClassAttributes<Text> & Readonly<TextProps>'.
      Property 'className' does not exist on type 'IntrinsicAttributes & IntrinsicClassAttributes<Text> & Readonly<TextProps>'.
  Overload 2 of 2, '(props: TextProps, context: any): Text', gave the following error.
    Type '{ children: number; className: string; }' is not assignable to type 'IntrinsicAttributes & IntrinsicClassAttributes<Text> & Readonly<TextProps>'.
      Property 'className' does not exist on type 'IntrinsicAttributes & IntrinsicClassAttributes<Text> & Readonly<TextProps>'.
app/(tabs)/index.tsx(123,25): error TS2769: No overload matches this call.
  Overload 1 of 2, '(props: TouchableOpacityProps): TouchableOpacity', gave the following error.
    Type '{ children: Element; onPress: () => void; className: string; }' is not assignable to type 'IntrinsicAttributes & IntrinsicClassAttributes<TouchableOpacity> & Readonly<TouchableOpacityProps>'.
      Property 'className' does not exist on type 'IntrinsicAttributes & IntrinsicClassAttributes<TouchableOpacity> & Readonly<TouchableOpacityProps>'.
  Overload 2 of 2, '(props: TouchableOpacityProps, context: any): TouchableOpacity', gave the following error.
    Type '{ children: Element; onPress: () => void; className: string; }' is not assignable to type 'IntrinsicAttributes & IntrinsicClassAttributes<TouchableOpacity> & Readonly<TouchableOpacityProps>'.
      Property 'className' does not exist on type 'IntrinsicAttributes & IntrinsicClassAttributes<TouchableOpacity> & Readonly<TouchableOpacityProps>'.
app/(tabs)/index.tsx(131,23): error TS2769: No overload matches this call.
  Overload 1 of 2, '(props: TouchableOpacityProps): TouchableOpacity', gave the following error.
    Type '{ children: Element; onPress: () => void; className: string; }' is not assignable to type 'IntrinsicAttributes & IntrinsicClassAttributes<TouchableOpacity> & Readonly<TouchableOpacityProps>'.
      Property 'className' does not exist on type 'IntrinsicAttributes & IntrinsicClassAttributes<TouchableOpacity> & Readonly<TouchableOpacityProps>'.
  Overload 2 of 2, '(props: TouchableOpacityProps, context: any): TouchableOpacity', gave the following error.
    Type '{ children: Element; onPress: () => void; className: string; }' is not assignable to type 'IntrinsicAttributes & IntrinsicClassAttributes<TouchableOpacity> & Readonly<TouchableOpacityProps>'.
      Property 'className' does not exist on type 'IntrinsicAttributes & IntrinsicClassAttributes<TouchableOpacity> & Readonly<TouchableOpacityProps>'.
app/(tabs)/index.tsx(142,20): error TS2769: No overload matches this call.
  Overload 1 of 2, '(props: ViewProps): View', gave the following error.
    Type '{ children: Element[]; className: string; }' is not assignable to type 'IntrinsicAttributes & IntrinsicClassAttributes<View> & Readonly<ViewProps>'.
      Property 'className' does not exist on type 'IntrinsicAttributes & IntrinsicClassAttributes<View> & Readonly<ViewProps>'.
  Overload 2 of 2, '(props: ViewProps, context: any): View', gave the following error.
    Type '{ children: Element[]; className: string; }' is not assignable to type 'IntrinsicAttributes & IntrinsicClassAttributes<View> & Readonly<ViewProps>'.
      Property 'className' does not exist on type 'IntrinsicAttributes & IntrinsicClassAttributes<View> & Readonly<ViewProps>'.
app/(tabs)/index.tsx(144,22): error TS2769: No overload matches this call.
  Overload 1 of 2, '(props: TextProps): Text', gave the following error.
    Type '{ children: string; className: string; }' is not assignable to type 'IntrinsicAttributes & IntrinsicClassAttributes<Text> & Readonly<TextProps>'.
      Property 'className' does not exist on type 'IntrinsicAttributes & IntrinsicClassAttributes<Text> & Readonly<TextProps>'.
  Overload 2 of 2, '(props: TextProps, context: any): Text', gave the following error.
    Type '{ children: string; className: string; }' is not assignable to type 'IntrinsicAttributes & IntrinsicClassAttributes<Text> & Readonly<TextProps>'.
      Property 'className' does not exist on type 'IntrinsicAttributes & IntrinsicClassAttributes<Text> & Readonly<TextProps>'.
app/(tabs)/index.tsx(151,15): error TS2769: No overload matches this call.
  Overload 1 of 2, '(props: ViewProps): View', gave the following error.
    Type '{ children: Element; className: string; }' is not assignable to type 'IntrinsicAttributes & IntrinsicClassAttributes<View> & Readonly<ViewProps>'.
      Property 'className' does not exist on type 'IntrinsicAttributes & IntrinsicClassAttributes<View> & Readonly<ViewProps>'.
  Overload 2 of 2, '(props: ViewProps, context: any): View', gave the following error.
    Type '{ children: Element; className: string; }' is not assignable to type 'IntrinsicAttributes & IntrinsicClassAttributes<View> & Readonly<ViewProps>'.
      Property 'className' does not exist on type 'IntrinsicAttributes & IntrinsicClassAttributes<View> & Readonly<ViewProps>'.
app/(tabs)/index.tsx(153,13): error TS2769: No overload matches this call.
  Overload 1 of 2, '(props: TouchableOpacityProps): TouchableOpacity', gave the following error.
    Type '{ children: Element[]; className: string; activeOpacity: number; }' is not assignable to type 'IntrinsicAttributes & IntrinsicClassAttributes<TouchableOpacity> & Readonly<TouchableOpacityProps>'.
      Property 'className' does not exist on type 'IntrinsicAttributes & IntrinsicClassAttributes<TouchableOpacity> & Readonly<TouchableOpacityProps>'.
  Overload 2 of 2, '(props: TouchableOpacityProps, context: any): TouchableOpacity', gave the following error.
    Type '{ children: Element[]; className: string; activeOpacity: number; }' is not assignable to type 'IntrinsicAttributes & IntrinsicClassAttributes<TouchableOpacity> & Readonly<TouchableOpacityProps>'.
      Property 'className' does not exist on type 'IntrinsicAttributes & IntrinsicClassAttributes<TouchableOpacity> & Readonly<TouchableOpacityProps>'.
app/(tabs)/index.tsx(156,19): error TS2769: No overload matches this call.
  Overload 1 of 2, '(props: ViewProps): View', gave the following error.
    Type '{ children: Element; className: string; }' is not assignable to type 'IntrinsicAttributes & IntrinsicClassAttributes<View> & Readonly<ViewProps>'.
      Property 'className' does not exist on type 'IntrinsicAttributes & IntrinsicClassAttributes<View> & Readonly<ViewProps>'.
  Overload 2 of 2, '(props: ViewProps, context: any): View', gave the following error.
    Type '{ children: Element; className: string; }' is not assignable to type 'IntrinsicAttributes & IntrinsicClassAttributes<View> & Readonly<ViewProps>'.
      Property 'className' does not exist on type 'IntrinsicAttributes & IntrinsicClassAttributes<View> & Readonly<ViewProps>'.
app/(tabs)/index.tsx(157,21): error TS2769: No overload matches this call.
  Overload 1 of 2, '(props: ViewProps): View', gave the following error.
    Type '{ children: Element; className: string; }' is not assignable to type 'IntrinsicAttributes & IntrinsicClassAttributes<View> & Readonly<ViewProps>'.
      Property 'className' does not exist on type 'IntrinsicAttributes & IntrinsicClassAttributes<View> & Readonly<ViewProps>'.
  Overload 2 of 2, '(props: ViewProps, context: any): View', gave the following error.
    Type '{ children: Element; className: string; }' is not assignable to type 'IntrinsicAttributes & IntrinsicClassAttributes<View> & Readonly<ViewProps>'.
      Property 'className' does not exist on type 'IntrinsicAttributes & IntrinsicClassAttributes<View> & Readonly<ViewProps>'.
app/(tabs)/index.tsx(158,23): error TS2769: No overload matches this call.
  Overload 1 of 2, '(props: TextProps): Text', gave the following error.
    Type '{ children: (string | number)[]; className: string; }' is not assignable to type 'IntrinsicAttributes & IntrinsicClassAttributes<Text> & Readonly<TextProps>'.
      Property 'className' does not exist on type 'IntrinsicAttributes & IntrinsicClassAttributes<Text> & Readonly<TextProps>'.
  Overload 2 of 2, '(props: TextProps, context: any): Text', gave the following error.
    Type '{ children: (string | number)[]; className: string; }' is not assignable to type 'IntrinsicAttributes & IntrinsicClassAttributes<Text> & Readonly<TextProps>'.
      Property 'className' does not exist on type 'IntrinsicAttributes & IntrinsicClassAttributes<Text> & Readonly<TextProps>'.
app/(tabs)/index.tsx(161,19): error TS2769: No overload matches this call.
  Overload 1 of 2, '(props: TextProps): Text', gave the following error.
    Type '{ children: string; className: string; }' is not assignable to type 'IntrinsicAttributes & IntrinsicClassAttributes<Text> & Readonly<TextProps>'.
      Property 'className' does not exist on type 'IntrinsicAttributes & IntrinsicClassAttributes<Text> & Readonly<TextProps>'.
  Overload 2 of 2, '(props: TextProps, context: any): Text', gave the following error.
    Type '{ children: string; className: string; }' is not assignable to type 'IntrinsicAttributes & IntrinsicClassAttributes<Text> & Readonly<TextProps>'.
      Property 'className' does not exist on type 'IntrinsicAttributes & IntrinsicClassAttributes<Text> & Readonly<TextProps>'.
app/(tabs)/orders.tsx(53,11): error TS2769: No overload matches this call.
  Overload 1 of 2, '(props: ViewProps): View', gave the following error.
    Type '{ children: Element[]; className: string; }' is not assignable to type 'IntrinsicAttributes & IntrinsicClassAttributes<View> & Readonly<ViewProps>'.
      Property 'className' does not exist on type 'IntrinsicAttributes & IntrinsicClassAttributes<View> & Readonly<ViewProps>'.
  Overload 2 of 2, '(props: ViewProps, context: any): View', gave the following error.
    Type '{ children: Element[]; className: string; }' is not assignable to type 'IntrinsicAttributes & IntrinsicClassAttributes<View> & Readonly<ViewProps>'.
      Property 'className' does not exist on type 'IntrinsicAttributes & IntrinsicClassAttributes<View> & Readonly<ViewProps>'.
app/(tabs)/orders.tsx(54,13): error TS2769: No overload matches this call.
  Overload 1 of 2, '(props: ViewProps): View', gave the following error.
    Type '{ children: Element[]; className: string; }' is not assignable to type 'IntrinsicAttributes & IntrinsicClassAttributes<View> & Readonly<ViewProps>'.
      Property 'className' does not exist on type 'IntrinsicAttributes & IntrinsicClassAttributes<View> & Readonly<ViewProps>'.
  Overload 2 of 2, '(props: ViewProps, context: any): View', gave the following error.
    Type '{ children: Element[]; className: string; }' is not assignable to type 'IntrinsicAttributes & IntrinsicClassAttributes<View> & Readonly<ViewProps>'.
      Property 'className' does not exist on type 'IntrinsicAttributes & IntrinsicClassAttributes<View> & Readonly<ViewProps>'.
app/(tabs)/orders.tsx(55,15): error TS2769: No overload matches this call.
  Overload 1 of 2, '(props: TextProps): Text', gave the following error.
    Type '{ children: string; className: string; }' is not assignable to type 'IntrinsicAttributes & IntrinsicClassAttributes<Text> & Readonly<TextProps>'.
      Property 'className' does not exist on type 'IntrinsicAttributes & IntrinsicClassAttributes<Text> & Readonly<TextProps>'.
  Overload 2 of 2, '(props: TextProps, context: any): Text', gave the following error.
    Type '{ children: string; className: string; }' is not assignable to type 'IntrinsicAttributes & IntrinsicClassAttributes<Text> & Readonly<TextProps>'.
      Property 'className' does not exist on type 'IntrinsicAttributes & IntrinsicClassAttributes<Text> & Readonly<TextProps>'.
app/(tabs)/orders.tsx(56,15): error TS2769: No overload matches this call.
  Overload 1 of 2, '(props: TextProps): Text', gave the following error.
    Type '{ children: string; className: string; }' is not assignable to type 'IntrinsicAttributes & IntrinsicClassAttributes<Text> & Readonly<TextProps>'.
      Property 'className' does not exist on type 'IntrinsicAttributes & IntrinsicClassAttributes<Text> & Readonly<TextProps>'.
  Overload 2 of 2, '(props: TextProps, context: any): Text', gave the following error.
    Type '{ children: string; className: string; }' is not assignable to type 'IntrinsicAttributes & IntrinsicClassAttributes<Text> & Readonly<TextProps>'.
      Property 'className' does not exist on type 'IntrinsicAttributes & IntrinsicClassAttributes<Text> & Readonly<TextProps>'.
app/(tabs)/orders.tsx(60,9): error TS2769: No overload matches this call.
  Overload 1 of 2, '(props: ScrollViewProps): ScrollView', gave the following error.
    Type '{ children: Element; className: string; refreshControl: Element; }' is not assignable to type 'IntrinsicAttributes & IntrinsicClassAttributes<ScrollView> & Readonly<ScrollViewProps>'.
      Property 'className' does not exist on type 'IntrinsicAttributes & IntrinsicClassAttributes<ScrollView> & Readonly<ScrollViewProps>'.
  Overload 2 of 2, '(props: ScrollViewProps, context: any): ScrollView', gave the following error.
    Type '{ children: Element; className: string; refreshControl: Element; }' is not assignable to type 'IntrinsicAttributes & IntrinsicClassAttributes<ScrollView> & Readonly<ScrollViewProps>'.
      Property 'className' does not exist on type 'IntrinsicAttributes & IntrinsicClassAttributes<ScrollView> & Readonly<ScrollViewProps>'.
app/(tabs)/orders.tsx(65,15): error TS2769: No overload matches this call.
  Overload 1 of 2, '(props: ViewProps): View', gave the following error.
    Type '{ children: (false | Element | Element[])[]; className: string; }' is not assignable to type 'IntrinsicAttributes & IntrinsicClassAttributes<View> & Readonly<ViewProps>'.
      Property 'className' does not exist on type 'IntrinsicAttributes & IntrinsicClassAttributes<View> & Readonly<ViewProps>'.
  Overload 2 of 2, '(props: ViewProps, context: any): View', gave the following error.
    Type '{ children: (false | Element | Element[])[]; className: string; }' is not assignable to type 'IntrinsicAttributes & IntrinsicClassAttributes<View> & Readonly<ViewProps>'.
      Property 'className' does not exist on type 'IntrinsicAttributes & IntrinsicClassAttributes<View> & Readonly<ViewProps>'.
app/(tabs)/orders.tsx(67,34): error TS2769: No overload matches this call.
  Overload 1 of 2, '(props: ViewProps): View', gave the following error.
    Type '{ children: Element[]; key: string; className: string; }' is not assignable to type 'IntrinsicAttributes & IntrinsicClassAttributes<View> & Readonly<ViewProps>'.
      Property 'className' does not exist on type 'IntrinsicAttributes & IntrinsicClassAttributes<View> & Readonly<ViewProps>'.
  Overload 2 of 2, '(props: ViewProps, context: any): View', gave the following error.
    Type '{ children: Element[]; key: string; className: string; }' is not assignable to type 'IntrinsicAttributes & IntrinsicClassAttributes<View> & Readonly<ViewProps>'.
      Property 'className' does not exist on type 'IntrinsicAttributes & IntrinsicClassAttributes<View> & Readonly<ViewProps>'.
app/(tabs)/orders.tsx(68,22): error TS2769: No overload matches this call.
  Overload 1 of 2, '(props: ViewProps): View', gave the following error.
    Type '{ className: string; }' is not assignable to type 'IntrinsicAttributes & IntrinsicClassAttributes<View> & Readonly<ViewProps>'.
      Property 'className' does not exist on type 'IntrinsicAttributes & IntrinsicClassAttributes<View> & Readonly<ViewProps>'.
  Overload 2 of 2, '(props: ViewProps, context: any): View', gave the following error.
    Type '{ className: string; }' is not assignable to type 'IntrinsicAttributes & IntrinsicClassAttributes<View> & Readonly<ViewProps>'.
      Property 'className' does not exist on type 'IntrinsicAttributes & IntrinsicClassAttributes<View> & Readonly<ViewProps>'.
app/(tabs)/orders.tsx(69,21): error TS2769: No overload matches this call.
  Overload 1 of 2, '(props: ViewProps): View', gave the following error.
    Type '{ children: Element[]; className: string; }' is not assignable to type 'IntrinsicAttributes & IntrinsicClassAttributes<View> & Readonly<ViewProps>'.
      Property 'className' does not exist on type 'IntrinsicAttributes & IntrinsicClassAttributes<View> & Readonly<ViewProps>'.
  Overload 2 of 2, '(props: ViewProps, context: any): View', gave the following error.
    Type '{ children: Element[]; className: string; }' is not assignable to type 'IntrinsicAttributes & IntrinsicClassAttributes<View> & Readonly<ViewProps>'.
      Property 'className' does not exist on type 'IntrinsicAttributes & IntrinsicClassAttributes<View> & Readonly<ViewProps>'.
app/(tabs)/orders.tsx(71,25): error TS2769: No overload matches this call.
  Overload 1 of 2, '(props: TextProps): Text', gave the following error.
    Type '{ children: string; className: string; }' is not assignable to type 'IntrinsicAttributes & IntrinsicClassAttributes<Text> & Readonly<TextProps>'.
      Property 'className' does not exist on type 'IntrinsicAttributes & IntrinsicClassAttributes<Text> & Readonly<TextProps>'.
  Overload 2 of 2, '(props: TextProps, context: any): Text', gave the following error.
    Type '{ children: string; className: string; }' is not assignable to type 'IntrinsicAttributes & IntrinsicClassAttributes<Text> & Readonly<TextProps>'.
      Property 'className' does not exist on type 'IntrinsicAttributes & IntrinsicClassAttributes<Text> & Readonly<TextProps>'.
app/(tabs)/orders.tsx(72,25): error TS2769: No overload matches this call.
  Overload 1 of 2, '(props: TextProps): Text', gave the following error.
    Type '{ children: string; className: string; }' is not assignable to type 'IntrinsicAttributes & IntrinsicClassAttributes<Text> & Readonly<TextProps>'.
      Property 'className' does not exist on type 'IntrinsicAttributes & IntrinsicClassAttributes<Text> & Readonly<TextProps>'.
  Overload 2 of 2, '(props: TextProps, context: any): Text', gave the following error.
    Type '{ children: string; className: string; }' is not assignable to type 'IntrinsicAttributes & IntrinsicClassAttributes<Text> & Readonly<TextProps>'.
      Property 'className' does not exist on type 'IntrinsicAttributes & IntrinsicClassAttributes<Text> & Readonly<TextProps>'.
app/(tabs)/orders.tsx(75,20): error TS2769: No overload matches this call.
  Overload 1 of 2, '(props: ViewProps): View', gave the following error.
    Type '{ children: Element; className: string; style: { borderColor: string; backgroundColor: string; }; }' is not assignable to type 'IntrinsicAttributes & IntrinsicClassAttributes<View> & Readonly<ViewProps>'.
      Property 'className' does not exist on type 'IntrinsicAttributes & IntrinsicClassAttributes<View> & Readonly<ViewProps>'.
  Overload 2 of 2, '(props: ViewProps, context: any): View', gave the following error.
    Type '{ children: Element; className: string; style: { borderColor: string; backgroundColor: string; }; }' is not assignable to type 'IntrinsicAttributes & IntrinsicClassAttributes<View> & Readonly<ViewProps>'.
      Property 'className' does not exist on type 'IntrinsicAttributes & IntrinsicClassAttributes<View> & Readonly<ViewProps>'.
app/(tabs)/orders.tsx(79,21): error TS2769: No overload matches this call.
  Overload 1 of 2, '(props: TextProps): Text', gave the following error.
    Type '{ children: "pending" | "accepted" | "preparing" | "ready" | "cancelled"; className: string; style: { color: string; }; }' is not assignable to type 'IntrinsicAttributes & IntrinsicClassAttributes<Text> & Readonly<TextProps>'.
      Property 'className' does not exist on type 'IntrinsicAttributes & IntrinsicClassAttributes<Text> & Readonly<TextProps>'.
  Overload 2 of 2, '(props: TextProps, context: any): Text', gave the following error.
    Type '{ children: "pending" | "accepted" | "preparing" | "ready" | "cancelled"; className: string; style: { color: string; }; }' is not assignable to type 'IntrinsicAttributes & IntrinsicClassAttributes<Text> & Readonly<TextProps>'.
      Property 'className' does not exist on type 'IntrinsicAttributes & IntrinsicClassAttributes<Text> & Readonly<TextProps>'.
app/(tabs)/orders.tsx(87,21): error TS2769: No overload matches this call.
  Overload 1 of 2, '(props: ViewProps): View', gave the following error.
    Type '{ children: Element[]; className: string; }' is not assignable to type 'IntrinsicAttributes & IntrinsicClassAttributes<View> & Readonly<ViewProps>'.
      Property 'className' does not exist on type 'IntrinsicAttributes & IntrinsicClassAttributes<View> & Readonly<ViewProps>'.
  Overload 2 of 2, '(props: ViewProps, context: any): View', gave the following error.
    Type '{ children: Element[]; className: string; }' is not assignable to type 'IntrinsicAttributes & IntrinsicClassAttributes<View> & Readonly<ViewProps>'.
      Property 'className' does not exist on type 'IntrinsicAttributes & IntrinsicClassAttributes<View> & Readonly<ViewProps>'.
app/(tabs)/orders.tsx(89,35): error TS2769: No overload matches this call.
  Overload 1 of 2, '(props: ViewProps): View', gave the following error.
    Type '{ children: Element[]; key: number; className: string; }' is not assignable to type 'IntrinsicAttributes & IntrinsicClassAttributes<View> & Readonly<ViewProps>'.
      Property 'className' does not exist on type 'IntrinsicAttributes & IntrinsicClassAttributes<View> & Readonly<ViewProps>'.
  Overload 2 of 2, '(props: ViewProps, context: any): View', gave the following error.
    Type '{ children: Element[]; key: number; className: string; }' is not assignable to type 'IntrinsicAttributes & IntrinsicClassAttributes<View> & Readonly<ViewProps>'.
      Property 'className' does not exist on type 'IntrinsicAttributes & IntrinsicClassAttributes<View> & Readonly<ViewProps>'.
app/(tabs)/orders.tsx(90,27): error TS2769: No overload matches this call.
  Overload 1 of 2, '(props: ViewProps): View', gave the following error.
    Type '{ children: Element[]; className: string; }' is not assignable to type 'IntrinsicAttributes & IntrinsicClassAttributes<View> & Readonly<ViewProps>'.
      Property 'className' does not exist on type 'IntrinsicAttributes & IntrinsicClassAttributes<View> & Readonly<ViewProps>'.
  Overload 2 of 2, '(props: ViewProps, context: any): View', gave the following error.
    Type '{ children: Element[]; className: string; }' is not assignable to type 'IntrinsicAttributes & IntrinsicClassAttributes<View> & Readonly<ViewProps>'.
      Property 'className' does not exist on type 'IntrinsicAttributes & IntrinsicClassAttributes<View> & Readonly<ViewProps>'.
app/(tabs)/orders.tsx(91,31): error TS2769: No overload matches this call.
  Overload 1 of 2, '(props: ViewProps): View', gave the following error.
    Type '{ children: Element; className: string; }' is not assignable to type 'IntrinsicAttributes & IntrinsicClassAttributes<View> & Readonly<ViewProps>'.
      Property 'className' does not exist on type 'IntrinsicAttributes & IntrinsicClassAttributes<View> & Readonly<ViewProps>'.
  Overload 2 of 2, '(props: ViewProps, context: any): View', gave the following error.
    Type '{ children: Element; className: string; }' is not assignable to type 'IntrinsicAttributes & IntrinsicClassAttributes<View> & Readonly<ViewProps>'.
      Property 'className' does not exist on type 'IntrinsicAttributes & IntrinsicClassAttributes<View> & Readonly<ViewProps>'.
app/(tabs)/orders.tsx(92,36): error TS2769: No overload matches this call.
  Overload 1 of 2, '(props: TextProps): Text', gave the following error.
    Type '{ children: any[]; className: string; }' is not assignable to type 'IntrinsicAttributes & IntrinsicClassAttributes<Text> & Readonly<TextProps>'.
      Property 'className' does not exist on type 'IntrinsicAttributes & IntrinsicClassAttributes<Text> & Readonly<TextProps>'.
  Overload 2 of 2, '(props: TextProps, context: any): Text', gave the following error.
    Type '{ children: any[]; className: string; }' is not assignable to type 'IntrinsicAttributes & IntrinsicClassAttributes<Text> & Readonly<TextProps>'.
      Property 'className' does not exist on type 'IntrinsicAttributes & IntrinsicClassAttributes<Text> & Readonly<TextProps>'.
app/(tabs)/orders.tsx(94,31): error TS2769: No overload matches this call.
  Overload 1 of 2, '(props: TextProps): Text', gave the following error.
    Type '{ children: any; className: string; numberOfLines: number; }' is not assignable to type 'IntrinsicAttributes & IntrinsicClassAttributes<Text> & Readonly<TextProps>'.
      Property 'className' does not exist on type 'IntrinsicAttributes & IntrinsicClassAttributes<Text> & Readonly<TextProps>'.
  Overload 2 of 2, '(props: TextProps, context: any): Text', gave the following error.
    Type '{ children: any; className: string; numberOfLines: number; }' is not assignable to type 'IntrinsicAttributes & IntrinsicClassAttributes<Text> & Readonly<TextProps>'.
      Property 'className' does not exist on type 'IntrinsicAttributes & IntrinsicClassAttributes<Text> & Readonly<TextProps>'.
app/(tabs)/orders.tsx(96,27): error TS2769: No overload matches this call.
  Overload 1 of 2, '(props: TextProps): Text', gave the following error.
    Type '{ children: (string | number)[]; className: string; }' is not assignable to type 'IntrinsicAttributes & IntrinsicClassAttributes<Text> & Readonly<TextProps>'.
      Property 'className' does not exist on type 'IntrinsicAttributes & IntrinsicClassAttributes<Text> & Readonly<TextProps>'.
  Overload 2 of 2, '(props: TextProps, context: any): Text', gave the following error.
    Type '{ children: (string | number)[]; className: string; }' is not assignable to type 'IntrinsicAttributes & IntrinsicClassAttributes<Text> & Readonly<TextProps>'.
      Property 'className' does not exist on type 'IntrinsicAttributes & IntrinsicClassAttributes<Text> & Readonly<TextProps>'.
app/(tabs)/orders.tsx(101,21): error TS2769: No overload matches this call.
  Overload 1 of 2, '(props: ViewProps): View', gave the following error.
    Type '{ children: Element[]; className: string; }' is not assignable to type 'IntrinsicAttributes & IntrinsicClassAttributes<View> & Readonly<ViewProps>'.
      Property 'className' does not exist on type 'IntrinsicAttributes & IntrinsicClassAttributes<View> & Readonly<ViewProps>'.
  Overload 2 of 2, '(props: ViewProps, context: any): View', gave the following error.
    Type '{ children: Element[]; className: string; }' is not assignable to type 'IntrinsicAttributes & IntrinsicClassAttributes<View> & Readonly<ViewProps>'.
      Property 'className' does not exist on type 'IntrinsicAttributes & IntrinsicClassAttributes<View> & Readonly<ViewProps>'.
app/(tabs)/orders.tsx(102,23): error TS2769: No overload matches this call.
  Overload 1 of 2, '(props: ViewProps): View', gave the following error.
    Type '{ children: Element[]; className: string; }' is not assignable to type 'IntrinsicAttributes & IntrinsicClassAttributes<View> & Readonly<ViewProps>'.
      Property 'className' does not exist on type 'IntrinsicAttributes & IntrinsicClassAttributes<View> & Readonly<ViewProps>'.
  Overload 2 of 2, '(props: ViewProps, context: any): View', gave the following error.
    Type '{ children: Element[]; className: string; }' is not assignable to type 'IntrinsicAttributes & IntrinsicClassAttributes<View> & Readonly<ViewProps>'.
      Property 'className' does not exist on type 'IntrinsicAttributes & IntrinsicClassAttributes<View> & Readonly<ViewProps>'.
app/(tabs)/orders.tsx(103,25): error TS2769: No overload matches this call.
  Overload 1 of 2, '(props: ViewProps): View', gave the following error.
    Type '{ children: Element; className: string; }' is not assignable to type 'IntrinsicAttributes & IntrinsicClassAttributes<View> & Readonly<ViewProps>'.
      Property 'className' does not exist on type 'IntrinsicAttributes & IntrinsicClassAttributes<View> & Readonly<ViewProps>'.
  Overload 2 of 2, '(props: ViewProps, context: any): View', gave the following error.
    Type '{ children: Element; className: string; }' is not assignable to type 'IntrinsicAttributes & IntrinsicClassAttributes<View> & Readonly<ViewProps>'.
      Property 'className' does not exist on type 'IntrinsicAttributes & IntrinsicClassAttributes<View> & Readonly<ViewProps>'.
app/(tabs)/orders.tsx(106,25): error TS2769: No overload matches this call.
  Overload 1 of 2, '(props: TextProps): Text', gave the following error.
    Type '{ children: string; className: string; }' is not assignable to type 'IntrinsicAttributes & IntrinsicClassAttributes<Text> & Readonly<TextProps>'.
      Property 'className' does not exist on type 'IntrinsicAttributes & IntrinsicClassAttributes<Text> & Readonly<TextProps>'.
  Overload 2 of 2, '(props: TextProps, context: any): Text', gave the following error.
    Type '{ children: string; className: string; }' is not assignable to type 'IntrinsicAttributes & IntrinsicClassAttributes<Text> & Readonly<TextProps>'.
      Property 'className' does not exist on type 'IntrinsicAttributes & IntrinsicClassAttributes<Text> & Readonly<TextProps>'.
app/(tabs)/orders.tsx(110,23): error TS2769: No overload matches this call.
  Overload 1 of 2, '(props: ViewProps): View', gave the following error.
    Type '{ children: Element[]; className: string; }' is not assignable to type 'IntrinsicAttributes & IntrinsicClassAttributes<View> & Readonly<ViewProps>'.
      Property 'className' does not exist on type 'IntrinsicAttributes & IntrinsicClassAttributes<View> & Readonly<ViewProps>'.
  Overload 2 of 2, '(props: ViewProps, context: any): View', gave the following error.
    Type '{ children: Element[]; className: string; }' is not assignable to type 'IntrinsicAttributes & IntrinsicClassAttributes<View> & Readonly<ViewProps>'.
      Property 'className' does not exist on type 'IntrinsicAttributes & IntrinsicClassAttributes<View> & Readonly<ViewProps>'.
app/(tabs)/orders.tsx(111,27): error TS2769: No overload matches this call.
  Overload 1 of 2, '(props: TextProps): Text', gave the following error.
    Type '{ children: string; className: string; }' is not assignable to type 'IntrinsicAttributes & IntrinsicClassAttributes<Text> & Readonly<TextProps>'.
      Property 'className' does not exist on type 'IntrinsicAttributes & IntrinsicClassAttributes<Text> & Readonly<TextProps>'.
  Overload 2 of 2, '(props: TextProps, context: any): Text', gave the following error.
    Type '{ children: string; className: string; }' is not assignable to type 'IntrinsicAttributes & IntrinsicClassAttributes<Text> & Readonly<TextProps>'.
      Property 'className' does not exist on type 'IntrinsicAttributes & IntrinsicClassAttributes<Text> & Readonly<TextProps>'.
app/(tabs)/orders.tsx(112,27): error TS2769: No overload matches this call.
  Overload 1 of 2, '(props: TextProps): Text', gave the following error.
    Type '{ children: (string | number)[]; className: string; }' is not assignable to type 'IntrinsicAttributes & IntrinsicClassAttributes<Text> & Readonly<TextProps>'.
      Property 'className' does not exist on type 'IntrinsicAttributes & IntrinsicClassAttributes<Text> & Readonly<TextProps>'.
  Overload 2 of 2, '(props: TextProps, context: any): Text', gave the following error.
    Type '{ children: (string | number)[]; className: string; }' is not assignable to type 'IntrinsicAttributes & IntrinsicClassAttributes<Text> & Readonly<TextProps>'.
      Property 'className' does not exist on type 'IntrinsicAttributes & IntrinsicClassAttributes<Text> & Readonly<TextProps>'.
app/(tabs)/orders.tsx(119,19): error TS2769: No overload matches this call.
  Overload 1 of 2, '(props: ViewProps): View', gave the following error.
    Type '{ children: Element[]; className: string; }' is not assignable to type 'IntrinsicAttributes & IntrinsicClassAttributes<View> & Readonly<ViewProps>'.
      Property 'className' does not exist on type 'IntrinsicAttributes & IntrinsicClassAttributes<View> & Readonly<ViewProps>'.
  Overload 2 of 2, '(props: ViewProps, context: any): View', gave the following error.
    Type '{ children: Element[]; className: string; }' is not assignable to type 'IntrinsicAttributes & IntrinsicClassAttributes<View> & Readonly<ViewProps>'.
      Property 'className' does not exist on type 'IntrinsicAttributes & IntrinsicClassAttributes<View> & Readonly<ViewProps>'.
app/(tabs)/orders.tsx(121,21): error TS2769: No overload matches this call.
  Overload 1 of 2, '(props: TextProps): Text', gave the following error.
    Type '{ children: string; className: string; }' is not assignable to type 'IntrinsicAttributes & IntrinsicClassAttributes<Text> & Readonly<TextProps>'.
      Property 'className' does not exist on type 'IntrinsicAttributes & IntrinsicClassAttributes<Text> & Readonly<TextProps>'.
  Overload 2 of 2, '(props: TextProps, context: any): Text', gave the following error.
    Type '{ children: string; className: string; }' is not assignable to type 'IntrinsicAttributes & IntrinsicClassAttributes<Text> & Readonly<TextProps>'.
      Property 'className' does not exist on type 'IntrinsicAttributes & IntrinsicClassAttributes<Text> & Readonly<TextProps>'.
app/(tabs)/profile.tsx(36,17): error TS2769: No overload matches this call.
  Overload 1 of 2, '(props: ScrollViewProps): ScrollView', gave the following error.
    Type '{ children: Element[]; className: string; }' is not assignable to type 'IntrinsicAttributes & IntrinsicClassAttributes<ScrollView> & Readonly<ScrollViewProps>'.
      Property 'className' does not exist on type 'IntrinsicAttributes & IntrinsicClassAttributes<ScrollView> & Readonly<ScrollViewProps>'.
  Overload 2 of 2, '(props: ScrollViewProps, context: any): ScrollView', gave the following error.
    Type '{ children: Element[]; className: string; }' is not assignable to type 'IntrinsicAttributes & IntrinsicClassAttributes<ScrollView> & Readonly<ScrollViewProps>'.
      Property 'className' does not exist on type 'IntrinsicAttributes & IntrinsicClassAttributes<ScrollView> & Readonly<ScrollViewProps>'.
app/(tabs)/profile.tsx(37,13): error TS2769: No overload matches this call.
  Overload 1 of 2, '(props: ViewProps): View', gave the following error.
    Type '{ children: Element[]; className: string; }' is not assignable to type 'IntrinsicAttributes & IntrinsicClassAttributes<View> & Readonly<ViewProps>'.
      Property 'className' does not exist on type 'IntrinsicAttributes & IntrinsicClassAttributes<View> & Readonly<ViewProps>'.
  Overload 2 of 2, '(props: ViewProps, context: any): View', gave the following error.
    Type '{ children: Element[]; className: string; }' is not assignable to type 'IntrinsicAttributes & IntrinsicClassAttributes<View> & Readonly<ViewProps>'.
      Property 'className' does not exist on type 'IntrinsicAttributes & IntrinsicClassAttributes<View> & Readonly<ViewProps>'.
app/(tabs)/profile.tsx(38,15): error TS2769: No overload matches this call.
  Overload 1 of 2, '(props: ViewProps): View', gave the following error.
    Type '{ children: Element[]; className: string; }' is not assignable to type 'IntrinsicAttributes & IntrinsicClassAttributes<View> & Readonly<ViewProps>'.
      Property 'className' does not exist on type 'IntrinsicAttributes & IntrinsicClassAttributes<View> & Readonly<ViewProps>'.
  Overload 2 of 2, '(props: ViewProps, context: any): View', gave the following error.
    Type '{ children: Element[]; className: string; }' is not assignable to type 'IntrinsicAttributes & IntrinsicClassAttributes<View> & Readonly<ViewProps>'.
      Property 'className' does not exist on type 'IntrinsicAttributes & IntrinsicClassAttributes<View> & Readonly<ViewProps>'.
app/(tabs)/profile.tsx(39,18): error TS2769: No overload matches this call.
  Overload 1 of 2, '(props: ViewProps): View', gave the following error.
    Type '{ className: string; }' is not assignable to type 'IntrinsicAttributes & IntrinsicClassAttributes<View> & Readonly<ViewProps>'.
      Property 'className' does not exist on type 'IntrinsicAttributes & IntrinsicClassAttributes<View> & Readonly<ViewProps>'.
  Overload 2 of 2, '(props: ViewProps, context: any): View', gave the following error.
    Type '{ className: string; }' is not assignable to type 'IntrinsicAttributes & IntrinsicClassAttributes<View> & Readonly<ViewProps>'.
      Property 'className' does not exist on type 'IntrinsicAttributes & IntrinsicClassAttributes<View> & Readonly<ViewProps>'.
app/(tabs)/profile.tsx(42,15): error TS2769: No overload matches this call.
  Overload 1 of 2, '(props: TextProps): Text', gave the following error.
    Type '{ children: string | undefined; className: string; }' is not assignable to type 'IntrinsicAttributes & IntrinsicClassAttributes<Text> & Readonly<TextProps>'.
      Property 'className' does not exist on type 'IntrinsicAttributes & IntrinsicClassAttributes<Text> & Readonly<TextProps>'.
  Overload 2 of 2, '(props: TextProps, context: any): Text', gave the following error.
    Type '{ children: string | undefined; className: string; }' is not assignable to type 'IntrinsicAttributes & IntrinsicClassAttributes<Text> & Readonly<TextProps>'.
      Property 'className' does not exist on type 'IntrinsicAttributes & IntrinsicClassAttributes<Text> & Readonly<TextProps>'.
app/(tabs)/profile.tsx(43,15): error TS2769: No overload matches this call.
  Overload 1 of 2, '(props: ViewProps): View', gave the following error.
    Type '{ children: Element[]; className: string; }' is not assignable to type 'IntrinsicAttributes & IntrinsicClassAttributes<View> & Readonly<ViewProps>'.
      Property 'className' does not exist on type 'IntrinsicAttributes & IntrinsicClassAttributes<View> & Readonly<ViewProps>'.
  Overload 2 of 2, '(props: ViewProps, context: any): View', gave the following error.
    Type '{ children: Element[]; className: string; }' is not assignable to type 'IntrinsicAttributes & IntrinsicClassAttributes<View> & Readonly<ViewProps>'.
      Property 'className' does not exist on type 'IntrinsicAttributes & IntrinsicClassAttributes<View> & Readonly<ViewProps>'.
app/(tabs)/profile.tsx(45,17): error TS2769: No overload matches this call.
  Overload 1 of 2, '(props: TextProps): Text', gave the following error.
    Type '{ children: string; className: string; }' is not assignable to type 'IntrinsicAttributes & IntrinsicClassAttributes<Text> & Readonly<TextProps>'.
      Property 'className' does not exist on type 'IntrinsicAttributes & IntrinsicClassAttributes<Text> & Readonly<TextProps>'.
  Overload 2 of 2, '(props: TextProps, context: any): Text', gave the following error.
    Type '{ children: string; className: string; }' is not assignable to type 'IntrinsicAttributes & IntrinsicClassAttributes<Text> & Readonly<TextProps>'.
      Property 'className' does not exist on type 'IntrinsicAttributes & IntrinsicClassAttributes<Text> & Readonly<TextProps>'.
app/(tabs)/profile.tsx(49,13): error TS2769: No overload matches this call.
  Overload 1 of 2, '(props: ViewProps): View', gave the following error.
    Type '{ children: (false | Element)[]; className: string; }' is not assignable to type 'IntrinsicAttributes & IntrinsicClassAttributes<View> & Readonly<ViewProps>'.
      Property 'className' does not exist on type 'IntrinsicAttributes & IntrinsicClassAttributes<View> & Readonly<ViewProps>'.
  Overload 2 of 2, '(props: ViewProps, context: any): View', gave the following error.
    Type '{ children: (false | Element)[]; className: string; }' is not assignable to type 'IntrinsicAttributes & IntrinsicClassAttributes<View> & Readonly<ViewProps>'.
      Property 'className' does not exist on type 'IntrinsicAttributes & IntrinsicClassAttributes<View> & Readonly<ViewProps>'.
app/(tabs)/profile.tsx(53,13): error TS2769: No overload matches this call.
  Overload 1 of 2, '(props: TouchableOpacityProps): TouchableOpacity', gave the following error.
    Type '{ children: Element[]; onPress: () => void; className: string; }' is not assignable to type 'IntrinsicAttributes & IntrinsicClassAttributes<TouchableOpacity> & Readonly<TouchableOpacityProps>'.
      Property 'className' does not exist on type 'IntrinsicAttributes & IntrinsicClassAttributes<TouchableOpacity> & Readonly<TouchableOpacityProps>'.
  Overload 2 of 2, '(props: TouchableOpacityProps, context: any): TouchableOpacity', gave the following error.
    Type '{ children: Element[]; onPress: () => void; className: string; }' is not assignable to type 'IntrinsicAttributes & IntrinsicClassAttributes<TouchableOpacity> & Readonly<TouchableOpacityProps>'.
      Property 'className' does not exist on type 'IntrinsicAttributes & IntrinsicClassAttributes<TouchableOpacity> & Readonly<TouchableOpacityProps>'.
app/(tabs)/profile.tsx(55,19): error TS2769: No overload matches this call.
  Overload 1 of 2, '(props: ViewProps): View', gave the following error.
    Type '{ children: Element[]; className: string; }' is not assignable to type 'IntrinsicAttributes & IntrinsicClassAttributes<View> & Readonly<ViewProps>'.
      Property 'className' does not exist on type 'IntrinsicAttributes & IntrinsicClassAttributes<View> & Readonly<ViewProps>'.
  Overload 2 of 2, '(props: ViewProps, context: any): View', gave the following error.
    Type '{ children: Element[]; className: string; }' is not assignable to type 'IntrinsicAttributes & IntrinsicClassAttributes<View> & Readonly<ViewProps>'.
      Property 'className' does not exist on type 'IntrinsicAttributes & IntrinsicClassAttributes<View> & Readonly<ViewProps>'.
app/(tabs)/profile.tsx(56,21): error TS2769: No overload matches this call.
  Overload 1 of 2, '(props: ViewProps): View', gave the following error.
    Type '{ children: Element; className: string; }' is not assignable to type 'IntrinsicAttributes & IntrinsicClassAttributes<View> & Readonly<ViewProps>'.
      Property 'className' does not exist on type 'IntrinsicAttributes & IntrinsicClassAttributes<View> & Readonly<ViewProps>'.
  Overload 2 of 2, '(props: ViewProps, context: any): View', gave the following error.
    Type '{ children: Element; className: string; }' is not assignable to type 'IntrinsicAttributes & IntrinsicClassAttributes<View> & Readonly<ViewProps>'.
      Property 'className' does not exist on type 'IntrinsicAttributes & IntrinsicClassAttributes<View> & Readonly<ViewProps>'.
app/(tabs)/profile.tsx(59,21): error TS2769: No overload matches this call.
  Overload 1 of 2, '(props: TextProps): Text', gave the following error.
    Type '{ children: string; className: string; }' is not assignable to type 'IntrinsicAttributes & IntrinsicClassAttributes<Text> & Readonly<TextProps>'.
      Property 'className' does not exist on type 'IntrinsicAttributes & IntrinsicClassAttributes<Text> & Readonly<TextProps>'.
  Overload 2 of 2, '(props: TextProps, context: any): Text', gave the following error.
    Type '{ children: string; className: string; }' is not assignable to type 'IntrinsicAttributes & IntrinsicClassAttributes<Text> & Readonly<TextProps>'.
      Property 'className' does not exist on type 'IntrinsicAttributes & IntrinsicClassAttributes<Text> & Readonly<TextProps>'.
app/(tabs)/profile.tsx(65,27): error TS2769: No overload matches this call.
  Overload 1 of 2, '(props: TouchableOpacityProps): TouchableOpacity', gave the following error.
    Type '{ children: Element; className: string; }' is not assignable to type 'IntrinsicAttributes & IntrinsicClassAttributes<TouchableOpacity> & Readonly<TouchableOpacityProps>'.
      Property 'className' does not exist on type 'IntrinsicAttributes & IntrinsicClassAttributes<TouchableOpacity> & Readonly<TouchableOpacityProps>'.
  Overload 2 of 2, '(props: TouchableOpacityProps, context: any): TouchableOpacity', gave the following error.
    Type '{ children: Element; className: string; }' is not assignable to type 'IntrinsicAttributes & IntrinsicClassAttributes<TouchableOpacity> & Readonly<TouchableOpacityProps>'.
      Property 'className' does not exist on type 'IntrinsicAttributes & IntrinsicClassAttributes<TouchableOpacity> & Readonly<TouchableOpacityProps>'.
app/(tabs)/profile.tsx(66,17): error TS2769: No overload matches this call.
  Overload 1 of 2, '(props: ViewProps): View', gave the following error.
    Type '{ children: Element[]; className: string; }' is not assignable to type 'IntrinsicAttributes & IntrinsicClassAttributes<View> & Readonly<ViewProps>'.
      Property 'className' does not exist on type 'IntrinsicAttributes & IntrinsicClassAttributes<View> & Readonly<ViewProps>'.
  Overload 2 of 2, '(props: ViewProps, context: any): View', gave the following error.
    Type '{ children: Element[]; className: string; }' is not assignable to type 'IntrinsicAttributes & IntrinsicClassAttributes<View> & Readonly<ViewProps>'.
      Property 'className' does not exist on type 'IntrinsicAttributes & IntrinsicClassAttributes<View> & Readonly<ViewProps>'.
app/(tabs)/profile.tsx(67,19): error TS2769: No overload matches this call.
  Overload 1 of 2, '(props: ViewProps): View', gave the following error.
    Type '{ children: Element; className: string; }' is not assignable to type 'IntrinsicAttributes & IntrinsicClassAttributes<View> & Readonly<ViewProps>'.
      Property 'className' does not exist on type 'IntrinsicAttributes & IntrinsicClassAttributes<View> & Readonly<ViewProps>'.
  Overload 2 of 2, '(props: ViewProps, context: any): View', gave the following error.
    Type '{ children: Element; className: string; }' is not assignable to type 'IntrinsicAttributes & IntrinsicClassAttributes<View> & Readonly<ViewProps>'.
      Property 'className' does not exist on type 'IntrinsicAttributes & IntrinsicClassAttributes<View> & Readonly<ViewProps>'.
app/(tabs)/profile.tsx(71,21): error TS2769: No overload matches this call.
  Overload 1 of 2, '(props: TextProps): Text', gave the following error.
    Type '{ children: string; className: string; }' is not assignable to type 'IntrinsicAttributes & IntrinsicClassAttributes<Text> & Readonly<TextProps>'.
      Property 'className' does not exist on type 'IntrinsicAttributes & IntrinsicClassAttributes<Text> & Readonly<TextProps>'.
  Overload 2 of 2, '(props: TextProps, context: any): Text', gave the following error.
    Type '{ children: string; className: string; }' is not assignable to type 'IntrinsicAttributes & IntrinsicClassAttributes<Text> & Readonly<TextProps>'.
      Property 'className' does not exist on type 'IntrinsicAttributes & IntrinsicClassAttributes<Text> & Readonly<TextProps>'.
app/(tabs)/profile.tsx(72,21): error TS2769: No overload matches this call.
  Overload 1 of 2, '(props: TextProps): Text', gave the following error.
    Type '{ children: string | undefined; className: string; }' is not assignable to type 'IntrinsicAttributes & IntrinsicClassAttributes<Text> & Readonly<TextProps>'.
      Property 'className' does not exist on type 'IntrinsicAttributes & IntrinsicClassAttributes<Text> & Readonly<TextProps>'.
  Overload 2 of 2, '(props: TextProps, context: any): Text', gave the following error.
    Type '{ children: string | undefined; className: string; }' is not assignable to type 'IntrinsicAttributes & IntrinsicClassAttributes<Text> & Readonly<TextProps>'.
      Property 'className' does not exist on type 'IntrinsicAttributes & IntrinsicClassAttributes<Text> & Readonly<TextProps>'.
app/(tabs)/profile.tsx(77,27): error TS2769: No overload matches this call.
  Overload 1 of 2, '(props: TouchableOpacityProps): TouchableOpacity', gave the following error.
    Type '{ children: Element[]; className: string; }' is not assignable to type 'IntrinsicAttributes & IntrinsicClassAttributes<TouchableOpacity> & Readonly<TouchableOpacityProps>'.
      Property 'className' does not exist on type 'IntrinsicAttributes & IntrinsicClassAttributes<TouchableOpacity> & Readonly<TouchableOpacityProps>'.
  Overload 2 of 2, '(props: TouchableOpacityProps, context: any): TouchableOpacity', gave the following error.
    Type '{ children: Element[]; className: string; }' is not assignable to type 'IntrinsicAttributes & IntrinsicClassAttributes<TouchableOpacity> & Readonly<TouchableOpacityProps>'.
      Property 'className' does not exist on type 'IntrinsicAttributes & IntrinsicClassAttributes<TouchableOpacity> & Readonly<TouchableOpacityProps>'.
app/(tabs)/profile.tsx(78,17): error TS2769: No overload matches this call.
  Overload 1 of 2, '(props: ViewProps): View', gave the following error.
    Type '{ children: Element[]; className: string; }' is not assignable to type 'IntrinsicAttributes & IntrinsicClassAttributes<View> & Readonly<ViewProps>'.
      Property 'className' does not exist on type 'IntrinsicAttributes & IntrinsicClassAttributes<View> & Readonly<ViewProps>'.
  Overload 2 of 2, '(props: ViewProps, context: any): View', gave the following error.
    Type '{ children: Element[]; className: string; }' is not assignable to type 'IntrinsicAttributes & IntrinsicClassAttributes<View> & Readonly<ViewProps>'.
      Property 'className' does not exist on type 'IntrinsicAttributes & IntrinsicClassAttributes<View> & Readonly<ViewProps>'.
app/(tabs)/profile.tsx(79,19): error TS2769: No overload matches this call.
  Overload 1 of 2, '(props: ViewProps): View', gave the following error.
    Type '{ children: Element; className: string; }' is not assignable to type 'IntrinsicAttributes & IntrinsicClassAttributes<View> & Readonly<ViewProps>'.
      Property 'className' does not exist on type 'IntrinsicAttributes & IntrinsicClassAttributes<View> & Readonly<ViewProps>'.
  Overload 2 of 2, '(props: ViewProps, context: any): View', gave the following error.
    Type '{ children: Element; className: string; }' is not assignable to type 'IntrinsicAttributes & IntrinsicClassAttributes<View> & Readonly<ViewProps>'.
      Property 'className' does not exist on type 'IntrinsicAttributes & IntrinsicClassAttributes<View> & Readonly<ViewProps>'.
app/(tabs)/profile.tsx(82,19): error TS2769: No overload matches this call.
  Overload 1 of 2, '(props: TextProps): Text', gave the following error.
    Type '{ children: string; className: string; }' is not assignable to type 'IntrinsicAttributes & IntrinsicClassAttributes<Text> & Readonly<TextProps>'.
      Property 'className' does not exist on type 'IntrinsicAttributes & IntrinsicClassAttributes<Text> & Readonly<TextProps>'.
  Overload 2 of 2, '(props: TextProps, context: any): Text', gave the following error.
    Type '{ children: string; className: string; }' is not assignable to type 'IntrinsicAttributes & IntrinsicClassAttributes<Text> & Readonly<TextProps>'.
      Property 'className' does not exist on type 'IntrinsicAttributes & IntrinsicClassAttributes<Text> & Readonly<TextProps>'.
app/(tabs)/profile.tsx(89,11): error TS2769: No overload matches this call.
  Overload 1 of 2, '(props: TouchableOpacityProps): TouchableOpacity', gave the following error.
    Type '{ children: Element[]; onPress: () => void; className: string; }' is not assignable to type 'IntrinsicAttributes & IntrinsicClassAttributes<TouchableOpacity> & Readonly<TouchableOpacityProps>'.
      Property 'className' does not exist on type 'IntrinsicAttributes & IntrinsicClassAttributes<TouchableOpacity> & Readonly<TouchableOpacityProps>'.
  Overload 2 of 2, '(props: TouchableOpacityProps, context: any): TouchableOpacity', gave the following error.
    Type '{ children: Element[]; onPress: () => void; className: string; }' is not assignable to type 'IntrinsicAttributes & IntrinsicClassAttributes<TouchableOpacity> & Readonly<TouchableOpacityProps>'.
      Property 'className' does not exist on type 'IntrinsicAttributes & IntrinsicClassAttributes<TouchableOpacity> & Readonly<TouchableOpacityProps>'.
app/(tabs)/profile.tsx(91,17): error TS2769: No overload matches this call.
  Overload 1 of 2, '(props: ViewProps): View', gave the following error.
    Type '{ children: Element[]; className: string; }' is not assignable to type 'IntrinsicAttributes & IntrinsicClassAttributes<View> & Readonly<ViewProps>'.
      Property 'className' does not exist on type 'IntrinsicAttributes & IntrinsicClassAttributes<View> & Readonly<ViewProps>'.
  Overload 2 of 2, '(props: ViewProps, context: any): View', gave the following error.
    Type '{ children: Element[]; className: string; }' is not assignable to type 'IntrinsicAttributes & IntrinsicClassAttributes<View> & Readonly<ViewProps>'.
      Property 'className' does not exist on type 'IntrinsicAttributes & IntrinsicClassAttributes<View> & Readonly<ViewProps>'.
app/(tabs)/profile.tsx(92,19): error TS2769: No overload matches this call.
  Overload 1 of 2, '(props: ViewProps): View', gave the following error.
    Type '{ children: Element; className: string; }' is not assignable to type 'IntrinsicAttributes & IntrinsicClassAttributes<View> & Readonly<ViewProps>'.
      Property 'className' does not exist on type 'IntrinsicAttributes & IntrinsicClassAttributes<View> & Readonly<ViewProps>'.
  Overload 2 of 2, '(props: ViewProps, context: any): View', gave the following error.
    Type '{ children: Element; className: string; }' is not assignable to type 'IntrinsicAttributes & IntrinsicClassAttributes<View> & Readonly<ViewProps>'.
      Property 'className' does not exist on type 'IntrinsicAttributes & IntrinsicClassAttributes<View> & Readonly<ViewProps>'.
app/(tabs)/profile.tsx(95,19): error TS2769: No overload matches this call.
  Overload 1 of 2, '(props: TextProps): Text', gave the following error.
    Type '{ children: string; className: string; }' is not assignable to type 'IntrinsicAttributes & IntrinsicClassAttributes<Text> & Readonly<TextProps>'.
      Property 'className' does not exist on type 'IntrinsicAttributes & IntrinsicClassAttributes<Text> & Readonly<TextProps>'.
  Overload 2 of 2, '(props: TextProps, context: any): Text', gave the following error.
    Type '{ children: string; className: string; }' is not assignable to type 'IntrinsicAttributes & IntrinsicClassAttributes<Text> & Readonly<TextProps>'.
      Property 'className' does not exist on type 'IntrinsicAttributes & IntrinsicClassAttributes<Text> & Readonly<TextProps>'.
app/(tabs)/profile.tsx(102,11): error TS2769: No overload matches this call.
  Overload 1 of 2, '(props: TouchableOpacityProps): TouchableOpacity', gave the following error.
    Type '{ children: Element; onPress: () => Promise<void>; className: string; }' is not assignable to type 'IntrinsicAttributes & IntrinsicClassAttributes<TouchableOpacity> & Readonly<TouchableOpacityProps>'.
      Property 'className' does not exist on type 'IntrinsicAttributes & IntrinsicClassAttributes<TouchableOpacity> & Readonly<TouchableOpacityProps>'.
  Overload 2 of 2, '(props: TouchableOpacityProps, context: any): TouchableOpacity', gave the following error.
    Type '{ children: Element; onPress: () => Promise<void>; className: string; }' is not assignable to type 'IntrinsicAttributes & IntrinsicClassAttributes<TouchableOpacity> & Readonly<TouchableOpacityProps>'.
      Property 'className' does not exist on type 'IntrinsicAttributes & IntrinsicClassAttributes<TouchableOpacity> & Readonly<TouchableOpacityProps>'.
app/(tabs)/profile.tsx(104,17): error TS2769: No overload matches this call.
  Overload 1 of 2, '(props: ViewProps): View', gave the following error.
    Type '{ children: Element[]; className: string; }' is not assignable to type 'IntrinsicAttributes & IntrinsicClassAttributes<View> & Readonly<ViewProps>'.
      Property 'className' does not exist on type 'IntrinsicAttributes & IntrinsicClassAttributes<View> & Readonly<ViewProps>'.
  Overload 2 of 2, '(props: ViewProps, context: any): View', gave the following error.
    Type '{ children: Element[]; className: string; }' is not assignable to type 'IntrinsicAttributes & IntrinsicClassAttributes<View> & Readonly<ViewProps>'.
      Property 'className' does not exist on type 'IntrinsicAttributes & IntrinsicClassAttributes<View> & Readonly<ViewProps>'.
app/(tabs)/profile.tsx(105,19): error TS2769: No overload matches this call.
  Overload 1 of 2, '(props: ViewProps): View', gave the following error.
    Type '{ children: Element; className: string; }' is not assignable to type 'IntrinsicAttributes & IntrinsicClassAttributes<View> & Readonly<ViewProps>'.
      Property 'className' does not exist on type 'IntrinsicAttributes & IntrinsicClassAttributes<View> & Readonly<ViewProps>'.
  Overload 2 of 2, '(props: ViewProps, context: any): View', gave the following error.
    Type '{ children: Element; className: string; }' is not assignable to type 'IntrinsicAttributes & IntrinsicClassAttributes<View> & Readonly<ViewProps>'.
      Property 'className' does not exist on type 'IntrinsicAttributes & IntrinsicClassAttributes<View> & Readonly<ViewProps>'.
app/(tabs)/profile.tsx(108,19): error TS2769: No overload matches this call.
  Overload 1 of 2, '(props: TextProps): Text', gave the following error.
    Type '{ children: string; className: string; }' is not assignable to type 'IntrinsicAttributes & IntrinsicClassAttributes<Text> & Readonly<TextProps>'.
      Property 'className' does not exist on type 'IntrinsicAttributes & IntrinsicClassAttributes<Text> & Readonly<TextProps>'.
  Overload 2 of 2, '(props: TextProps, context: any): Text', gave the following error.
    Type '{ children: string; className: string; }' is not assignable to type 'IntrinsicAttributes & IntrinsicClassAttributes<Text> & Readonly<TextProps>'.
      Property 'className' does not exist on type 'IntrinsicAttributes & IntrinsicClassAttributes<Text> & Readonly<TextProps>'.
app/(tabs)/profile.tsx(113,13): error TS2769: No overload matches this call.
  Overload 1 of 2, '(props: ViewProps): View', gave the following error.
    Type '{ className: string; }' is not assignable to type 'IntrinsicAttributes & IntrinsicClassAttributes<View> & Readonly<ViewProps>'.
      Property 'className' does not exist on type 'IntrinsicAttributes & IntrinsicClassAttributes<View> & Readonly<ViewProps>'.
  Overload 2 of 2, '(props: ViewProps, context: any): View', gave the following error.
    Type '{ className: string; }' is not assignable to type 'IntrinsicAttributes & IntrinsicClassAttributes<View> & Readonly<ViewProps>'.
      Property 'className' does not exist on type 'IntrinsicAttributes & IntrinsicClassAttributes<View> & Readonly<ViewProps>'.
app/_layout.tsx(22,56): error TS2367: This comparison appears to be unintentional because the types '"" | "profile" | "(admin)" | "kitchen" | "manage" | "(superadmin)" | "cafeterias" | "users" | "(tabs)" | "orders" | "_sitemap" | "cart" | "login" | "verify"' and '"index"' have no overlap.
app/cart.tsx(32,17): error TS2769: No overload matches this call.
  Overload 1 of 2, '(props: ScrollViewProps): ScrollView', gave the following error.
    Type '{ children: Element[]; className: string; }' is not assignable to type 'IntrinsicAttributes & IntrinsicClassAttributes<ScrollView> & Readonly<ScrollViewProps>'.
      Property 'className' does not exist on type 'IntrinsicAttributes & IntrinsicClassAttributes<ScrollView> & Readonly<ScrollViewProps>'.
  Overload 2 of 2, '(props: ScrollViewProps, context: any): ScrollView', gave the following error.
    Type '{ children: Element[]; className: string; }' is not assignable to type 'IntrinsicAttributes & IntrinsicClassAttributes<ScrollView> & Readonly<ScrollViewProps>'.
      Property 'className' does not exist on type 'IntrinsicAttributes & IntrinsicClassAttributes<ScrollView> & Readonly<ScrollViewProps>'.
app/cart.tsx(35,9): error TS2769: No overload matches this call.
  Overload 1 of 2, '(props: TouchableOpacityProps): TouchableOpacity', gave the following error.
    Type '{ children: Element; onPress: () => void; className: string; }' is not assignable to type 'IntrinsicAttributes & IntrinsicClassAttributes<TouchableOpacity> & Readonly<TouchableOpacityProps>'.
      Property 'className' does not exist on type 'IntrinsicAttributes & IntrinsicClassAttributes<TouchableOpacity> & Readonly<TouchableOpacityProps>'.
  Overload 2 of 2, '(props: TouchableOpacityProps, context: any): TouchableOpacity', gave the following error.
    Type '{ children: Element; onPress: () => void; className: string; }' is not assignable to type 'IntrinsicAttributes & IntrinsicClassAttributes<TouchableOpacity> & Readonly<TouchableOpacityProps>'.
      Property 'className' does not exist on type 'IntrinsicAttributes & IntrinsicClassAttributes<TouchableOpacity> & Readonly<TouchableOpacityProps>'.
app/cart.tsx(40,13): error TS2769: No overload matches this call.
  Overload 1 of 2, '(props: ViewProps): View', gave the following error.
    Type '{ children: Element[]; className: string; }' is not assignable to type 'IntrinsicAttributes & IntrinsicClassAttributes<View> & Readonly<ViewProps>'.
      Property 'className' does not exist on type 'IntrinsicAttributes & IntrinsicClassAttributes<View> & Readonly<ViewProps>'.
  Overload 2 of 2, '(props: ViewProps, context: any): View', gave the following error.
    Type '{ children: Element[]; className: string; }' is not assignable to type 'IntrinsicAttributes & IntrinsicClassAttributes<View> & Readonly<ViewProps>'.
      Property 'className' does not exist on type 'IntrinsicAttributes & IntrinsicClassAttributes<View> & Readonly<ViewProps>'.
app/cart.tsx(41,15): error TS2769: No overload matches this call.
  Overload 1 of 2, '(props: TextProps): Text', gave the following error.
    Type '{ children: string; className: string; }' is not assignable to type 'IntrinsicAttributes & IntrinsicClassAttributes<Text> & Readonly<TextProps>'.
      Property 'className' does not exist on type 'IntrinsicAttributes & IntrinsicClassAttributes<Text> & Readonly<TextProps>'.
  Overload 2 of 2, '(props: TextProps, context: any): Text', gave the following error.
    Type '{ children: string; className: string; }' is not assignable to type 'IntrinsicAttributes & IntrinsicClassAttributes<Text> & Readonly<TextProps>'.
      Property 'className' does not exist on type 'IntrinsicAttributes & IntrinsicClassAttributes<Text> & Readonly<TextProps>'.
app/cart.tsx(42,15): error TS2769: No overload matches this call.
  Overload 1 of 2, '(props: TextProps): Text', gave the following error.
    Type '{ children: string; className: string; }' is not assignable to type 'IntrinsicAttributes & IntrinsicClassAttributes<Text> & Readonly<TextProps>'.
      Property 'className' does not exist on type 'IntrinsicAttributes & IntrinsicClassAttributes<Text> & Readonly<TextProps>'.
  Overload 2 of 2, '(props: TextProps, context: any): Text', gave the following error.
    Type '{ children: string; className: string; }' is not assignable to type 'IntrinsicAttributes & IntrinsicClassAttributes<Text> & Readonly<TextProps>'.
      Property 'className' does not exist on type 'IntrinsicAttributes & IntrinsicClassAttributes<Text> & Readonly<TextProps>'.
app/cart.tsx(43,15): error TS2769: No overload matches this call.
  Overload 1 of 2, '(props: ViewProps): View', gave the following error.
    Type '{ className: string; }' is not assignable to type 'IntrinsicAttributes & IntrinsicClassAttributes<View> & Readonly<ViewProps>'.
      Property 'className' does not exist on type 'IntrinsicAttributes & IntrinsicClassAttributes<View> & Readonly<ViewProps>'.
  Overload 2 of 2, '(props: ViewProps, context: any): View', gave the following error.
    Type '{ className: string; }' is not assignable to type 'IntrinsicAttributes & IntrinsicClassAttributes<View> & Readonly<ViewProps>'.
      Property 'className' does not exist on type 'IntrinsicAttributes & IntrinsicClassAttributes<View> & Readonly<ViewProps>'.
app/cart.tsx(46,13): error TS2769: No overload matches this call.
  Overload 1 of 2, '(props: ViewProps): View', gave the following error.
    Type '{ children: Element[]; className: string; }' is not assignable to type 'IntrinsicAttributes & IntrinsicClassAttributes<View> & Readonly<ViewProps>'.
      Property 'className' does not exist on type 'IntrinsicAttributes & IntrinsicClassAttributes<View> & Readonly<ViewProps>'.
  Overload 2 of 2, '(props: ViewProps, context: any): View', gave the following error.
    Type '{ children: Element[]; className: string; }' is not assignable to type 'IntrinsicAttributes & IntrinsicClassAttributes<View> & Readonly<ViewProps>'.
      Property 'className' does not exist on type 'IntrinsicAttributes & IntrinsicClassAttributes<View> & Readonly<ViewProps>'.
app/cart.tsx(48,15): error TS2769: No overload matches this call.
  Overload 1 of 2, '(props: ViewProps): View', gave the following error.
    Type '{ children: Element[]; className: string; }' is not assignable to type 'IntrinsicAttributes & IntrinsicClassAttributes<View> & Readonly<ViewProps>'.
      Property 'className' does not exist on type 'IntrinsicAttributes & IntrinsicClassAttributes<View> & Readonly<ViewProps>'.
  Overload 2 of 2, '(props: ViewProps, context: any): View', gave the following error.
    Type '{ children: Element[]; className: string; }' is not assignable to type 'IntrinsicAttributes & IntrinsicClassAttributes<View> & Readonly<ViewProps>'.
      Property 'className' does not exist on type 'IntrinsicAttributes & IntrinsicClassAttributes<View> & Readonly<ViewProps>'.
app/cart.tsx(49,17): error TS2769: No overload matches this call.
  Overload 1 of 2, '(props: ViewProps): View', gave the following error.
    Type '{ children: Element[]; className: string; }' is not assignable to type 'IntrinsicAttributes & IntrinsicClassAttributes<View> & Readonly<ViewProps>'.
      Property 'className' does not exist on type 'IntrinsicAttributes & IntrinsicClassAttributes<View> & Readonly<ViewProps>'.
  Overload 2 of 2, '(props: ViewProps, context: any): View', gave the following error.
    Type '{ children: Element[]; className: string; }' is not assignable to type 'IntrinsicAttributes & IntrinsicClassAttributes<View> & Readonly<ViewProps>'.
      Property 'className' does not exist on type 'IntrinsicAttributes & IntrinsicClassAttributes<View> & Readonly<ViewProps>'.
app/cart.tsx(51,19): error TS2769: No overload matches this call.
  Overload 1 of 2, '(props: TextProps): Text', gave the following error.
    Type '{ children: string; className: string; }' is not assignable to type 'IntrinsicAttributes & IntrinsicClassAttributes<Text> & Readonly<TextProps>'.
      Property 'className' does not exist on type 'IntrinsicAttributes & IntrinsicClassAttributes<Text> & Readonly<TextProps>'.
  Overload 2 of 2, '(props: TextProps, context: any): Text', gave the following error.
    Type '{ children: string; className: string; }' is not assignable to type 'IntrinsicAttributes & IntrinsicClassAttributes<Text> & Readonly<TextProps>'.
      Property 'className' does not exist on type 'IntrinsicAttributes & IntrinsicClassAttributes<Text> & Readonly<TextProps>'.
app/cart.tsx(53,17): error TS2769: No overload matches this call.
  Overload 1 of 2, '(props: ViewProps): View', gave the following error.
    Type '{ children: Element; className: string; }' is not assignable to type 'IntrinsicAttributes & IntrinsicClassAttributes<View> & Readonly<ViewProps>'.
      Property 'className' does not exist on type 'IntrinsicAttributes & IntrinsicClassAttributes<View> & Readonly<ViewProps>'.
  Overload 2 of 2, '(props: ViewProps, context: any): View', gave the following error.
    Type '{ children: Element; className: string; }' is not assignable to type 'IntrinsicAttributes & IntrinsicClassAttributes<View> & Readonly<ViewProps>'.
      Property 'className' does not exist on type 'IntrinsicAttributes & IntrinsicClassAttributes<View> & Readonly<ViewProps>'.
app/cart.tsx(57,15): error TS2769: No overload matches this call.
  Overload 1 of 2, '(props: TextInputProps): TextInput', gave the following error.
    Type '{ placeholder: string; placeholderTextColor: string; className: string; value: string; onChangeText: Dispatch<SetStateAction<string>>; }' is not assignable to type 'IntrinsicAttributes & IntrinsicClassAttributes<TextInput> & Readonly<TextInputProps>'.
      Property 'className' does not exist on type 'IntrinsicAttributes & IntrinsicClassAttributes<TextInput> & Readonly<TextInputProps>'.
  Overload 2 of 2, '(props: TextInputProps, context: any): TextInput', gave the following error.
    Type '{ placeholder: string; placeholderTextColor: string; className: string; value: string; onChangeText: Dispatch<SetStateAction<string>>; }' is not assignable to type 'IntrinsicAttributes & IntrinsicClassAttributes<TextInput> & Readonly<TextInputProps>'.
      Property 'className' does not exist on type 'IntrinsicAttributes & IntrinsicClassAttributes<TextInput> & Readonly<TextInputProps>'.
app/cart.tsx(65,15): error TS2769: No overload matches this call.
  Overload 1 of 2, '(props: ViewProps): View', gave the following error.
    Type '{ children: Element[]; className: string; }' is not assignable to type 'IntrinsicAttributes & IntrinsicClassAttributes<View> & Readonly<ViewProps>'.
      Property 'className' does not exist on type 'IntrinsicAttributes & IntrinsicClassAttributes<View> & Readonly<ViewProps>'.
  Overload 2 of 2, '(props: ViewProps, context: any): View', gave the following error.
    Type '{ children: Element[]; className: string; }' is not assignable to type 'IntrinsicAttributes & IntrinsicClassAttributes<View> & Readonly<ViewProps>'.
      Property 'className' does not exist on type 'IntrinsicAttributes & IntrinsicClassAttributes<View> & Readonly<ViewProps>'.
app/cart.tsx(66,17): error TS2769: No overload matches this call.
  Overload 1 of 2, '(props: ViewProps): View', gave the following error.
    Type '{ className: string; }' is not assignable to type 'IntrinsicAttributes & IntrinsicClassAttributes<View> & Readonly<ViewProps>'.
      Property 'className' does not exist on type 'IntrinsicAttributes & IntrinsicClassAttributes<View> & Readonly<ViewProps>'.
  Overload 2 of 2, '(props: ViewProps, context: any): View', gave the following error.
    Type '{ className: string; }' is not assignable to type 'IntrinsicAttributes & IntrinsicClassAttributes<View> & Readonly<ViewProps>'.
      Property 'className' does not exist on type 'IntrinsicAttributes & IntrinsicClassAttributes<View> & Readonly<ViewProps>'.
app/cart.tsx(67,17): error TS2769: No overload matches this call.
  Overload 1 of 2, '(props: ViewProps): View', gave the following error.
    Type '{ children: Element[]; className: string; }' is not assignable to type 'IntrinsicAttributes & IntrinsicClassAttributes<View> & Readonly<ViewProps>'.
      Property 'className' does not exist on type 'IntrinsicAttributes & IntrinsicClassAttributes<View> & Readonly<ViewProps>'.
  Overload 2 of 2, '(props: ViewProps, context: any): View', gave the following error.
    Type '{ children: Element[]; className: string; }' is not assignable to type 'IntrinsicAttributes & IntrinsicClassAttributes<View> & Readonly<ViewProps>'.
      Property 'className' does not exist on type 'IntrinsicAttributes & IntrinsicClassAttributes<View> & Readonly<ViewProps>'.
app/cart.tsx(69,19): error TS2769: No overload matches this call.
  Overload 1 of 2, '(props: TextProps): Text', gave the following error.
    Type '{ children: string; className: string; }' is not assignable to type 'IntrinsicAttributes & IntrinsicClassAttributes<Text> & Readonly<TextProps>'.
      Property 'className' does not exist on type 'IntrinsicAttributes & IntrinsicClassAttributes<Text> & Readonly<TextProps>'.
  Overload 2 of 2, '(props: TextProps, context: any): Text', gave the following error.
    Type '{ children: string; className: string; }' is not assignable to type 'IntrinsicAttributes & IntrinsicClassAttributes<Text> & Readonly<TextProps>'.
      Property 'className' does not exist on type 'IntrinsicAttributes & IntrinsicClassAttributes<Text> & Readonly<TextProps>'.
app/cart.tsx(72,17): error TS2769: No overload matches this call.
  Overload 1 of 2, '(props: TextProps): Text', gave the following error.
    Type '{ children: string; className: string; }' is not assignable to type 'IntrinsicAttributes & IntrinsicClassAttributes<Text> & Readonly<TextProps>'.
      Property 'className' does not exist on type 'IntrinsicAttributes & IntrinsicClassAttributes<Text> & Readonly<TextProps>'.
  Overload 2 of 2, '(props: TextProps, context: any): Text', gave the following error.
    Type '{ children: string; className: string; }' is not assignable to type 'IntrinsicAttributes & IntrinsicClassAttributes<Text> & Readonly<TextProps>'.
      Property 'className' does not exist on type 'IntrinsicAttributes & IntrinsicClassAttributes<Text> & Readonly<TextProps>'.
app/cart.tsx(77,13): error TS2769: No overload matches this call.
  Overload 1 of 2, '(props: TouchableOpacityProps): TouchableOpacity', gave the following error.
    Type '{ children: Element[]; className: string; activeOpacity: number; }' is not assignable to type 'IntrinsicAttributes & IntrinsicClassAttributes<TouchableOpacity> & Readonly<TouchableOpacityProps>'.
      Property 'className' does not exist on type 'IntrinsicAttributes & IntrinsicClassAttributes<TouchableOpacity> & Readonly<TouchableOpacityProps>'.
  Overload 2 of 2, '(props: TouchableOpacityProps, context: any): TouchableOpacity', gave the following error.
    Type '{ children: Element[]; className: string; activeOpacity: number; }' is not assignable to type 'IntrinsicAttributes & IntrinsicClassAttributes<TouchableOpacity> & Readonly<TouchableOpacityProps>'.
      Property 'className' does not exist on type 'IntrinsicAttributes & IntrinsicClassAttributes<TouchableOpacity> & Readonly<TouchableOpacityProps>'.
app/cart.tsx(81,19): error TS2769: No overload matches this call.
  Overload 1 of 2, '(props: TextProps): Text', gave the following error.
    Type '{ children: string; className: string; }' is not assignable to type 'IntrinsicAttributes & IntrinsicClassAttributes<Text> & Readonly<TextProps>'.
      Property 'className' does not exist on type 'IntrinsicAttributes & IntrinsicClassAttributes<Text> & Readonly<TextProps>'.
  Overload 2 of 2, '(props: TextProps, context: any): Text', gave the following error.
    Type '{ children: string; className: string; }' is not assignable to type 'IntrinsicAttributes & IntrinsicClassAttributes<Text> & Readonly<TextProps>'.
      Property 'className' does not exist on type 'IntrinsicAttributes & IntrinsicClassAttributes<Text> & Readonly<TextProps>'.
app/cart.tsx(88,11): error TS2769: No overload matches this call.
  Overload 1 of 2, '(props: TouchableOpacityProps): TouchableOpacity', gave the following error.
    Type '{ children: Element; className: string; activeOpacity: number; onPress: () => Promise<void>; disabled: boolean; }' is not assignable to type 'IntrinsicAttributes & IntrinsicClassAttributes<TouchableOpacity> & Readonly<TouchableOpacityProps>'.
      Property 'className' does not exist on type 'IntrinsicAttributes & IntrinsicClassAttributes<TouchableOpacity> & Readonly<TouchableOpacityProps>'.
  Overload 2 of 2, '(props: TouchableOpacityProps, context: any): TouchableOpacity', gave the following error.
    Type '{ children: Element; className: string; activeOpacity: number; onPress: () => Promise<void>; disabled: boolean; }' is not assignable to type 'IntrinsicAttributes & IntrinsicClassAttributes<TouchableOpacity> & Readonly<TouchableOpacityProps>'.
      Property 'className' does not exist on type 'IntrinsicAttributes & IntrinsicClassAttributes<TouchableOpacity> & Readonly<TouchableOpacityProps>'.
app/cart.tsx(94,46): error TS2322: Type '{ size: number; color: string; className: string; }' is not assignable to type 'IntrinsicAttributes & LucideProps'.
  Property 'className' does not exist on type 'IntrinsicAttributes & LucideProps'.
app/cart.tsx(97,21): error TS2769: No overload matches this call.
  Overload 1 of 2, '(props: TextProps): Text', gave the following error.
    Type '{ children: string; className: string; }' is not assignable to type 'IntrinsicAttributes & IntrinsicClassAttributes<Text> & Readonly<TextProps>'.
      Property 'className' does not exist on type 'IntrinsicAttributes & IntrinsicClassAttributes<Text> & Readonly<TextProps>'.
  Overload 2 of 2, '(props: TextProps, context: any): Text', gave the following error.
    Type '{ children: string; className: string; }' is not assignable to type 'IntrinsicAttributes & IntrinsicClassAttributes<Text> & Readonly<TextProps>'.
      Property 'className' does not exist on type 'IntrinsicAttributes & IntrinsicClassAttributes<Text> & Readonly<TextProps>'.
app/cart.tsx(104,13): error TS2769: No overload matches this call.
  Overload 1 of 2, '(props: ViewProps): View', gave the following error.
    Type '{ className: string; }' is not assignable to type 'IntrinsicAttributes & IntrinsicClassAttributes<View> & Readonly<ViewProps>'.
      Property 'className' does not exist on type 'IntrinsicAttributes & IntrinsicClassAttributes<View> & Readonly<ViewProps>'.
  Overload 2 of 2, '(props: ViewProps, context: any): View', gave the following error.
    Type '{ className: string; }' is not assignable to type 'IntrinsicAttributes & IntrinsicClassAttributes<View> & Readonly<ViewProps>'.
      Property 'className' does not exist on type 'IntrinsicAttributes & IntrinsicClassAttributes<View> & Readonly<ViewProps>'.
app/index.tsx(79,11): error TS2769: No overload matches this call.
  Overload 1 of 2, '(props: ViewProps): View', gave the following error.
    Type '{ children: Element; className: string; }' is not assignable to type 'IntrinsicAttributes & IntrinsicClassAttributes<View> & Readonly<ViewProps>'.
      Property 'className' does not exist on type 'IntrinsicAttributes & IntrinsicClassAttributes<View> & Readonly<ViewProps>'.
  Overload 2 of 2, '(props: ViewProps, context: any): View', gave the following error.
    Type '{ children: Element; className: string; }' is not assignable to type 'IntrinsicAttributes & IntrinsicClassAttributes<View> & Readonly<ViewProps>'.
      Property 'className' does not exist on type 'IntrinsicAttributes & IntrinsicClassAttributes<View> & Readonly<ViewProps>'.
app/index.tsx(84,27): error TS2769: No overload matches this call.
  Overload 1 of 2, '(props: ViewProps): View', gave the following error.
    Type '{ key: number; className: string; }' is not assignable to type 'IntrinsicAttributes & IntrinsicClassAttributes<View> & Readonly<ViewProps>'.
      Property 'className' does not exist on type 'IntrinsicAttributes & IntrinsicClassAttributes<View> & Readonly<ViewProps>'.
  Overload 2 of 2, '(props: ViewProps, context: any): View', gave the following error.
    Type '{ key: number; className: string; }' is not assignable to type 'IntrinsicAttributes & IntrinsicClassAttributes<View> & Readonly<ViewProps>'.
      Property 'className' does not exist on type 'IntrinsicAttributes & IntrinsicClassAttributes<View> & Readonly<ViewProps>'.
app/index.tsx(89,15): error TS2769: No overload matches this call.
  Overload 1 of 2, '(props: ViewProps): View', gave the following error.
    Type '{ children: Element[]; className: string; }' is not assignable to type 'IntrinsicAttributes & IntrinsicClassAttributes<View> & Readonly<ViewProps>'.
      Property 'className' does not exist on type 'IntrinsicAttributes & IntrinsicClassAttributes<View> & Readonly<ViewProps>'.
  Overload 2 of 2, '(props: ViewProps, context: any): View', gave the following error.
    Type '{ children: Element[]; className: string; }' is not assignable to type 'IntrinsicAttributes & IntrinsicClassAttributes<View> & Readonly<ViewProps>'.
      Property 'className' does not exist on type 'IntrinsicAttributes & IntrinsicClassAttributes<View> & Readonly<ViewProps>'.
app/index.tsx(90,17): error TS2769: No overload matches this call.
  Overload 1 of 2, '(props: ViewProps): View', gave the following error.
    Type '{ className: string; }' is not assignable to type 'IntrinsicAttributes & IntrinsicClassAttributes<View> & Readonly<ViewProps>'.
      Property 'className' does not exist on type 'IntrinsicAttributes & IntrinsicClassAttributes<View> & Readonly<ViewProps>'.
  Overload 2 of 2, '(props: ViewProps, context: any): View', gave the following error.
    Type '{ className: string; }' is not assignable to type 'IntrinsicAttributes & IntrinsicClassAttributes<View> & Readonly<ViewProps>'.
      Property 'className' does not exist on type 'IntrinsicAttributes & IntrinsicClassAttributes<View> & Readonly<ViewProps>'.
app/index.tsx(91,17): error TS2769: No overload matches this call.
  Overload 1 of 2, '(props: ViewProps): View', gave the following error.
    Type '{ className: string; }' is not assignable to type 'IntrinsicAttributes & IntrinsicClassAttributes<View> & Readonly<ViewProps>'.
      Property 'className' does not exist on type 'IntrinsicAttributes & IntrinsicClassAttributes<View> & Readonly<ViewProps>'.
  Overload 2 of 2, '(props: ViewProps, context: any): View', gave the following error.
    Type '{ className: string; }' is not assignable to type 'IntrinsicAttributes & IntrinsicClassAttributes<View> & Readonly<ViewProps>'.
      Property 'className' does not exist on type 'IntrinsicAttributes & IntrinsicClassAttributes<View> & Readonly<ViewProps>'.
app/index.tsx(114,17): error TS2769: No overload matches this call.
  Overload 1 of 2, '(props: ScrollViewProps): ScrollView', gave the following error.
    Type '{ children: Element[]; className: string; }' is not assignable to type 'IntrinsicAttributes & IntrinsicClassAttributes<ScrollView> & Readonly<ScrollViewProps>'.
      Property 'className' does not exist on type 'IntrinsicAttributes & IntrinsicClassAttributes<ScrollView> & Readonly<ScrollViewProps>'.
  Overload 2 of 2, '(props: ScrollViewProps, context: any): ScrollView', gave the following error.
    Type '{ children: Element[]; className: string; }' is not assignable to type 'IntrinsicAttributes & IntrinsicClassAttributes<ScrollView> & Readonly<ScrollViewProps>'.
      Property 'className' does not exist on type 'IntrinsicAttributes & IntrinsicClassAttributes<ScrollView> & Readonly<ScrollViewProps>'.
app/index.tsx(115,13): error TS2769: No overload matches this call.
  Overload 1 of 2, '(props: ViewProps): View', gave the following error.
    Type '{ children: Element[]; className: string; }' is not assignable to type 'IntrinsicAttributes & IntrinsicClassAttributes<View> & Readonly<ViewProps>'.
      Property 'className' does not exist on type 'IntrinsicAttributes & IntrinsicClassAttributes<View> & Readonly<ViewProps>'.
  Overload 2 of 2, '(props: ViewProps, context: any): View', gave the following error.
    Type '{ children: Element[]; className: string; }' is not assignable to type 'IntrinsicAttributes & IntrinsicClassAttributes<View> & Readonly<ViewProps>'.
      Property 'className' does not exist on type 'IntrinsicAttributes & IntrinsicClassAttributes<View> & Readonly<ViewProps>'.
app/index.tsx(116,15): error TS2769: No overload matches this call.
  Overload 1 of 2, '(props: ViewProps): View', gave the following error.
    Type '{ children: Element; className: string; }' is not assignable to type 'IntrinsicAttributes & IntrinsicClassAttributes<View> & Readonly<ViewProps>'.
      Property 'className' does not exist on type 'IntrinsicAttributes & IntrinsicClassAttributes<View> & Readonly<ViewProps>'.
  Overload 2 of 2, '(props: ViewProps, context: any): View', gave the following error.
    Type '{ children: Element; className: string; }' is not assignable to type 'IntrinsicAttributes & IntrinsicClassAttributes<View> & Readonly<ViewProps>'.
      Property 'className' does not exist on type 'IntrinsicAttributes & IntrinsicClassAttributes<View> & Readonly<ViewProps>'.
app/index.tsx(119,15): error TS2769: No overload matches this call.
  Overload 1 of 2, '(props: TextProps): Text', gave the following error.
    Type '{ children: string; className: string; }' is not assignable to type 'IntrinsicAttributes & IntrinsicClassAttributes<Text> & Readonly<TextProps>'.
      Property 'className' does not exist on type 'IntrinsicAttributes & IntrinsicClassAttributes<Text> & Readonly<TextProps>'.
  Overload 2 of 2, '(props: TextProps, context: any): Text', gave the following error.
    Type '{ children: string; className: string; }' is not assignable to type 'IntrinsicAttributes & IntrinsicClassAttributes<Text> & Readonly<TextProps>'.
      Property 'className' does not exist on type 'IntrinsicAttributes & IntrinsicClassAttributes<Text> & Readonly<TextProps>'.
app/index.tsx(120,15): error TS2769: No overload matches this call.
  Overload 1 of 2, '(props: ViewProps): View', gave the following error.
    Type '{ className: string; }' is not assignable to type 'IntrinsicAttributes & IntrinsicClassAttributes<View> & Readonly<ViewProps>'.
      Property 'className' does not exist on type 'IntrinsicAttributes & IntrinsicClassAttributes<View> & Readonly<ViewProps>'.
  Overload 2 of 2, '(props: ViewProps, context: any): View', gave the following error.
    Type '{ className: string; }' is not assignable to type 'IntrinsicAttributes & IntrinsicClassAttributes<View> & Readonly<ViewProps>'.
      Property 'className' does not exist on type 'IntrinsicAttributes & IntrinsicClassAttributes<View> & Readonly<ViewProps>'.
app/index.tsx(121,15): error TS2769: No overload matches this call.
  Overload 1 of 2, '(props: TextProps): Text', gave the following error.
    Type '{ children: string; className: string; }' is not assignable to type 'IntrinsicAttributes & IntrinsicClassAttributes<Text> & Readonly<TextProps>'.
      Property 'className' does not exist on type 'IntrinsicAttributes & IntrinsicClassAttributes<Text> & Readonly<TextProps>'.
  Overload 2 of 2, '(props: TextProps, context: any): Text', gave the following error.
    Type '{ children: string; className: string; }' is not assignable to type 'IntrinsicAttributes & IntrinsicClassAttributes<Text> & Readonly<TextProps>'.
      Property 'className' does not exist on type 'IntrinsicAttributes & IntrinsicClassAttributes<Text> & Readonly<TextProps>'.
app/index.tsx(126,13): error TS2769: No overload matches this call.
  Overload 1 of 2, '(props: ViewProps): View', gave the following error.
    Type '{ children: Element[]; className: string; }' is not assignable to type 'IntrinsicAttributes & IntrinsicClassAttributes<View> & Readonly<ViewProps>'.
      Property 'className' does not exist on type 'IntrinsicAttributes & IntrinsicClassAttributes<View> & Readonly<ViewProps>'.
  Overload 2 of 2, '(props: ViewProps, context: any): View', gave the following error.
    Type '{ children: Element[]; className: string; }' is not assignable to type 'IntrinsicAttributes & IntrinsicClassAttributes<View> & Readonly<ViewProps>'.
      Property 'className' does not exist on type 'IntrinsicAttributes & IntrinsicClassAttributes<View> & Readonly<ViewProps>'.
app/index.tsx(130,11): error TS2769: No overload matches this call.
  Overload 1 of 2, '(props: TouchableOpacityProps): TouchableOpacity', gave the following error.
    Type '{ children: Element[]; onPress: () => void; className: string; activeOpacity: number; }' is not assignable to type 'IntrinsicAttributes & IntrinsicClassAttributes<TouchableOpacity> & Readonly<TouchableOpacityProps>'.
      Property 'className' does not exist on type 'IntrinsicAttributes & IntrinsicClassAttributes<TouchableOpacity> & Readonly<TouchableOpacityProps>'.
  Overload 2 of 2, '(props: TouchableOpacityProps, context: any): TouchableOpacity', gave the following error.
    Type '{ children: Element[]; onPress: () => void; className: string; activeOpacity: number; }' is not assignable to type 'IntrinsicAttributes & IntrinsicClassAttributes<TouchableOpacity> & Readonly<TouchableOpacityProps>'.
      Property 'className' does not exist on type 'IntrinsicAttributes & IntrinsicClassAttributes<TouchableOpacity> & Readonly<TouchableOpacityProps>'.
app/index.tsx(133,17): error TS2769: No overload matches this call.
  Overload 1 of 2, '(props: ViewProps): View', gave the following error.
    Type '{ className: string; }' is not assignable to type 'IntrinsicAttributes & IntrinsicClassAttributes<View> & Readonly<ViewProps>'.
      Property 'className' does not exist on type 'IntrinsicAttributes & IntrinsicClassAttributes<View> & Readonly<ViewProps>'.
  Overload 2 of 2, '(props: ViewProps, context: any): View', gave the following error.
    Type '{ className: string; }' is not assignable to type 'IntrinsicAttributes & IntrinsicClassAttributes<View> & Readonly<ViewProps>'.
      Property 'className' does not exist on type 'IntrinsicAttributes & IntrinsicClassAttributes<View> & Readonly<ViewProps>'.
app/index.tsx(134,17): error TS2769: No overload matches this call.
  Overload 1 of 2, '(props: ViewProps): View', gave the following error.
    Type '{ className: string; }' is not assignable to type 'IntrinsicAttributes & IntrinsicClassAttributes<View> & Readonly<ViewProps>'.
      Property 'className' does not exist on type 'IntrinsicAttributes & IntrinsicClassAttributes<View> & Readonly<ViewProps>'.
  Overload 2 of 2, '(props: ViewProps, context: any): View', gave the following error.
    Type '{ className: string; }' is not assignable to type 'IntrinsicAttributes & IntrinsicClassAttributes<View> & Readonly<ViewProps>'.
      Property 'className' does not exist on type 'IntrinsicAttributes & IntrinsicClassAttributes<View> & Readonly<ViewProps>'.
app/index.tsx(136,17): error TS2769: No overload matches this call.
  Overload 1 of 2, '(props: ViewProps): View', gave the following error.
    Type '{ children: Element[]; className: string; }' is not assignable to type 'IntrinsicAttributes & IntrinsicClassAttributes<View> & Readonly<ViewProps>'.
      Property 'className' does not exist on type 'IntrinsicAttributes & IntrinsicClassAttributes<View> & Readonly<ViewProps>'.
  Overload 2 of 2, '(props: ViewProps, context: any): View', gave the following error.
    Type '{ children: Element[]; className: string; }' is not assignable to type 'IntrinsicAttributes & IntrinsicClassAttributes<View> & Readonly<ViewProps>'.
      Property 'className' does not exist on type 'IntrinsicAttributes & IntrinsicClassAttributes<View> & Readonly<ViewProps>'.
app/index.tsx(137,19): error TS2769: No overload matches this call.
  Overload 1 of 2, '(props: ViewProps): View', gave the following error.
    Type '{ children: Element; className: string; }' is not assignable to type 'IntrinsicAttributes & IntrinsicClassAttributes<View> & Readonly<ViewProps>'.
      Property 'className' does not exist on type 'IntrinsicAttributes & IntrinsicClassAttributes<View> & Readonly<ViewProps>'.
  Overload 2 of 2, '(props: ViewProps, context: any): View', gave the following error.
    Type '{ children: Element; className: string; }' is not assignable to type 'IntrinsicAttributes & IntrinsicClassAttributes<View> & Readonly<ViewProps>'.
      Property 'className' does not exist on type 'IntrinsicAttributes & IntrinsicClassAttributes<View> & Readonly<ViewProps>'.
app/index.tsx(140,19): error TS2769: No overload matches this call.
  Overload 1 of 2, '(props: ViewProps): View', gave the following error.
    Type '{ children: Element; className: string; }' is not assignable to type 'IntrinsicAttributes & IntrinsicClassAttributes<View> & Readonly<ViewProps>'.
      Property 'className' does not exist on type 'IntrinsicAttributes & IntrinsicClassAttributes<View> & Readonly<ViewProps>'.
  Overload 2 of 2, '(props: ViewProps, context: any): View', gave the following error.
    Type '{ children: Element; className: string; }' is not assignable to type 'IntrinsicAttributes & IntrinsicClassAttributes<View> & Readonly<ViewProps>'.
      Property 'className' does not exist on type 'IntrinsicAttributes & IntrinsicClassAttributes<View> & Readonly<ViewProps>'.
app/index.tsx(145,17): error TS2769: No overload matches this call.
  Overload 1 of 2, '(props: TextProps): Text', gave the following error.
    Type '{ children: string; className: string; }' is not assignable to type 'IntrinsicAttributes & IntrinsicClassAttributes<Text> & Readonly<TextProps>'.
      Property 'className' does not exist on type 'IntrinsicAttributes & IntrinsicClassAttributes<Text> & Readonly<TextProps>'.
  Overload 2 of 2, '(props: TextProps, context: any): Text', gave the following error.
    Type '{ children: string; className: string; }' is not assignable to type 'IntrinsicAttributes & IntrinsicClassAttributes<Text> & Readonly<TextProps>'.
      Property 'className' does not exist on type 'IntrinsicAttributes & IntrinsicClassAttributes<Text> & Readonly<TextProps>'.
app/index.tsx(146,17): error TS2769: No overload matches this call.
  Overload 1 of 2, '(props: TextProps): Text', gave the following error.
    Type '{ children: string; className: string; }' is not assignable to type 'IntrinsicAttributes & IntrinsicClassAttributes<Text> & Readonly<TextProps>'.
      Property 'className' does not exist on type 'IntrinsicAttributes & IntrinsicClassAttributes<Text> & Readonly<TextProps>'.
  Overload 2 of 2, '(props: TextProps, context: any): Text', gave the following error.
    Type '{ children: string; className: string; }' is not assignable to type 'IntrinsicAttributes & IntrinsicClassAttributes<Text> & Readonly<TextProps>'.
      Property 'className' does not exist on type 'IntrinsicAttributes & IntrinsicClassAttributes<Text> & Readonly<TextProps>'.
app/index.tsx(150,17): error TS2769: No overload matches this call.
  Overload 1 of 2, '(props: ViewProps): View', gave the following error.
    Type '{ children: Element[]; className: string; }' is not assignable to type 'IntrinsicAttributes & IntrinsicClassAttributes<View> & Readonly<ViewProps>'.
      Property 'className' does not exist on type 'IntrinsicAttributes & IntrinsicClassAttributes<View> & Readonly<ViewProps>'.
  Overload 2 of 2, '(props: ViewProps, context: any): View', gave the following error.
    Type '{ children: Element[]; className: string; }' is not assignable to type 'IntrinsicAttributes & IntrinsicClassAttributes<View> & Readonly<ViewProps>'.
      Property 'className' does not exist on type 'IntrinsicAttributes & IntrinsicClassAttributes<View> & Readonly<ViewProps>'.
app/index.tsx(151,19): error TS2769: No overload matches this call.
  Overload 1 of 2, '(props: ViewProps): View', gave the following error.
    Type '{ children: Element; className: string; }' is not assignable to type 'IntrinsicAttributes & IntrinsicClassAttributes<View> & Readonly<ViewProps>'.
      Property 'className' does not exist on type 'IntrinsicAttributes & IntrinsicClassAttributes<View> & Readonly<ViewProps>'.
  Overload 2 of 2, '(props: ViewProps, context: any): View', gave the following error.
    Type '{ children: Element; className: string; }' is not assignable to type 'IntrinsicAttributes & IntrinsicClassAttributes<View> & Readonly<ViewProps>'.
      Property 'className' does not exist on type 'IntrinsicAttributes & IntrinsicClassAttributes<View> & Readonly<ViewProps>'.
app/index.tsx(152,21): error TS2769: No overload matches this call.
  Overload 1 of 2, '(props: TextProps): Text', gave the following error.
    Type '{ children: string; className: string; }' is not assignable to type 'IntrinsicAttributes & IntrinsicClassAttributes<Text> & Readonly<TextProps>'.
      Property 'className' does not exist on type 'IntrinsicAttributes & IntrinsicClassAttributes<Text> & Readonly<TextProps>'.
  Overload 2 of 2, '(props: TextProps, context: any): Text', gave the following error.
    Type '{ children: string; className: string; }' is not assignable to type 'IntrinsicAttributes & IntrinsicClassAttributes<Text> & Readonly<TextProps>'.
      Property 'className' does not exist on type 'IntrinsicAttributes & IntrinsicClassAttributes<Text> & Readonly<TextProps>'.
app/index.tsx(154,31): error TS2769: No overload matches this call.
  Overload 1 of 2, '(props: TouchableOpacityProps): TouchableOpacity', gave the following error.
    Type '{ children: Element; className: string; }' is not assignable to type 'IntrinsicAttributes & IntrinsicClassAttributes<TouchableOpacity> & Readonly<TouchableOpacityProps>'.
      Property 'className' does not exist on type 'IntrinsicAttributes & IntrinsicClassAttributes<TouchableOpacity> & Readonly<TouchableOpacityProps>'.
  Overload 2 of 2, '(props: TouchableOpacityProps, context: any): TouchableOpacity', gave the following error.
    Type '{ children: Element; className: string; }' is not assignable to type 'IntrinsicAttributes & IntrinsicClassAttributes<TouchableOpacity> & Readonly<TouchableOpacityProps>'.
      Property 'className' does not exist on type 'IntrinsicAttributes & IntrinsicClassAttributes<TouchableOpacity> & Readonly<TouchableOpacityProps>'.
app/index.tsx(155,21): error TS2769: No overload matches this call.
  Overload 1 of 2, '(props: TextProps): Text', gave the following error.
    Type '{ children: string; className: string; }' is not assignable to type 'IntrinsicAttributes & IntrinsicClassAttributes<Text> & Readonly<TextProps>'.
      Property 'className' does not exist on type 'IntrinsicAttributes & IntrinsicClassAttributes<Text> & Readonly<TextProps>'.
  Overload 2 of 2, '(props: TextProps, context: any): Text', gave the following error.
    Type '{ children: string; className: string; }' is not assignable to type 'IntrinsicAttributes & IntrinsicClassAttributes<Text> & Readonly<TextProps>'.
      Property 'className' does not exist on type 'IntrinsicAttributes & IntrinsicClassAttributes<Text> & Readonly<TextProps>'.
app/index.tsx(163,11): error TS2769: No overload matches this call.
  Overload 1 of 2, '(props: TouchableOpacityProps): TouchableOpacity', gave the following error.
    Type '{ children: Element[]; onPress: () => void; className: string; activeOpacity: number; }' is not assignable to type 'IntrinsicAttributes & IntrinsicClassAttributes<TouchableOpacity> & Readonly<TouchableOpacityProps>'.
      Property 'className' does not exist on type 'IntrinsicAttributes & IntrinsicClassAttributes<TouchableOpacity> & Readonly<TouchableOpacityProps>'.
  Overload 2 of 2, '(props: TouchableOpacityProps, context: any): TouchableOpacity', gave the following error.
    Type '{ children: Element[]; onPress: () => void; className: string; activeOpacity: number; }' is not assignable to type 'IntrinsicAttributes & IntrinsicClassAttributes<TouchableOpacity> & Readonly<TouchableOpacityProps>'.
      Property 'className' does not exist on type 'IntrinsicAttributes & IntrinsicClassAttributes<TouchableOpacity> & Readonly<TouchableOpacityProps>'.
app/index.tsx(166,17): error TS2769: No overload matches this call.
  Overload 1 of 2, '(props: ViewProps): View', gave the following error.
    Type '{ className: string; }' is not assignable to type 'IntrinsicAttributes & IntrinsicClassAttributes<View> & Readonly<ViewProps>'.
      Property 'className' does not exist on type 'IntrinsicAttributes & IntrinsicClassAttributes<View> & Readonly<ViewProps>'.
  Overload 2 of 2, '(props: ViewProps, context: any): View', gave the following error.
    Type '{ className: string; }' is not assignable to type 'IntrinsicAttributes & IntrinsicClassAttributes<View> & Readonly<ViewProps>'.
      Property 'className' does not exist on type 'IntrinsicAttributes & IntrinsicClassAttributes<View> & Readonly<ViewProps>'.
app/index.tsx(167,17): error TS2769: No overload matches this call.
  Overload 1 of 2, '(props: ViewProps): View', gave the following error.
    Type '{ children: Element[]; className: string; }' is not assignable to type 'IntrinsicAttributes & IntrinsicClassAttributes<View> & Readonly<ViewProps>'.
      Property 'className' does not exist on type 'IntrinsicAttributes & IntrinsicClassAttributes<View> & Readonly<ViewProps>'.
  Overload 2 of 2, '(props: ViewProps, context: any): View', gave the following error.
    Type '{ children: Element[]; className: string; }' is not assignable to type 'IntrinsicAttributes & IntrinsicClassAttributes<View> & Readonly<ViewProps>'.
      Property 'className' does not exist on type 'IntrinsicAttributes & IntrinsicClassAttributes<View> & Readonly<ViewProps>'.
app/index.tsx(168,19): error TS2769: No overload matches this call.
  Overload 1 of 2, '(props: ViewProps): View', gave the following error.
    Type '{ children: Element; className: string; }' is not assignable to type 'IntrinsicAttributes & IntrinsicClassAttributes<View> & Readonly<ViewProps>'.
      Property 'className' does not exist on type 'IntrinsicAttributes & IntrinsicClassAttributes<View> & Readonly<ViewProps>'.
  Overload 2 of 2, '(props: ViewProps, context: any): View', gave the following error.
    Type '{ children: Element; className: string; }' is not assignable to type 'IntrinsicAttributes & IntrinsicClassAttributes<View> & Readonly<ViewProps>'.
      Property 'className' does not exist on type 'IntrinsicAttributes & IntrinsicClassAttributes<View> & Readonly<ViewProps>'.
app/index.tsx(171,19): error TS2769: No overload matches this call.
  Overload 1 of 2, '(props: ViewProps): View', gave the following error.
    Type '{ children: Element; className: string; }' is not assignable to type 'IntrinsicAttributes & IntrinsicClassAttributes<View> & Readonly<ViewProps>'.
      Property 'className' does not exist on type 'IntrinsicAttributes & IntrinsicClassAttributes<View> & Readonly<ViewProps>'.
  Overload 2 of 2, '(props: ViewProps, context: any): View', gave the following error.
    Type '{ children: Element; className: string; }' is not assignable to type 'IntrinsicAttributes & IntrinsicClassAttributes<View> & Readonly<ViewProps>'.
      Property 'className' does not exist on type 'IntrinsicAttributes & IntrinsicClassAttributes<View> & Readonly<ViewProps>'.
app/index.tsx(176,17): error TS2769: No overload matches this call.
  Overload 1 of 2, '(props: TextProps): Text', gave the following error.
    Type '{ children: string; className: string; }' is not assignable to type 'IntrinsicAttributes & IntrinsicClassAttributes<Text> & Readonly<TextProps>'.
      Property 'className' does not exist on type 'IntrinsicAttributes & IntrinsicClassAttributes<Text> & Readonly<TextProps>'.
  Overload 2 of 2, '(props: TextProps, context: any): Text', gave the following error.
    Type '{ children: string; className: string; }' is not assignable to type 'IntrinsicAttributes & IntrinsicClassAttributes<Text> & Readonly<TextProps>'.
      Property 'className' does not exist on type 'IntrinsicAttributes & IntrinsicClassAttributes<Text> & Readonly<TextProps>'.
app/index.tsx(177,17): error TS2769: No overload matches this call.
  Overload 1 of 2, '(props: TextProps): Text', gave the following error.
    Type '{ children: string; className: string; }' is not assignable to type 'IntrinsicAttributes & IntrinsicClassAttributes<Text> & Readonly<TextProps>'.
      Property 'className' does not exist on type 'IntrinsicAttributes & IntrinsicClassAttributes<Text> & Readonly<TextProps>'.
  Overload 2 of 2, '(props: TextProps, context: any): Text', gave the following error.
    Type '{ children: string; className: string; }' is not assignable to type 'IntrinsicAttributes & IntrinsicClassAttributes<Text> & Readonly<TextProps>'.
      Property 'className' does not exist on type 'IntrinsicAttributes & IntrinsicClassAttributes<Text> & Readonly<TextProps>'.
app/index.tsx(181,17): error TS2769: No overload matches this call.
  Overload 1 of 2, '(props: ViewProps): View', gave the following error.
    Type '{ children: Element; className: string; }' is not assignable to type 'IntrinsicAttributes & IntrinsicClassAttributes<View> & Readonly<ViewProps>'.
      Property 'className' does not exist on type 'IntrinsicAttributes & IntrinsicClassAttributes<View> & Readonly<ViewProps>'.
  Overload 2 of 2, '(props: ViewProps, context: any): View', gave the following error.
    Type '{ children: Element; className: string; }' is not assignable to type 'IntrinsicAttributes & IntrinsicClassAttributes<View> & Readonly<ViewProps>'.
      Property 'className' does not exist on type 'IntrinsicAttributes & IntrinsicClassAttributes<View> & Readonly<ViewProps>'.
app/index.tsx(182,19): error TS2769: No overload matches this call.
  Overload 1 of 2, '(props: ViewProps): View', gave the following error.
    Type '{ children: Element; className: string; }' is not assignable to type 'IntrinsicAttributes & IntrinsicClassAttributes<View> & Readonly<ViewProps>'.
      Property 'className' does not exist on type 'IntrinsicAttributes & IntrinsicClassAttributes<View> & Readonly<ViewProps>'.
  Overload 2 of 2, '(props: ViewProps, context: any): View', gave the following error.
    Type '{ children: Element; className: string; }' is not assignable to type 'IntrinsicAttributes & IntrinsicClassAttributes<View> & Readonly<ViewProps>'.
      Property 'className' does not exist on type 'IntrinsicAttributes & IntrinsicClassAttributes<View> & Readonly<ViewProps>'.
app/index.tsx(183,21): error TS2769: No overload matches this call.
  Overload 1 of 2, '(props: TextProps): Text', gave the following error.
    Type '{ children: string; className: string; }' is not assignable to type 'IntrinsicAttributes & IntrinsicClassAttributes<Text> & Readonly<TextProps>'.
      Property 'className' does not exist on type 'IntrinsicAttributes & IntrinsicClassAttributes<Text> & Readonly<TextProps>'.
  Overload 2 of 2, '(props: TextProps, context: any): Text', gave the following error.
    Type '{ children: string; className: string; }' is not assignable to type 'IntrinsicAttributes & IntrinsicClassAttributes<Text> & Readonly<TextProps>'.
      Property 'className' does not exist on type 'IntrinsicAttributes & IntrinsicClassAttributes<Text> & Readonly<TextProps>'.
app/index.tsx(191,13): error TS2769: No overload matches this call.
  Overload 1 of 2, '(props: TouchableOpacityProps): TouchableOpacity', gave the following error.
    Type '{ children: Element[]; className: string; onPress: () => void; }' is not assignable to type 'IntrinsicAttributes & IntrinsicClassAttributes<TouchableOpacity> & Readonly<TouchableOpacityProps>'.
      Property 'className' does not exist on type 'IntrinsicAttributes & IntrinsicClassAttributes<TouchableOpacity> & Readonly<TouchableOpacityProps>'.
  Overload 2 of 2, '(props: TouchableOpacityProps, context: any): TouchableOpacity', gave the following error.
    Type '{ children: Element[]; className: string; onPress: () => void; }' is not assignable to type 'IntrinsicAttributes & IntrinsicClassAttributes<TouchableOpacity> & Readonly<TouchableOpacityProps>'.
      Property 'className' does not exist on type 'IntrinsicAttributes & IntrinsicClassAttributes<TouchableOpacity> & Readonly<TouchableOpacityProps>'.
app/index.tsx(195,19): error TS2769: No overload matches this call.
  Overload 1 of 2, '(props: TextProps): Text', gave the following error.
    Type '{ children: string; className: string; }' is not assignable to type 'IntrinsicAttributes & IntrinsicClassAttributes<Text> & Readonly<TextProps>'.
      Property 'className' does not exist on type 'IntrinsicAttributes & IntrinsicClassAttributes<Text> & Readonly<TextProps>'.
  Overload 2 of 2, '(props: TextProps, context: any): Text', gave the following error.
    Type '{ children: string; className: string; }' is not assignable to type 'IntrinsicAttributes & IntrinsicClassAttributes<Text> & Readonly<TextProps>'.
      Property 'className' does not exist on type 'IntrinsicAttributes & IntrinsicClassAttributes<Text> & Readonly<TextProps>'.
app/index.tsx(202,86): error TS2322: Type '{ children: Element; entering: SlideInRight; className: string; }' is not assignable to type 'IntrinsicAttributes & IntrinsicClassAttributes<Component<AnimateProps<ViewProps>, any, any>> & Readonly<...>'.
  Property 'className' does not exist on type 'IntrinsicAttributes & IntrinsicClassAttributes<Component<AnimateProps<ViewProps>, any, any>> & Readonly<...>'.
app/index.tsx(203,17): error TS2769: No overload matches this call.
  Overload 1 of 2, '(props: ViewProps): View', gave the following error.
    Type '{ children: Element[]; className: string; }' is not assignable to type 'IntrinsicAttributes & IntrinsicClassAttributes<View> & Readonly<ViewProps>'.
      Property 'className' does not exist on type 'IntrinsicAttributes & IntrinsicClassAttributes<View> & Readonly<ViewProps>'.
  Overload 2 of 2, '(props: ViewProps, context: any): View', gave the following error.
    Type '{ children: Element[]; className: string; }' is not assignable to type 'IntrinsicAttributes & IntrinsicClassAttributes<View> & Readonly<ViewProps>'.
      Property 'className' does not exist on type 'IntrinsicAttributes & IntrinsicClassAttributes<View> & Readonly<ViewProps>'.
app/index.tsx(204,19): error TS2769: No overload matches this call.
  Overload 1 of 2, '(props: ViewProps): View', gave the following error.
    Type '{ className: string; }' is not assignable to type 'IntrinsicAttributes & IntrinsicClassAttributes<View> & Readonly<ViewProps>'.
      Property 'className' does not exist on type 'IntrinsicAttributes & IntrinsicClassAttributes<View> & Readonly<ViewProps>'.
  Overload 2 of 2, '(props: ViewProps, context: any): View', gave the following error.
    Type '{ className: string; }' is not assignable to type 'IntrinsicAttributes & IntrinsicClassAttributes<View> & Readonly<ViewProps>'.
      Property 'className' does not exist on type 'IntrinsicAttributes & IntrinsicClassAttributes<View> & Readonly<ViewProps>'.
app/index.tsx(205,19): error TS2769: No overload matches this call.
  Overload 1 of 2, '(props: TextProps): Text', gave the following error.
    Type '{ children: string; className: string; }' is not assignable to type 'IntrinsicAttributes & IntrinsicClassAttributes<Text> & Readonly<TextProps>'.
      Property 'className' does not exist on type 'IntrinsicAttributes & IntrinsicClassAttributes<Text> & Readonly<TextProps>'.
  Overload 2 of 2, '(props: TextProps, context: any): Text', gave the following error.
    Type '{ children: string; className: string; }' is not assignable to type 'IntrinsicAttributes & IntrinsicClassAttributes<Text> & Readonly<TextProps>'.
      Property 'className' does not exist on type 'IntrinsicAttributes & IntrinsicClassAttributes<Text> & Readonly<TextProps>'.
